
Discarded input sections

 .note.GNU-stack
                0x0000000000000000        0x0 /usr/lib/gcc/x86_64-redhat-linux/4.8.5/../../../../lib64/crti.o
 .note.GNU-stack
                0x0000000000000000        0x0 /usr/lib/gcc/x86_64-redhat-linux/4.8.5/crtbeginS.o
 .group         0x0000000000000000        0x8 LINUX/depdom/AttrImpl.o
 .group         0x0000000000000000        0x8 LINUX/depdom/AttrImpl.o
 .group         0x0000000000000000        0x8 LINUX/depdom/AttrImpl.o
 .group         0x0000000000000000        0x8 LINUX/depdom/AttrImpl.o
 .group         0x0000000000000000        0x8 LINUX/depdom/AttrImpl.o
 .group         0x0000000000000000        0xc LINUX/depdom/AttrImpl.o
 .group         0x0000000000000000        0x8 LINUX/depdom/AttrImpl.o
 .group         0x0000000000000000        0x8 LINUX/depdom/AttrImpl.o
 .group         0x0000000000000000        0x8 LINUX/depdom/AttrImpl.o
 .group         0x0000000000000000        0x8 LINUX/depdom/AttrImpl.o
 .group         0x0000000000000000        0x8 LINUX/depdom/AttrImpl.o
 .group         0x0000000000000000        0x8 LINUX/depdom/AttrImpl.o
 .group         0x0000000000000000        0x8 LINUX/depdom/AttrImpl.o
 .group         0x0000000000000000        0x8 LINUX/depdom/AttrImpl.o
 .group         0x0000000000000000        0x8 LINUX/depdom/AttrImpl.o
 .group         0x0000000000000000        0x8 LINUX/depdom/AttrImpl.o
 .group         0x0000000000000000        0x8 LINUX/depdom/AttrImpl.o
 .note.GNU-stack
                0x0000000000000000        0x0 LINUX/depdom/AttrImpl.o
 .group         0x0000000000000000        0x8 LINUX/depdom/AttrMapImpl.o
 .group         0x0000000000000000        0x8 LINUX/depdom/AttrMapImpl.o
 .group         0x0000000000000000        0x8 LINUX/depdom/AttrMapImpl.o
 .group         0x0000000000000000        0x8 LINUX/depdom/AttrMapImpl.o
 .group         0x0000000000000000        0x8 LINUX/depdom/AttrMapImpl.o
 .group         0x0000000000000000        0x8 LINUX/depdom/AttrMapImpl.o
 .group         0x0000000000000000        0x8 LINUX/depdom/AttrMapImpl.o
 .group         0x0000000000000000        0x8 LINUX/depdom/AttrMapImpl.o
 .group         0x0000000000000000        0x8 LINUX/depdom/AttrMapImpl.o
 .group         0x0000000000000000        0x8 LINUX/depdom/AttrMapImpl.o
 .group         0x0000000000000000        0x8 LINUX/depdom/AttrMapImpl.o
 .text._ZN11xercesc_2_810XMLDeleterD2Ev
                0x0000000000000000        0xf LINUX/depdom/AttrMapImpl.o
 .text._ZN11xercesc_2_810XMLDeleterD0Ev
                0x0000000000000000       0x13 LINUX/depdom/AttrMapImpl.o
 .rodata._ZTSN11xercesc_2_810XMLDeleterE
                0x0000000000000000       0x1c LINUX/depdom/AttrMapImpl.o
 .data.rel.ro._ZTIN11xercesc_2_810XMLDeleterE
                0x0000000000000000       0x10 LINUX/depdom/AttrMapImpl.o
 .data.rel.ro._ZTVN11xercesc_2_810XMLDeleterE
                0x0000000000000000       0x20 LINUX/depdom/AttrMapImpl.o
 .data.DW.ref.__gxx_personality_v0
                0x0000000000000000        0x8 LINUX/depdom/AttrMapImpl.o
 .note.GNU-stack
                0x0000000000000000        0x0 LINUX/depdom/AttrMapImpl.o
 .note.GNU-stack
                0x0000000000000000        0x0 LINUX/depdom/DOM_Notation.o
 .group         0x0000000000000000        0x8 LINUX/depdom/NodeVector.o
 .group         0x0000000000000000        0x8 LINUX/depdom/NodeVector.o
 .group         0x0000000000000000        0x8 LINUX/depdom/NodeVector.o
 .group         0x0000000000000000        0x8 LINUX/depdom/NodeVector.o
 .group         0x0000000000000000        0x8 LINUX/depdom/NodeVector.o
 .text._ZN11xercesc_2_810XMLDeleterD2Ev
                0x0000000000000000        0xf LINUX/depdom/NodeVector.o
 .text._ZN11xercesc_2_810XMLDeleterD0Ev
                0x0000000000000000       0x13 LINUX/depdom/NodeVector.o
 .rodata._ZTSN11xercesc_2_810XMLDeleterE
                0x0000000000000000       0x1c LINUX/depdom/NodeVector.o
 .data.rel.ro._ZTIN11xercesc_2_810XMLDeleterE
                0x0000000000000000       0x10 LINUX/depdom/NodeVector.o
 .data.rel.ro._ZTVN11xercesc_2_810XMLDeleterE
                0x0000000000000000       0x20 LINUX/depdom/NodeVector.o
 .note.GNU-stack
                0x0000000000000000        0x0 LINUX/depdom/NodeVector.o
 .group         0x0000000000000000        0x8 LINUX/depdom/DOMString.o
 .group         0x0000000000000000        0x8 LINUX/depdom/DOMString.o
 .group         0x0000000000000000        0x8 LINUX/depdom/DOMString.o
 .group         0x0000000000000000        0x8 LINUX/depdom/DOMString.o
 .group         0x0000000000000000        0x8 LINUX/depdom/DOMString.o
 .group         0x0000000000000000        0x8 LINUX/depdom/DOMString.o
 .text._ZN11xercesc_2_810XMLDeleterD2Ev
                0x0000000000000000        0xf LINUX/depdom/DOMString.o
 .text._ZN11xercesc_2_810XMLDeleterD0Ev
                0x0000000000000000       0x13 LINUX/depdom/DOMString.o
 .rodata._ZTSN11xercesc_2_810XMLDeleterE
                0x0000000000000000       0x1c LINUX/depdom/DOMString.o
[...]
Memory Configuration

Name             Origin             Length             Attributes
*default*        0x0000000000000000 0xffffffffffffffff

Linker script and memory map

LOAD /usr/lib/gcc/x86_64-redhat-linux/4.8.5/../../../../lib64/crti.o
LOAD /usr/lib/gcc/x86_64-redhat-linux/4.8.5/crtbeginS.o
LOAD LINUX/depdom/AttrImpl.o
LOAD LINUX/depdom/AttrMapImpl.o
LOAD LINUX/depdom/DOM_Notation.o
LOAD LINUX/depdom/NodeVector.o
LOAD LINUX/depdom/DOMString.o
LOAD LINUX/depdom/ElementImpl.o
LOAD LINUX/depdom/DOM_DocumentType.o
LOAD LINUX/depdom/DOM_Range.o
LOAD LINUX/depdom/DocumentTypeImpl.o
LOAD LINUX/depdom/ElementDefinitionImpl.o
LOAD LINUX/depdom/NodeIDMap.o
LOAD LINUX/depdom/DOM_Comment.o
LOAD LINUX/depdom/DOM_NamedNodeMap.o
LOAD LINUX/depdom/DOMParser.o
LOAD LINUX/depdom/EntityReferenceImpl.o
LOAD LINUX/depdom/RangeImpl.o
LOAD LINUX/depdom/DOM_Text.o
LOAD LINUX/depdom/TextImpl.o
LOAD LINUX/depdom/DOM_XMLDecl.o
LOAD LINUX/depdom/NamedNodeMapImpl.o
LOAD LINUX/depdom/DOM_DOMImplementation.o
LOAD LINUX/depdom/DOM_NodeIterator.o
LOAD LINUX/depdom/DOM_Element.o
LOAD LINUX/depdom/DOM_Attr.o
LOAD LINUX/depdom/EntityImpl.o
LOAD LINUX/depdom/DeepNodeListImpl.o
LOAD LINUX/depdom/DOM_DocumentFragment.o
LOAD LINUX/depdom/NodeListImpl.o
LOAD LINUX/depdom/DOM_Entity.o
LOAD LINUX/depdom/XMLDeclImpl.o
LOAD LINUX/depdom/ProcessingInstructionImpl.o
LOAD LINUX/depdom/DStringPool.o
LOAD LINUX/depdom/DOM_Document.o
LOAD LINUX/depdom/DOM_NodeList.o
LOAD LINUX/depdom/DocumentImpl.o
LOAD LINUX/depdom/DomMemDebug.o
LOAD LINUX/depdom/DOM_TreeWalker.o
LOAD LINUX/depdom/DocumentFragmentImpl.o
LOAD LINUX/depdom/TreeWalkerImpl.o
LOAD LINUX/depdom/NotationImpl.o
LOAD LINUX/depdom/ParentNode.o
LOAD LINUX/depdom/DOM_NodeFilter.o
LOAD LINUX/depdom/NodeIteratorImpl.o
LOAD LINUX/depdom/ChildNode.o
LOAD LINUX/depdom/DOM_Node.o
LOAD LINUX/depdom/RefCountedImpl.o
LOAD LINUX/depdom/DOM_ProcessingInstruction.o
LOAD LINUX/depdom/DOM_CDATASection.o
LOAD LINUX/depdom/DOM_RangeException.o
LOAD LINUX/depdom/ElementNSImpl.o
LOAD LINUX/depdom/CDATASectionImpl.o
LOAD LINUX/depdom/DOM_CharacterData.o
LOAD LINUX/depdom/DOM_EntityReference.o
LOAD LINUX/depdom/AttrNSImpl.o
LOAD LINUX/depdom/DOM_DOMException.o
LOAD LINUX/depdom/NodeImpl.o
LOAD LINUX/depdom/CommentImpl.o
LOAD LINUX/depdom/CharacterDataImpl.o
LOAD /usr/lib64/libpthread.so
START GROUP
LOAD /lib64/libpthread.so.0
LOAD /usr/lib64/libpthread_nonshared.a
END GROUP
LOAD /root/sslvpnsource/HySecureGateway/xerces/build/xerces-c-2.8.0/lib/libxerces-c.so
LOAD /usr/lib/gcc/x86_64-redhat-linux/4.8.5/libstdc++.so
LOAD /usr/lib64/libm.so
LOAD /usr/lib/gcc/x86_64-redhat-linux/4.8.5/libgcc_s.so
LOAD /usr/lib64/libc.so
START GROUP
LOAD /lib64/libc.so.6
LOAD /usr/lib64/libc_nonshared.a
LOAD /lib64/ld-linux-x86-64.so.2
END GROUP
LOAD /usr/lib/gcc/x86_64-redhat-linux/4.8.5/libgcc_s.so
LOAD /usr/lib/gcc/x86_64-redhat-linux/4.8.5/crtendS.o
LOAD /usr/lib/gcc/x86_64-redhat-linux/4.8.5/../../../../lib64/crtn.o
                0x00000000000001c8                . = (0x0 + SIZEOF_HEADERS)

.note.gnu.build-id
                0x00000000000001c8       0x24
 *(.note.gnu.build-id)
 .note.gnu.build-id
                0x00000000000001c8       0x24 /usr/lib/gcc/x86_64-redhat-linux/4.8.5/../../../../lib64/crti.o

.hash
 *(.hash)

.gnu.hash       0x00000000000001f0     0x3110
 *(.gnu.hash)
 .gnu.hash      0x00000000000001f0     0x3110 /usr/lib/gcc/x86_64-redhat-linux/4.8.5/../../../../lib64/crti.o

.dynsym         0x0000000000003300     0xa1a0
 *(.dynsym)
 .dynsym        0x0000000000003300     0xa1a0 /usr/lib/gcc/x86_64-redhat-linux/4.8.5/../../../../lib64/crti.o

.dynstr         0x000000000000d4a0    0x14510
 *(.dynstr)
 .dynstr        0x000000000000d4a0    0x14510 /usr/lib/gcc/x86_64-redhat-linux/4.8.5/../../../../lib64/crti.o

.gnu.version    0x00000000000219b0      0xd78
 *(.gnu.version)
 .gnu.version   0x00000000000219b0      0xd78 /usr/lib/gcc/x86_64-redhat-linux/4.8.5/../../../../lib64/crti.o

.gnu.version_d  0x0000000000022728        0x0
 *(.gnu.version_d)
 .gnu.version_d
                0x0000000000022728        0x0 /usr/lib/gcc/x86_64-redhat-linux/4.8.5/../../../../lib64/crti.o

.gnu.version_r  0x0000000000022728       0x80
 *(.gnu.version_r)
 .gnu.version_r
                0x0000000000022728       0x80 /usr/lib/gcc/x86_64-redhat-linux/4.8.5/../../../../lib64/crti.o

.rela.dyn       0x00000000000227a8     0xa950
 *(.rela.init)
 *(.rela.text .rela.text.* .rela.gnu.linkonce.t.*)
 .rela.text     0x00000000000227a8        0x0 /usr/lib/gcc/x86_64-redhat-linux/4.8.5/../../../../lib64/crti.o
 *(.rela.fini)
 *(.rela.rodata .rela.rodata.* .rela.gnu.linkonce.r.*)
 *(.rela.data .rela.data.* .rela.gnu.linkonce.d.*)
 .rela.data.rel.ro
                0x00000000000227a8       0x18 /usr/lib/gcc/x86_64-redhat-linux/4.8.5/../../../../lib64/crti.o
 .rela.data.rel.ro._ZTIN11xercesc_2_88AttrImplE
                0x00000000000227c0       0x48 /usr/lib/gcc/x86_64-redhat-linux/4.8.5/../../../../lib64/crti.o
 .rela.data.rel.ro._ZTIN11xercesc_2_830ArrayIndexOutOfBoundsExceptionE
                0x0000000000022808       0x48 /usr/lib/gcc/x86_64-redhat-linux/4.8.5/../../../../lib64/crti.o
 .rela.data.rel.ro._ZTIN11xercesc_2_810XMLDeleterE
                0x0000000000022850       0x30 /usr/lib/gcc/x86_64-redhat-linux/4.8.5/../../../../lib64/crti.o
 .rela.data.rel.ro._ZTVN11xercesc_2_830ArrayIndexOutOfBoundsExceptionE
                0x0000000000022880       0x78 /usr/lib/gcc/x86_64-redhat-linux/4.8.5/../../../../lib64/crti.o
 .rela.data.rel.ro._ZTVN11xercesc_2_810XMLDeleterE
                0x00000000000228f8       0x48 /usr/lib/gcc/x86_64-redhat-linux/4.8.5/../../../../lib64/crti.o
 .rela.data.rel.ro._ZTVN11xercesc_2_88AttrImplE
                0x0000000000022940      0x4f8 /usr/lib/gcc/x86_64-redhat-linux/4.8.5/../../../../lib64/crti.o
 .rela.data.DW.ref.__gxx_personality_v0
                0x0000000000022e38       0x18 /usr/lib/gcc/x86_64-redhat-linux/4.8.5/../../../../lib64/crti.o
 .rela.data.rel.ro._ZTIN11xercesc_2_811AttrMapImplE
                0x0000000000022e50       0x48 /usr/lib/gcc/x86_64-redhat-linux/4.8.5/../../../../lib64/crti.o
 .rela.data.rel.ro._ZTVN11xercesc_2_811AttrMapImplE
                0x0000000000022e98      0x1f8 /usr/lib/gcc/x86_64-redhat-linux/4.8.5/../../../../lib64/crti.o
 .rela.data.rel.ro._ZTIN11xercesc_2_811ElementImplE
                0x0000000000023090       0x48 /usr/lib/gcc/x86_64-redhat-linux/4.8.5/../../../../lib64/crti.o
 .rela.data.rel.ro._ZTVN11xercesc_2_811ElementImplE
                0x00000000000230d8      0x780 /usr/lib/gcc/x86_64-redhat-linux/4.8.5/../../../../lib64/crti.o
 .rela.data.rel.ro._ZTIN11xercesc_2_816DocumentTypeImplE
                0x0000000000023858       0x48 /usr/lib/gcc/x86_64-redhat-linux/4.8.5/../../../../lib64/crti.o
 .rela.data.rel.ro._ZTVN11xercesc_2_816DocumentTypeImplE
                0x00000000000238a0      0x570 /usr/lib/gcc/x86_64-redhat-linux/4.8.5/../../../../lib64/crti.o
 .rela.data.rel.ro._ZTIN11xercesc_2_821ElementDefinitionImplE
                0x0000000000023e10       0x48 /usr/lib/gcc/x86_64-redhat-linux/4.8.5/../../../../lib64/crti.o
 .rela.data.rel.ro._ZTVN11xercesc_2_821ElementDefinitionImplE
                0x0000000000023e58      0x480 /usr/lib/gcc/x86_64-redhat-linux/4.8.5/../../../../lib64/crti.o
 .rela.data.rel.ro._ZTIN11xercesc_2_87XMemoryE
                0x00000000000242d8       0x30 /usr/lib/gcc/x86_64-redhat-linux/4.8.5/../../../../lib64/crti.o
 .rela.data.rel.ro._ZTIN11xercesc_2_89NodeIDMapE
                0x0000000000024308       0x48 /usr/lib/gcc/x86_64-redhat-linux/4.8.5/../../../../lib64/crti.o
 .rela.data.rel.ro._ZTIN11xercesc_2_816RuntimeExceptionE
                0x0000000000024350       0x48 /usr/lib/gcc/x86_64-redhat-linux/4.8.5/../../../../lib64/crti.o
 .rela.data.rel.ro._ZTVN11xercesc_2_816RuntimeExceptionE
                0x0000000000024398       0x78 /usr/lib/gcc/x86_64-redhat-linux/4.8.5/../../../../lib64/crti.o
 .rela.data.rel.ro._ZTVN11xercesc_2_89NodeIDMapE
                0x0000000000024410       0x48 /usr/lib/gcc/x86_64-redhat-linux/4.8.5/../../../../lib64/crti.o
 .rela.data.rel.ro._ZTIN11xercesc_2_816XMLErrorReporterE
                0x0000000000024458       0x30 /usr/lib/gcc/x86_64-redhat-linux/4.8.5/../../../../lib64/crti.o
 .rela.data.rel.ro._ZTIN11xercesc_2_813XSerializableE
                0x0000000000024488       0x30 /usr/lib/gcc/x86_64-redhat-linux/4.8.5/../../../../lib64/crti.o
 .rela.data.rel.ro._ZTIN11xercesc_2_810XMLRefInfoE
                0x00000000000244b8       0x60 /usr/lib/gcc/x86_64-redhat-linux/4.8.5/../../../../lib64/crti.o
 .rela.data.rel.ro._ZTIN11xercesc_2_819EmptyStackExceptionE
                0x0000000000024518       0x48 /usr/lib/gcc/x86_64-redhat-linux/4.8.5/../../../../lib64/crti.o
 .rela.data.rel.ro._ZTIN11xercesc_2_813DTDEntityDeclE
                0x0000000000024560       0x48 /usr/lib/gcc/x86_64-redhat-linux/4.8.5/../../../../lib64/crti.o
 .rela.data.rel.ro._ZTIN11xercesc_2_813XMLAttDefListE
                0x00000000000245a8       0x60 /usr/lib/gcc/x86_64-redhat-linux/4.8.5/../../../../lib64/crti.o
 .rela.data.rel.ro._ZTIN11xercesc_2_811IOExceptionE
                0x0000000000024608       0x48 /usr/lib/gcc/x86_64-redhat-linux/4.8.5/../../../../lib64/crti.o
 .rela.data.rel.ro._ZTIN11xercesc_2_818XMLDocumentHandlerE
                0x0000000000024650       0x30 /usr/lib/gcc/x86_64-redhat-linux/4.8.5/../../../../lib64/crti.o
 .rela.data.rel.ro._ZTIN11xercesc_2_816XMLEntityHandlerE
                0x0000000000024680       0x30 /usr/lib/gcc/x86_64-redhat-linux/4.8.5/../../../../lib64/crti.o
 .rela.data.rel.ro._ZTIN11xercesc_2_814DocTypeHandlerE
                0x00000000000246b0       0x30 /usr/lib/gcc/x86_64-redhat-linux/4.8.5/../../../../lib64/crti.o
 .rela.data.rel.ro._ZTIN11xercesc_2_89DOMParserE
                0x00000000000246e0       0xa8 /usr/lib/gcc/x86_64-redhat-linux/4.8.5/../../../../lib64/crti.o
 .rela.data.rel.ro._ZTIN11xercesc_2_815ContentSpecNodeE
                0x0000000000024788       0x60 /usr/lib/gcc/x86_64-redhat-linux/4.8.5/../../../../lib64/crti.o
 .rela.data.rel.ro._ZTIN11xercesc_2_820OutOfMemoryExceptionE
                0x00000000000247e8       0x48 /usr/lib/gcc/x86_64-redhat-linux/4.8.5/../../../../lib64/crti.o
 .rela.data.rel.ro._ZTVN11xercesc_2_816XMLErrorReporterE
                0x0000000000024830       0x78 /usr/lib/gcc/x86_64-redhat-linux/4.8.5/../../../../lib64/crti.o
 .rela.data.rel.ro._ZTVN11xercesc_2_813XSerializableE
                0x00000000000248a8       0x90 /usr/lib/gcc/x86_64-redhat-linux/4.8.5/../../../../lib64/crti.o
 .rela.data.rel.ro._ZTVN11xercesc_2_810XMLRefInfoE
                0x0000000000024938       0x90 /usr/lib/gcc/x86_64-redhat-linux/4.8.5/../../../../lib64/crti.o
 .rela.data.rel.ro._ZTVN11xercesc_2_819EmptyStackExceptionE
                0x00000000000249c8       0x78 /usr/lib/gcc/x86_64-redhat-linux/4.8.5/../../../../lib64/crti.o
 .rela.data.rel.ro._ZTVN11xercesc_2_813DTDEntityDeclE
                0x0000000000024a40       0xd8 /usr/lib/gcc/x86_64-redhat-linux/4.8.5/../../../../lib64/crti.o
 .rela.data.rel.ro._ZTVN11xercesc_2_813XMLAttDefListE
                0x0000000000024b18      0x198 /usr/lib/gcc/x86_64-redhat-linux/4.8.5/../../../../lib64/crti.o
 .rela.data.rel.ro._ZTVN11xercesc_2_811IOExceptionE
                0x0000000000024cb0       0x78 /usr/lib/gcc/x86_64-redhat-linux/4.8.5/../../../../lib64/crti.o
 .rela.data.rel.ro._ZTVN11xercesc_2_818XMLDocumentHandlerE
                0x0000000000024d28      0x180 /usr/lib/gcc/x86_64-redhat-linux/4.8.5/../../../../lib64/crti.o
 .rela.data.rel.ro._ZTVN11xercesc_2_816XMLEntityHandlerE
                0x0000000000024ea8       0xd8 /usr/lib/gcc/x86_64-redhat-linux/4.8.5/../../../../lib64/crti.o
 .rela.data.rel.ro._ZTVN11xercesc_2_814DocTypeHandlerE
                0x0000000000024f80      0x1c8 /usr/lib/gcc/x86_64-redhat-linux/4.8.5/../../../../lib64/crti.o
 .rela.data.rel.ro._ZTVN11xercesc_2_815ContentSpecNodeE
                0x0000000000025148       0x90 /usr/lib/gcc/x86_64-redhat-linux/4.8.5/../../../../lib64/crti.o
 .rela.data.rel.ro._ZTVN11xercesc_2_89DOMParserE
                0x00000000000251d8      0x6d8 /usr/lib/gcc/x86_64-redhat-linux/4.8.5/../../../../lib64/crti.o
 .rela.data.DW.ref._ZTIN11xercesc_2_820OutOfMemoryExceptionE
                0x00000000000258b0       0x18 /usr/lib/gcc/x86_64-redhat-linux/4.8.5/../../../../lib64/crti.o
 .rela.data.rel.ro._ZTIN11xercesc_2_819EntityReferenceImplE
                0x00000000000258c8       0x48 /usr/lib/gcc/x86_64-redhat-linux/4.8.5/../../../../lib64/crti.o
 .rela.data.rel.ro._ZTVN11xercesc_2_819EntityReferenceImplE
                0x0000000000025910      0x480 /usr/lib/gcc/x86_64-redhat-linux/4.8.5/../../../../lib64/crti.o
 .rela.data.rel.ro._ZTIN11xercesc_2_89RangeImplE
                0x0000000000025d90       0x48 /usr/lib/gcc/x86_64-redhat-linux/4.8.5/../../../../lib64/crti.o
 .rela.data.rel.ro._ZTIN11xercesc_2_815BaseRefVectorOfINS_8NodeImplEEE
                0x0000000000025dd8       0x48 /usr/lib/gcc/x86_64-redhat-linux/4.8.5/../../../../lib64/crti.o
 .rela.data.rel.ro._ZTIN11xercesc_2_811RefVectorOfINS_8NodeImplEEE
                0x0000000000025e20       0x48 /usr/lib/gcc/x86_64-redhat-linux/4.8.5/../../../../lib64/crti.o
 .rela.data.rel.ro._ZTVN11xercesc_2_89RangeImplE
                0x0000000000025e68       0x78 /usr/lib/gcc/x86_64-redhat-linux/4.8.5/../../../../lib64/crti.o
 .rela.data.rel.ro._ZTVN11xercesc_2_815BaseRefVectorOfINS_8NodeImplEEE
                0x0000000000025ee0       0xc0 /usr/lib/gcc/x86_64-redhat-linux/4.8.5/../../../../lib64/crti.o
 .rela.data.rel.ro._ZTVN11xercesc_2_811RefVectorOfINS_8NodeImplEEE
                0x0000000000025fa0       0xc0 /usr/lib/gcc/x86_64-redhat-linux/4.8.5/../../../../lib64/crti.o
 .rela.data.rel.ro._ZTIN11xercesc_2_88TextImplE
                0x0000000000026060       0x48 /usr/lib/gcc/x86_64-redhat-linux/4.8.5/../../../../lib64/crti.o
 .rela.data.rel.ro._ZTVN11xercesc_2_88TextImplE
                0x00000000000260a8      0x588 /usr/lib/gcc/x86_64-redhat-linux/4.8.5/../../../../lib64/crti.o
 .rela.data.rel.ro._ZTIN11xercesc_2_816NamedNodeMapImplE
                0x0000000000026630       0x48 /usr/lib/gcc/x86_64-redhat-linux/4.8.5/../../../../lib64/crti.o
 .rela.data.rel.ro._ZTVN11xercesc_2_816NamedNodeMapImplE
                0x0000000000026678      0x1b0 /usr/lib/gcc/x86_64-redhat-linux/4.8.5/../../../../lib64/crti.o
 .rela.data.rel.ro._ZTIN11xercesc_2_810EntityImplE
                0x0000000000026828       0x48 /usr/lib/gcc/x86_64-redhat-linux/4.8.5/../../../../lib64/crti.o
 .rela.data.rel.ro._ZTVN11xercesc_2_810EntityImplE
                0x0000000000026870      0x510 /usr/lib/gcc/x86_64-redhat-linux/4.8.5/../../../../lib64/crti.o
 .rela.data.rel.ro._ZTIN11xercesc_2_816DeepNodeListImplE
                0x0000000000026d80       0x48 /usr/lib/gcc/x86_64-redhat-linux/4.8.5/../../../../lib64/crti.o
 .rela.data.rel.ro._ZTVN11xercesc_2_816DeepNodeListImplE
                0x0000000000026dc8       0xc0 /usr/lib/gcc/x86_64-redhat-linux/4.8.5/../../../../lib64/crti.o
 .rela.data.rel.ro._ZTIN11xercesc_2_812NodeListImplE
                0x0000000000026e88       0x48 /usr/lib/gcc/x86_64-redhat-linux/4.8.5/../../../../lib64/crti.o
 .rela.data.rel.ro._ZTVN11xercesc_2_812NodeListImplE
                0x0000000000026ed0       0xa8 /usr/lib/gcc/x86_64-redhat-linux/4.8.5/../../../../lib64/crti.o
 .rela.data.rel.ro._ZTIN11xercesc_2_811XMLDeclImplE
                0x0000000000026f78       0x48 /usr/lib/gcc/x86_64-redhat-linux/4.8.5/../../../../lib64/crti.o
 .rela.data.rel.ro._ZTVN11xercesc_2_811XMLDeclImplE
                0x0000000000026fc0      0x510 /usr/lib/gcc/x86_64-redhat-linux/4.8.5/../../../../lib64/crti.o
 .rela.data.rel.ro._ZTIN11xercesc_2_825ProcessingInstructionImplE
                0x00000000000274d0       0x48 /usr/lib/gcc/x86_64-redhat-linux/4.8.5/../../../../lib64/crti.o
 .rela.data.rel.ro._ZTVN11xercesc_2_825ProcessingInstructionImplE
                0x0000000000027518      0x4c8 /usr/lib/gcc/x86_64-redhat-linux/4.8.5/../../../../lib64/crti.o
 .rela.data.rel.ro._ZTIN11xercesc_2_824IllegalArgumentExceptionE
                0x00000000000279e0       0x48 /usr/lib/gcc/x86_64-redhat-linux/4.8.5/../../../../lib64/crti.o
 .rela.data.rel.ro._ZTIN11xercesc_2_822NoSuchElementExceptionE
                0x0000000000027a28       0x48 /usr/lib/gcc/x86_64-redhat-linux/4.8.5/../../../../lib64/crti.o
 .rela.data.rel.ro._ZTIN11xercesc_2_812DocumentImplE
                0x0000000000027a70       0x48 /usr/lib/gcc/x86_64-redhat-linux/4.8.5/../../../../lib64/crti.o
 .rela.data.rel.ro._ZTIN11xercesc_2_815BaseRefVectorOfINS_16NodeIteratorImplEEE
                0x0000000000027ab8       0x48 /usr/lib/gcc/x86_64-redhat-linux/4.8.5/../../../../lib64/crti.o
 .rela.data.rel.ro._ZTIN11xercesc_2_811RefVectorOfINS_16NodeIteratorImplEEE
                0x0000000000027b00       0x48 /usr/lib/gcc/x86_64-redhat-linux/4.8.5/../../../../lib64/crti.o
 .rela.data.rel.ro._ZTIN11xercesc_2_815BaseRefVectorOfINS_14TreeWalkerImplEEE
                0x0000000000027b48       0x48 /usr/lib/gcc/x86_64-redhat-linux/4.8.5/../../../../lib64/crti.o
 .rela.data.rel.ro._ZTIN11xercesc_2_811RefVectorOfINS_14TreeWalkerImplEEE
                0x0000000000027b90       0x48 /usr/lib/gcc/x86_64-redhat-linux/4.8.5/../../../../lib64/crti.o
 .rela.data.rel.ro._ZTIN11xercesc_2_815BaseRefVectorOfINS_9RangeImplEEE
                0x0000000000027bd8       0x48 /usr/lib/gcc/x86_64-redhat-linux/4.8.5/../../../../lib64/crti.o
 .rela.data.rel.ro._ZTIN11xercesc_2_811RefVectorOfINS_9RangeImplEEE
                0x0000000000027c20       0x48 /usr/lib/gcc/x86_64-redhat-linux/4.8.5/../../../../lib64/crti.o
 .rela.data.rel.ro._ZTVN11xercesc_2_824IllegalArgumentExceptionE
                0x0000000000027c68       0x78 /usr/lib/gcc/x86_64-redhat-linux/4.8.5/../../../../lib64/crti.o
 .rela.data.rel.ro._ZTVN11xercesc_2_822NoSuchElementExceptionE
                0x0000000000027ce0       0x78 /usr/lib/gcc/x86_64-redhat-linux/4.8.5/../../../../lib64/crti.o
 .rela.data.rel.ro._ZTVN11xercesc_2_815BaseRefVectorOfINS_16NodeIteratorImplEEE
                0x0000000000027d58       0xc0 /usr/lib/gcc/x86_64-redhat-linux/4.8.5/../../../../lib64/crti.o
 .rela.data.rel.ro._ZTVN11xercesc_2_811RefVectorOfINS_16NodeIteratorImplEEE
                0x0000000000027e18       0xc0 /usr/lib/gcc/x86_64-redhat-linux/4.8.5/../../../../lib64/crti.o
 .rela.data.rel.ro._ZTVN11xercesc_2_815BaseRefVectorOfINS_14TreeWalkerImplEEE
                0x0000000000027ed8       0xc0 /usr/lib/gcc/x86_64-redhat-linux/4.8.5/../../../../lib64/crti.o
 .rela.data.rel.ro._ZTVN11xercesc_2_811RefVectorOfINS_14TreeWalkerImplEEE
                0x0000000000027f98       0xc0 /usr/lib/gcc/x86_64-redhat-linux/4.8.5/../../../../lib64/crti.o
 .rela.data.rel.ro._ZTVN11xercesc_2_815BaseRefVectorOfINS_9RangeImplEEE
                0x0000000000028058       0xc0 /usr/lib/gcc/x86_64-redhat-linux/4.8.5/../../../../lib64/crti.o
 .rela.data.rel.ro._ZTVN11xercesc_2_811RefVectorOfINS_9RangeImplEEE
                0x0000000000028118       0xc0 /usr/lib/gcc/x86_64-redhat-linux/4.8.5/../../../../lib64/crti.o
 .rela.data.rel.ro._ZTVN11xercesc_2_812DocumentImplE
                0x00000000000281d8      0x708 /usr/lib/gcc/x86_64-redhat-linux/4.8.5/../../../../lib64/crti.o
 .rela.data.rel.ro._ZTIN11xercesc_2_820DocumentFragmentImplE
                0x00000000000288e0       0x48 /usr/lib/gcc/x86_64-redhat-linux/4.8.5/../../../../lib64/crti.o
 .rela.data.rel.ro._ZTVN11xercesc_2_820DocumentFragmentImplE
                0x0000000000028928      0x480 /usr/lib/gcc/x86_64-redhat-linux/4.8.5/../../../../lib64/crti.o
 .rela.data.rel.ro._ZTIN11xercesc_2_814TreeWalkerImplE
                0x0000000000028da8       0x48 /usr/lib/gcc/x86_64-redhat-linux/4.8.5/../../../../lib64/crti.o
 .rela.data.rel.ro._ZTVN11xercesc_2_814TreeWalkerImplE
                0x0000000000028df0       0x78 /usr/lib/gcc/x86_64-redhat-linux/4.8.5/../../../../lib64/crti.o
 .rela.data.rel.ro._ZTIN11xercesc_2_812NotationImplE
                0x0000000000028e68       0x48 /usr/lib/gcc/x86_64-redhat-linux/4.8.5/../../../../lib64/crti.o
 .rela.data.rel.ro._ZTVN11xercesc_2_812NotationImplE
                0x0000000000028eb0      0x4e0 /usr/lib/gcc/x86_64-redhat-linux/4.8.5/../../../../lib64/crti.o
 .rela.data.rel.ro._ZTIN11xercesc_2_810ParentNodeE
                0x0000000000029390       0x48 /usr/lib/gcc/x86_64-redhat-linux/4.8.5/../../../../lib64/crti.o
 .rela.data.rel.ro._ZTVN11xercesc_2_810ParentNodeE
                0x00000000000293d8      0x480 /usr/lib/gcc/x86_64-redhat-linux/4.8.5/../../../../lib64/crti.o
 .rela.data.rel.ro._ZTIN11xercesc_2_814DOM_NodeFilterE
                0x0000000000029858       0x30 /usr/lib/gcc/x86_64-redhat-linux/4.8.5/../../../../lib64/crti.o
 .rela.data.rel.ro._ZTVN11xercesc_2_814DOM_NodeFilterE
                0x0000000000029888       0x60 /usr/lib/gcc/x86_64-redhat-linux/4.8.5/../../../../lib64/crti.o
 .rela.data.rel.ro._ZTIN11xercesc_2_816NodeIteratorImplE
                0x00000000000298e8       0x48 /usr/lib/gcc/x86_64-redhat-linux/4.8.5/../../../../lib64/crti.o
 .rela.data.rel.ro._ZTVN11xercesc_2_816NodeIteratorImplE
                0x0000000000029930       0x78 /usr/lib/gcc/x86_64-redhat-linux/4.8.5/../../../../lib64/crti.o
 .rela.data.rel.ro._ZTIN11xercesc_2_89ChildNodeE
                0x00000000000299a8       0x48 /usr/lib/gcc/x86_64-redhat-linux/4.8.5/../../../../lib64/crti.o
 .rela.data.rel.ro._ZTVN11xercesc_2_89ChildNodeE
                0x00000000000299f0      0x480 /usr/lib/gcc/x86_64-redhat-linux/4.8.5/../../../../lib64/crti.o
 .rela.data.rel.ro._ZTIN11xercesc_2_814RefCountedImplE
                0x0000000000029e70       0x48 /usr/lib/gcc/x86_64-redhat-linux/4.8.5/../../../../lib64/crti.o
 .rela.data.rel.ro._ZTVN11xercesc_2_814RefCountedImplE
                0x0000000000029eb8       0x78 /usr/lib/gcc/x86_64-redhat-linux/4.8.5/../../../../lib64/crti.o
 .rela.data.rel.ro._ZTIN11xercesc_2_818DOM_RangeExceptionE
                0x0000000000029f30       0x48 /usr/lib/gcc/x86_64-redhat-linux/4.8.5/../../../../lib64/crti.o
 .rela.data.rel.ro._ZTVN11xercesc_2_818DOM_RangeExceptionE
                0x0000000000029f78       0x48 /usr/lib/gcc/x86_64-redhat-linux/4.8.5/../../../../lib64/crti.o
 .rela.data.rel.ro._ZTIN11xercesc_2_813ElementNSImplE
                0x0000000000029fc0       0x48 /usr/lib/gcc/x86_64-redhat-linux/4.8.5/../../../../lib64/crti.o
 .rela.data.rel.ro._ZTVN11xercesc_2_813ElementNSImplE
                0x000000000002a008      0x780 /usr/lib/gcc/x86_64-redhat-linux/4.8.5/../../../../lib64/crti.o
 .rela.data.rel.ro._ZTIN11xercesc_2_816CDATASectionImplE
                0x000000000002a788       0x48 /usr/lib/gcc/x86_64-redhat-linux/4.8.5/../../../../lib64/crti.o
 .rela.data.rel.ro._ZTVN11xercesc_2_816CDATASectionImplE
                0x000000000002a7d0      0x588 /usr/lib/gcc/x86_64-redhat-linux/4.8.5/../../../../lib64/crti.o
 .rela.data.rel.ro._ZTIN11xercesc_2_810AttrNSImplE
                0x000000000002ad58       0x48 /usr/lib/gcc/x86_64-redhat-linux/4.8.5/../../../../lib64/crti.o
 .rela.data.rel.ro._ZTVN11xercesc_2_810AttrNSImplE
                0x000000000002ada0      0x4f8 /usr/lib/gcc/x86_64-redhat-linux/4.8.5/../../../../lib64/crti.o
 .rela.data.rel.ro._ZTIN11xercesc_2_816DOM_DOMExceptionE
                0x000000000002b298       0x30 /usr/lib/gcc/x86_64-redhat-linux/4.8.5/../../../../lib64/crti.o
 .rela.data.rel.ro._ZTVN11xercesc_2_816DOM_DOMExceptionE
                0x000000000002b2c8       0x48 /usr/lib/gcc/x86_64-redhat-linux/4.8.5/../../../../lib64/crti.o
 .rela.data.rel.ro._ZTIN11xercesc_2_88NodeImplE
                0x000000000002b310       0x48 /usr/lib/gcc/x86_64-redhat-linux/4.8.5/../../../../lib64/crti.o
 .rela.data.rel.ro._ZTVN11xercesc_2_88NodeImplE
                0x000000000002b358      0x480 /usr/lib/gcc/x86_64-redhat-linux/4.8.5/../../../../lib64/crti.o
 .rela.data.rel.ro._ZTIN11xercesc_2_811CommentImplE
                0x000000000002b7d8       0x48 /usr/lib/gcc/x86_64-redhat-linux/4.8.5/../../../../lib64/crti.o
 .rela.data.rel.ro._ZTVN11xercesc_2_811CommentImplE
                0x000000000002b820      0x540 /usr/lib/gcc/x86_64-redhat-linux/4.8.5/../../../../lib64/crti.o
 .rela.data.rel.ro._ZTIN11xercesc_2_817CharacterDataImplE
                0x000000000002bd60       0x48 /usr/lib/gcc/x86_64-redhat-linux/4.8.5/../../../../lib64/crti.o
 .rela.data.rel.ro._ZTVN11xercesc_2_817CharacterDataImplE
                0x000000000002bda8      0x540 /usr/lib/gcc/x86_64-redhat-linux/4.8.5/../../../../lib64/crti.o
 *(.rela.tdata .rela.tdata.* .rela.gnu.linkonce.td.*)
 *(.rela.tbss .rela.tbss.* .rela.gnu.linkonce.tb.*)
 *(.rela.ctors)
 *(.rela.dtors)
 *(.rela.got)
 .rela.got      0x000000000002c2e8      0xcd8 /usr/lib/gcc/x86_64-redhat-linux/4.8.5/../../../../lib64/crti.o
 *(.rela.bss .rela.bss.* .rela.gnu.linkonce.b.*)
 *(.rela.ldata .rela.ldata.* .rela.gnu.linkonce.l.*)
 *(.rela.lbss .rela.lbss.* .rela.gnu.linkonce.lb.*)
 *(.rela.lrodata .rela.lrodata.* .rela.gnu.linkonce.lr.*)
 *(.rela.ifunc)
 .rela.ifunc    0x000000000002cfc0        0x0 /usr/lib/gcc/x86_64-redhat-linux/4.8.5/../../../../lib64/crti.o
 .rela.fini_array
                0x000000000002cfc0       0x18 /usr/lib/gcc/x86_64-redhat-linux/4.8.5/../../../../lib64/crti.o
 .rela.init_array
                0x000000000002cfd8      0x120 /usr/lib/gcc/x86_64-redhat-linux/4.8.5/../../../../lib64/crti.o
 .rela.eh_frame
                0x000000000002d0f8        0x0 /usr/lib/gcc/x86_64-redhat-linux/4.8.5/../../../../lib64/crti.o
 .rela.gcc_except_table
                0x000000000002d0f8        0x0 /usr/lib/gcc/x86_64-redhat-linux/4.8.5/../../../../lib64/crti.o

.rela.plt       0x000000000002d0f8     0x2c40
 *(.rela.plt)
 .rela.plt      0x000000000002d0f8     0x2c40 /usr/lib/gcc/x86_64-redhat-linux/4.8.5/../../../../lib64/crti.o
 *(.rela.iplt)

.init           0x000000000002fd38       0x1a
 *(SORT(.init))
 .init          0x000000000002fd38       0x15 /usr/lib/gcc/x86_64-redhat-linux/4.8.5/../../../../lib64/crti.o
                0x000000000002fd38                _init
 .init          0x000000000002fd4d        0x5 /usr/lib/gcc/x86_64-redhat-linux/4.8.5/../../../../lib64/crtn.o

.plt            0x000000000002fd60     0x1d90
 *(.plt)
 .plt           0x000000000002fd60     0x1d90 /usr/lib/gcc/x86_64-redhat-linux/4.8.5/../../../../lib64/crti.o
 *(.iplt)

.plt.bnd
 *(.plt.bnd)

.text           0x0000000000031af0    0x20e78
 *(.text.unlikely .text.*_unlikely .text.unlikely.*)
 *(.text.exit .text.exit.*)
 *(.text.startup .text.startup.*)
 .text.startup  0x0000000000031af0       0x20 LINUX/depdom/DOMString.o
 .text.startup  0x0000000000031b10        0xc LINUX/depdom/ElementImpl.o
 *fill*         0x0000000000031b1c        0x4 
 .text.startup  0x0000000000031b20        0xc LINUX/depdom/TextImpl.o
 *fill*         0x0000000000031b2c        0x4 
 .text.startup  0x0000000000031b30        0xc LINUX/depdom/DOM_DOMImplementation.o
 *fill*         0x0000000000031b3c        0x4 
 .text.startup  0x0000000000031b40        0xc LINUX/depdom/DeepNodeListImpl.o
 *fill*         0x0000000000031b4c        0x4 
 .text.startup  0x0000000000031b50        0xc LINUX/depdom/XMLDeclImpl.o
 *fill*         0x0000000000031b5c        0x4 
 .text.startup  0x0000000000031b60        0xc LINUX/depdom/DocumentImpl.o
 *fill*         0x0000000000031b6c        0x4 
 .text.startup  0x0000000000031b70        0xc LINUX/depdom/DocumentFragmentImpl.o
 *fill*         0x0000000000031b7c        0x4 
 .text.startup  0x0000000000031b80        0xc LINUX/depdom/CDATASectionImpl.o
 *fill*         0x0000000000031b8c        0x4 
 .text.startup  0x0000000000031b90        0xc LINUX/depdom/NodeImpl.o
 *fill*         0x0000000000031b9c        0x4 
 .text.startup  0x0000000000031ba0        0xc LINUX/depdom/CommentImpl.o
 *(.text.hot .text.hot.*)
 *(.text .stub .text.* .gnu.linkonce.t.*)
 .text          0x0000000000031bac        0x0 /usr/lib/gcc/x86_64-redhat-linux/4.8.5/../../../../lib64/crti.o
 *fill*         0x0000000000031bac        0x4 
 .text          0x0000000000031bb0       0xe5 /usr/lib/gcc/x86_64-redhat-linux/4.8.5/crtbeginS.o
 *fill*         0x0000000000031c95        0xb 
 .text          0x0000000000031ca0     0x154d LINUX/depdom/AttrImpl.o
                0x0000000000031ca0                xercesc_2_8::AttrImpl::getNodeType()
                0x0000000000031cb0                xercesc_2_8::AttrImpl::getNodeValue()
                0x0000000000031cd0                xercesc_2_8::AttrImpl::getSpecified()
                0x0000000000031cf0                xercesc_2_8::AttrImpl::isAttrImpl()
                0x0000000000031d00                xercesc_2_8::AttrImpl::setNodeValue(xercesc_2_8::DOMString const&)
                0x0000000000031d10                xercesc_2_8::AttrImpl::setSpecified(bool)
                0x0000000000031d50                xercesc_2_8::AttrImpl::getChildNodes()
                0x0000000000031d60                xercesc_2_8::AttrImpl::hasChildNodes()
                0x0000000000031d70                xercesc_2_8::AttrImpl::replaceChild(xercesc_2_8::NodeImpl*, xercesc_2_8::NodeImpl*)
                0x0000000000031db0                xercesc_2_8::AttrImpl::~AttrImpl()
                0x0000000000031db0                xercesc_2_8::AttrImpl::~AttrImpl()
                0x0000000000031e40                xercesc_2_8::AttrImpl::~AttrImpl()
                0x0000000000031e60                xercesc_2_8::AttrImpl::getNodeName()
                0x0000000000031e80                xercesc_2_8::AttrImpl::getName()
                0x0000000000031ea0                xercesc_2_8::AttrImpl::getValue()
                0x0000000000032020                xercesc_2_8::AttrImpl::setValue(xercesc_2_8::DOMString const&)
                0x0000000000032270                xercesc_2_8::AttrImpl::toString()
                0x0000000000032360                xercesc_2_8::AttrImpl::getLength()
                0x00000000000323a0                xercesc_2_8::AttrImpl::normalize()
                0x00000000000324a0                xercesc_2_8::AttrImpl::AttrImpl(xercesc_2_8::DocumentImpl*, xercesc_2_8::DOMString const&)
                0x00000000000324a0                xercesc_2_8::AttrImpl::AttrImpl(xercesc_2_8::DocumentImpl*, xercesc_2_8::DOMString const&)
                0x0000000000032550                xercesc_2_8::AttrImpl::makeChildNode()
                0x0000000000032600                xercesc_2_8::AttrImpl::getFirstChild()
                0x0000000000032610                xercesc_2_8::AttrImpl::item(unsigned int)
                0x0000000000032680                xercesc_2_8::AttrImpl::getOwnerElement()
                0x00000000000326a0                xercesc_2_8::AttrImpl::setOwnerElement(xercesc_2_8::ElementImpl*)
                0x00000000000326c0                xercesc_2_8::AttrImpl::cloneChildren(xercesc_2_8::NodeImpl const&)
                0x0000000000032720                xercesc_2_8::AttrImpl::AttrImpl(xercesc_2_8::AttrImpl const&, bool)
                0x0000000000032720                xercesc_2_8::AttrImpl::AttrImpl(xercesc_2_8::AttrImpl const&, bool)
                0x0000000000032950                xercesc_2_8::AttrImpl::cloneNode(bool)
                0x00000000000329c0                xercesc_2_8::AttrImpl::lastChild()
                0x00000000000329f0                xercesc_2_8::AttrImpl::getLastChild()
                0x0000000000032a00                xercesc_2_8::AttrImpl::lastChild(xercesc_2_8::ChildNode*)
                0x0000000000032a10                xercesc_2_8::AttrImpl::insertBefore(xercesc_2_8::NodeImpl*, xercesc_2_8::NodeImpl*)
                0x0000000000032f30                xercesc_2_8::AttrImpl::removeChild(xercesc_2_8::NodeImpl*)
                0x0000000000033170                xercesc_2_8::AttrImpl::setReadOnly(bool, bool)
 *fill*         0x00000000000331ed        0x3 
 .text._ZNK11xercesc_2_830ArrayIndexOutOfBoundsException7getTypeEv
                0x00000000000331f0        0x8 LINUX/depdom/AttrImpl.o
                0x00000000000331f0                xercesc_2_8::ArrayIndexOutOfBoundsException::getType() const
 *fill*         0x00000000000331f8        0x8 
 .text._ZN11xercesc_2_810XMLDeleterD2Ev
                0x0000000000033200        0xf LINUX/depdom/AttrImpl.o
                0x0000000000033200                xercesc_2_8::XMLDeleter::~XMLDeleter()
                0x0000000000033200                xercesc_2_8::XMLDeleter::~XMLDeleter()
 *fill*         0x000000000003320f        0x1 
 .text._ZN11xercesc_2_810XMLDeleterD0Ev
                0x0000000000033210       0x13 LINUX/depdom/AttrImpl.o
                0x0000000000033210                xercesc_2_8::XMLDeleter::~XMLDeleter()
 *fill*         0x0000000000033223        0xd 
 .text._ZN11xercesc_2_830ArrayIndexOutOfBoundsExceptionD2Ev
                0x0000000000033230       0x13 LINUX/depdom/AttrImpl.o
                0x0000000000033230                xercesc_2_8::ArrayIndexOutOfBoundsException::~ArrayIndexOutOfBoundsException()
                0x0000000000033230                xercesc_2_8::ArrayIndexOutOfBoundsException::~ArrayIndexOutOfBoundsException()
 *fill*         0x0000000000033243        0xd 
 .text._ZN11xercesc_2_830ArrayIndexOutOfBoundsExceptionD0Ev
                0x0000000000033250       0x20 LINUX/depdom/AttrImpl.o
                0x0000000000033250                xercesc_2_8::ArrayIndexOutOfBoundsException::~ArrayIndexOutOfBoundsException()
 .text._ZNK11xercesc_2_830ArrayIndexOutOfBoundsException9duplicateEv
                0x0000000000033270       0x50 LINUX/depdom/AttrImpl.o
                0x0000000000033270                xercesc_2_8::ArrayIndexOutOfBoundsException::duplicate() const
 .text._ZN11xercesc_2_815BaseRefVectorOfINS_9RangeImplEE9elementAtEj
                0x00000000000332c0       0x96 LINUX/depdom/AttrImpl.o
                0x00000000000332c0                xercesc_2_8::BaseRefVectorOf<xercesc_2_8::RangeImpl>::elementAt(unsigned int)
 *fill*         0x0000000000033356        0xa 
 .text          0x0000000000033360      0x23c LINUX/depdom/AttrMapImpl.o
                0x0000000000033360                xercesc_2_8::AttrMapImpl::~AttrMapImpl()
                0x0000000000033360                xercesc_2_8::AttrMapImpl::~AttrMapImpl()
                0x0000000000033380                xercesc_2_8::AttrMapImpl::~AttrMapImpl()
                0x00000000000333a0                xercesc_2_8::AttrMapImpl::AttrMapImpl(xercesc_2_8::NodeImpl*)
                0x00000000000333a0                xercesc_2_8::AttrMapImpl::AttrMapImpl(xercesc_2_8::NodeImpl*)
                0x00000000000333c0                xercesc_2_8::AttrMapImpl::cloneAttrMap(xercesc_2_8::NodeImpl*)
                0x0000000000033440                xercesc_2_8::AttrMapImpl::AttrMapImpl(xercesc_2_8::NodeImpl*, xercesc_2_8::NamedNodeMapImpl*)
                0x0000000000033440                xercesc_2_8::AttrMapImpl::AttrMapImpl(xercesc_2_8::NodeImpl*, xercesc_2_8::NamedNodeMapImpl*)
                0x00000000000334b0                xercesc_2_8::AttrMapImpl::removeNamedItem(xercesc_2_8::DOMString const&)
                0x0000000000033520                xercesc_2_8::AttrMapImpl::removeNamedItemNS(xercesc_2_8::DOMString const&, xercesc_2_8::DOMString const&)
 *fill*         0x000000000003359c        0x4 
 .text._ZN11xercesc_2_811AttrMapImpl11hasDefaultsEv
                0x00000000000335a0        0x5 LINUX/depdom/AttrMapImpl.o
                0x00000000000335a0                xercesc_2_8::AttrMapImpl::hasDefaults()
 *fill*         0x00000000000335a5        0xb 
 .text._ZN11xercesc_2_811AttrMapImpl11hasDefaultsEb
                0x00000000000335b0        0x5 LINUX/depdom/AttrMapImpl.o
                0x00000000000335b0                xercesc_2_8::AttrMapImpl::hasDefaults(bool)
 *fill*         0x00000000000335b5        0xb 
 .text          0x00000000000335c0       0x95 LINUX/depdom/DOM_Notation.o
                0x00000000000335c0                xercesc_2_8::DOM_Notation::DOM_Notation()
                0x00000000000335c0                xercesc_2_8::DOM_Notation::DOM_Notation()
                0x00000000000335d0                xercesc_2_8::DOM_Notation::DOM_Notation(xercesc_2_8::DOM_Notation const&)
                0x00000000000335d0                xercesc_2_8::DOM_Notation::DOM_Notation(xercesc_2_8::DOM_Notation const&)
                0x00000000000335e0                xercesc_2_8::DOM_Notation::DOM_Notation(xercesc_2_8::NotationImpl*)
                0x00000000000335e0                xercesc_2_8::DOM_Notation::DOM_Notation(xercesc_2_8::NotationImpl*)
                0x00000000000335f0                xercesc_2_8::DOM_Notation::~DOM_Notation()
                0x00000000000335f0                xercesc_2_8::DOM_Notation::~DOM_Notation()
                0x0000000000033600                xercesc_2_8::DOM_Notation::operator=(xercesc_2_8::DOM_Notation const&)
                0x0000000000033610                xercesc_2_8::DOM_Notation::operator=(xercesc_2_8::DOM_NullPtr const*)
                0x0000000000033620                xercesc_2_8::DOM_Notation::getPublicId() const
                0x0000000000033640                xercesc_2_8::DOM_Notation::getSystemId() const
 *fill*         0x0000000000033655        0xb 
 .text          0x0000000000033660      0x214 LINUX/depdom/NodeVector.o
                0x0000000000033660                xercesc_2_8::NodeVector::init(unsigned int)
                0x0000000000033690                xercesc_2_8::NodeVector::NodeVector(xercesc_2_8::MemoryManager*)
                0x0000000000033690                xercesc_2_8::NodeVector::NodeVector(xercesc_2_8::MemoryManager*)
                0x00000000000336a0                xercesc_2_8::NodeVector::NodeVector(unsigned int, xercesc_2_8::MemoryManager*)
                0x00000000000336a0                xercesc_2_8::NodeVector::NodeVector(unsigned int, xercesc_2_8::MemoryManager*)
                0x00000000000336b0                xercesc_2_8::NodeVector::~NodeVector()
                0x00000000000336b0                xercesc_2_8::NodeVector::~NodeVector()
                0x00000000000336d0                xercesc_2_8::NodeVector::checkSpace()
                0x0000000000033760                xercesc_2_8::NodeVector::addElement(xercesc_2_8::NodeImpl*)
                0x0000000000033790                xercesc_2_8::NodeVector::elementAt(unsigned int)
                0x00000000000337b0                xercesc_2_8::NodeVector::lastElement()
                0x00000000000337d0                xercesc_2_8::NodeVector::insertElementAt(xercesc_2_8::NodeImpl*, unsigned int)
                0x0000000000033820                xercesc_2_8::NodeVector::removeElementAt(unsigned int)
                0x0000000000033850                xercesc_2_8::NodeVector::reset()
                0x0000000000033860                xercesc_2_8::NodeVector::setElementAt(xercesc_2_8::NodeImpl*, unsigned int)
                0x0000000000033870                xercesc_2_8::NodeVector::size()
 *fill*         0x0000000000033874        0xc 
 .text          0x0000000000033880     0x1904 LINUX/depdom/DOMString.o
                0x00000000000338f0                xercesc_2_8::getDomConverter()
                0x0000000000033980                xercesc_2_8::DOMStringData::allocateBuffer(unsigned int)
                0x00000000000339d0                xercesc_2_8::DOMStringHandle::operator new(unsigned long)
                0x0000000000033b30                xercesc_2_8::DOMStringHandle::operator delete(void*)
                0x0000000000033c80                xercesc_2_8::DOMStringHandle::createNewStringHandle(unsigned int)
                0x0000000000033cd0                xercesc_2_8::DOMStringHandle::cloneStringHandle()
                0x0000000000033d10                xercesc_2_8::DOMString::DOMString()
                0x0000000000033d10                xercesc_2_8::DOMString::DOMString()
                0x0000000000033d20                xercesc_2_8::DOMString::DOMString(xercesc_2_8::DOMString const&)
                0x0000000000033d20                xercesc_2_8::DOMString::DOMString(xercesc_2_8::DOMString const&)
                0x0000000000033d40                xercesc_2_8::DOMString::DOMString(unsigned short const*)
                0x0000000000033d40                xercesc_2_8::DOMString::DOMString(unsigned short const*)
                0x0000000000033de0                xercesc_2_8::DOMString::DOMString(unsigned short const*, unsigned int)
                0x0000000000033de0                xercesc_2_8::DOMString::DOMString(unsigned short const*, unsigned int)
                0x0000000000033e50                xercesc_2_8::DOMString::DOMString(char const*)
                0x0000000000033e50                xercesc_2_8::DOMString::DOMString(char const*)
                0x0000000000033ff0                xercesc_2_8::DOMString::DOMString(int)
                0x0000000000033ff0                xercesc_2_8::DOMString::DOMString(int)
                0x0000000000034000                xercesc_2_8::DOMString::~DOMString()
                0x0000000000034000                xercesc_2_8::DOMString::~DOMString()
                0x00000000000340a0                xercesc_2_8::DOMString::operator=(xercesc_2_8::DOMString const&)
                0x0000000000034150                xercesc_2_8::DOMString::operator=(xercesc_2_8::DOM_NullPtr*)
                0x00000000000341f0                xercesc_2_8::DOMString::operator==(xercesc_2_8::DOMString const&) const
                0x0000000000034200                xercesc_2_8::DOMString::operator!=(xercesc_2_8::DOMString const&) const
                0x0000000000034210                xercesc_2_8::DOMString::operator==(xercesc_2_8::DOM_NullPtr const*) const
                0x0000000000034220                xercesc_2_8::DOMString::operator!=(xercesc_2_8::DOM_NullPtr const*) const
                0x0000000000034230                xercesc_2_8::DOMString::reserve(unsigned int)
                0x0000000000034250                xercesc_2_8::DOMString::appendData(xercesc_2_8::DOMString const&)
                0x0000000000034400                xercesc_2_8::DOMString::appendData(unsigned short)
                0x00000000000344f0                xercesc_2_8::DOMString::appendData(unsigned short const*)
                0x0000000000034540                xercesc_2_8::DOMString::operator+=(xercesc_2_8::DOMString const&)
                0x0000000000034550                xercesc_2_8::DOMString::operator+=(unsigned short const*)
                0x0000000000034560                xercesc_2_8::DOMString::operator+=(unsigned short)
                0x0000000000034580                xercesc_2_8::DOMString::charAt(unsigned int) const
                0x00000000000345b0                xercesc_2_8::DOMString::clone() const
                0x00000000000345f0                xercesc_2_8::DOMString::equals(xercesc_2_8::DOMString const&) const
                0x0000000000034690                xercesc_2_8::DOMString::equals(unsigned short const*) const
                0x0000000000034730                xercesc_2_8::DOMString::length() const
                0x0000000000034750                xercesc_2_8::DOMString::deleteData(unsigned int, unsigned int)
                0x0000000000034910                xercesc_2_8::DOMString::insertData(unsigned int, xercesc_2_8::DOMString const&)
                0x0000000000034b70                xercesc_2_8::DOMString::rawBuffer() const
                0x0000000000034ba0                xercesc_2_8::DOMString::transcode() const
                0x0000000000034c90                xercesc_2_8::DOMString::transcode(xercesc_2_8::MemoryManager*) const
                0x0000000000034d90                xercesc_2_8::DOMString::print() const
                0x0000000000034df0                xercesc_2_8::DOMString::println() const
                0x0000000000034e20                xercesc_2_8::DOMString::transcode(char const*)
                0x0000000000034e30                xercesc_2_8::DOMString::compareString(xercesc_2_8::DOMString const&) const
                0x0000000000034ee0                xercesc_2_8::DOMString::operator<(xercesc_2_8::DOMString const&) const
                0x0000000000034f00                xercesc_2_8::DOMString::substringData(unsigned int, unsigned int) const
                0x0000000000035040                xercesc_2_8::operator+(xercesc_2_8::DOMString const&, xercesc_2_8::DOMString const&)
                0x0000000000035080                xercesc_2_8::operator+(xercesc_2_8::DOMString const&, unsigned short const*)
                0x00000000000350c0                xercesc_2_8::operator+(unsigned short const*, xercesc_2_8::DOMString const&)
                0x0000000000035100                xercesc_2_8::operator+(xercesc_2_8::DOMString const&, unsigned short)
                0x0000000000035140                xercesc_2_8::operator+(unsigned short, xercesc_2_8::DOMString const&)
 *fill*         0x0000000000035184        0xc 
 .text          0x0000000000035190     0x1783 LINUX/depdom/ElementImpl.o
                0x0000000000035190                xercesc_2_8::ElementImpl::getNodeType()
                0x00000000000351a0                xercesc_2_8::ElementImpl::getAttributeNode(xercesc_2_8::DOMString const&)
                0x00000000000351c0                xercesc_2_8::ElementImpl::getAttributes()
                0x00000000000351d0                xercesc_2_8::ElementImpl::isElementImpl()
                0x00000000000351e0                xercesc_2_8::ElementImpl::getAttributeNodeNS(xercesc_2_8::DOMString const&, xercesc_2_8::DOMString const&)
                0x0000000000035200                xercesc_2_8::ElementImpl::hasAttributes()
                0x0000000000035220                xercesc_2_8::ElementImpl::hasAttribute(xercesc_2_8::DOMString const&)
                0x0000000000035240                xercesc_2_8::ElementImpl::hasAttributeNS(xercesc_2_8::DOMString const&, xercesc_2_8::DOMString const&)
                0x0000000000035260                xercesc_2_8::ElementImpl::NNM_cloneMap(xercesc_2_8::NodeImpl*)
                0x00000000000352a0                xercesc_2_8::ElementImpl::NNM_findNamePoint(xercesc_2_8::DOMString const&)
                0x00000000000352f0                xercesc_2_8::ElementImpl::NNM_getLength()
                0x0000000000035330                xercesc_2_8::ElementImpl::NNM_getNamedItem(xercesc_2_8::DOMString const&)
                0x0000000000035380                xercesc_2_8::ElementImpl::NNM_item(unsigned int)
                0x00000000000353d0                xercesc_2_8::ElementImpl::NNM_removeAll()
                0x0000000000035410                xercesc_2_8::ElementImpl::NNM_setReadOnly(bool, bool)
                0x0000000000035460                xercesc_2_8::ElementImpl::NNM_findNamePoint(xercesc_2_8::DOMString const&, xercesc_2_8::DOMString const&)
                0x00000000000354b0                xercesc_2_8::ElementImpl::NNM_getNamedItemNS(xercesc_2_8::DOMString const&, xercesc_2_8::DOMString const&)
                0x0000000000035500                xercesc_2_8::ElementImpl::NNM_setOwnerDocument(xercesc_2_8::DocumentImpl*)
                0x0000000000035550                xercesc_2_8::ElementImpl::getDefaultAttributes()
                0x0000000000035620                xercesc_2_8::ElementImpl::reinitElementImpl()
                0x0000000000035650                xercesc_2_8::ElementImpl::~ElementImpl()
                0x0000000000035650                xercesc_2_8::ElementImpl::~ElementImpl()
                0x00000000000356e0                xercesc_2_8::ElementImpl::~ElementImpl()
                0x0000000000035700                xercesc_2_8::ElementImpl::setOwnerDocument(xercesc_2_8::DocumentImpl*)
                0x0000000000035740                xercesc_2_8::ElementImpl::getNodeName()
                0x0000000000035760                xercesc_2_8::ElementImpl::getTagName()
                0x0000000000035780                xercesc_2_8::ElementImpl::getAttribute(xercesc_2_8::DOMString const&)
                0x00000000000357f0                xercesc_2_8::ElementImpl::getElementsByTagName(xercesc_2_8::DOMString const&)
                0x0000000000035860                xercesc_2_8::ElementImpl::getAttributeNS(xercesc_2_8::DOMString const&, xercesc_2_8::DOMString const&)
                0x00000000000358b0                xercesc_2_8::ElementImpl::NNM_removeNamedItem(xercesc_2_8::DOMString const&)
                0x0000000000035960                xercesc_2_8::ElementImpl::NNM_removeNamedItemNS(xercesc_2_8::DOMString const&, xercesc_2_8::DOMString const&)
                0x0000000000035a10                xercesc_2_8::ElementImpl::removeAttribute(xercesc_2_8::DOMString const&)
                0x0000000000035b10                xercesc_2_8::ElementImpl::removeAttributeNode(xercesc_2_8::AttrImpl*)
                0x0000000000035cb0                xercesc_2_8::ElementImpl::removeAttributeNS(xercesc_2_8::DOMString const&, xercesc_2_8::DOMString const&)
                0x0000000000035db0                xercesc_2_8::ElementImpl::setAttribute(xercesc_2_8::DOMString const&, xercesc_2_8::DOMString const&)
                0x0000000000035f10                xercesc_2_8::ElementImpl::setAttributeNode(xercesc_2_8::AttrImpl*)
                0x00000000000360e0                xercesc_2_8::ElementImpl::setAttributeNS(xercesc_2_8::DOMString const&, xercesc_2_8::DOMString const&, xercesc_2_8::DOMString const&)
                0x0000000000036240                xercesc_2_8::ElementImpl::setAttributeNodeNS(xercesc_2_8::AttrImpl*)
                0x0000000000036450                xercesc_2_8::ElementImpl::setupDefaultAttributes()
                0x0000000000036510                xercesc_2_8::ElementImpl::setReadOnly(bool, bool)
                0x0000000000036560                xercesc_2_8::ElementImpl::getElementsByTagNameNS(xercesc_2_8::DOMString const&, xercesc_2_8::DOMString const&)
                0x00000000000365d0                xercesc_2_8::ElementImpl::NNM_setNamedItem(xercesc_2_8::NodeImpl*)
                0x0000000000036660                xercesc_2_8::ElementImpl::NNM_setNamedItemNS(xercesc_2_8::NodeImpl*)
                0x0000000000036700                xercesc_2_8::ElementImpl::ElementImpl(xercesc_2_8::DocumentImpl*, xercesc_2_8::DOMString const&)
                0x0000000000036700                xercesc_2_8::ElementImpl::ElementImpl(xercesc_2_8::DocumentImpl*, xercesc_2_8::DOMString const&)
                0x00000000000367b0                xercesc_2_8::ElementImpl::ElementImpl(xercesc_2_8::ElementImpl const&, bool)
                0x00000000000367b0                xercesc_2_8::ElementImpl::ElementImpl(xercesc_2_8::ElementImpl const&, bool)
                0x00000000000368b0                xercesc_2_8::ElementImpl::cloneNode(bool)
 *fill*         0x0000000000036913        0xd 
 .text          0x0000000000036920      0x1eb LINUX/depdom/DOM_DocumentType.o
                0x0000000000036920                xercesc_2_8::DOM_DocumentType::DOM_DocumentType()
                0x0000000000036920                xercesc_2_8::DOM_DocumentType::DOM_DocumentType()
                0x0000000000036930                xercesc_2_8::DOM_DocumentType::DOM_DocumentType(int)
                0x0000000000036930                xercesc_2_8::DOM_DocumentType::DOM_DocumentType(int)
                0x0000000000036940                xercesc_2_8::DOM_DocumentType::DOM_DocumentType(xercesc_2_8::DOM_DocumentType const&)
                0x0000000000036940                xercesc_2_8::DOM_DocumentType::DOM_DocumentType(xercesc_2_8::DOM_DocumentType const&)
                0x0000000000036950                xercesc_2_8::DOM_DocumentType::DOM_DocumentType(xercesc_2_8::DocumentTypeImpl*)
                0x0000000000036950                xercesc_2_8::DOM_DocumentType::DOM_DocumentType(xercesc_2_8::DocumentTypeImpl*)
                0x0000000000036960                xercesc_2_8::DOM_DocumentType::~DOM_DocumentType()
                0x0000000000036960                xercesc_2_8::DOM_DocumentType::~DOM_DocumentType()
                0x0000000000036970                xercesc_2_8::DOM_DocumentType::operator=(xercesc_2_8::DOM_DocumentType const&)
                0x0000000000036980                xercesc_2_8::DOM_DocumentType::operator=(xercesc_2_8::DOM_NullPtr const*)
                0x0000000000036990                xercesc_2_8::DOM_DocumentType::getName() const
                0x00000000000369e0                xercesc_2_8::DOM_DocumentType::getEntities() const
                0x0000000000036a00                xercesc_2_8::DOM_DocumentType::getNotations() const
                0x0000000000036a20                xercesc_2_8::DOM_DocumentType::getPublicId() const
                0x0000000000036a70                xercesc_2_8::DOM_DocumentType::getSystemId() const
                0x0000000000036ac0                xercesc_2_8::DOM_DocumentType::getInternalSubset() const
 *fill*         0x0000000000036b0b        0x5 
 .text          0x0000000000036b10      0x2c8 LINUX/depdom/DOM_Range.o
                0x0000000000036b10                xercesc_2_8::DOM_Range::DOM_Range()
                0x0000000000036b10                xercesc_2_8::DOM_Range::DOM_Range()
                0x0000000000036b20                xercesc_2_8::DOM_Range::DOM_Range(xercesc_2_8::RangeImpl*)
                0x0000000000036b20                xercesc_2_8::DOM_Range::DOM_Range(xercesc_2_8::RangeImpl*)
                0x0000000000036b30                xercesc_2_8::DOM_Range::DOM_Range(xercesc_2_8::DOM_Range const&)
                0x0000000000036b30                xercesc_2_8::DOM_Range::DOM_Range(xercesc_2_8::DOM_Range const&)
                0x0000000000036b40                xercesc_2_8::DOM_Range::~DOM_Range()
                0x0000000000036b40                xercesc_2_8::DOM_Range::~DOM_Range()
                0x0000000000036b60                xercesc_2_8::DOM_Range::operator=(xercesc_2_8::DOM_Range const&)
                0x0000000000036b90                xercesc_2_8::DOM_Range::operator=(xercesc_2_8::DOM_NullPtr const*)
                0x0000000000036bb0                xercesc_2_8::DOM_Range::operator!=(xercesc_2_8::DOM_Range const&) const
                0x0000000000036bc0                xercesc_2_8::DOM_Range::operator==(xercesc_2_8::DOM_Range const&) const
                0x0000000000036bd0                xercesc_2_8::DOM_Range::operator!=(xercesc_2_8::DOM_NullPtr const*) const
                0x0000000000036be0                xercesc_2_8::DOM_Range::operator==(xercesc_2_8::DOM_NullPtr const*) const
                0x0000000000036bf0                xercesc_2_8::DOM_Range::getStartContainer() const
                0x0000000000036c10                xercesc_2_8::DOM_Range::getStartOffset() const
                0x0000000000036c20                xercesc_2_8::DOM_Range::getEndContainer() const
                0x0000000000036c40                xercesc_2_8::DOM_Range::getEndOffset() const
                0x0000000000036c50                xercesc_2_8::DOM_Range::getCommonAncestorContainer() const
                0x0000000000036c70                xercesc_2_8::DOM_Range::setStart(xercesc_2_8::DOM_Node const&, unsigned int)
                0x0000000000036c80                xercesc_2_8::DOM_Range::setEnd(xercesc_2_8::DOM_Node const&, unsigned int)
                0x0000000000036c90                xercesc_2_8::DOM_Range::setStartBefore(xercesc_2_8::DOM_Node const&)
                0x0000000000036ca0                xercesc_2_8::DOM_Range::setStartAfter(xercesc_2_8::DOM_Node const&)
                0x0000000000036cb0                xercesc_2_8::DOM_Range::setEndBefore(xercesc_2_8::DOM_Node const&)
                0x0000000000036cc0                xercesc_2_8::DOM_Range::setEndAfter(xercesc_2_8::DOM_Node const&)
                0x0000000000036cd0                xercesc_2_8::DOM_Range::collapse(bool)
                0x0000000000036ce0                xercesc_2_8::DOM_Range::getCollapsed() const
                0x0000000000036cf0                xercesc_2_8::DOM_Range::selectNode(xercesc_2_8::DOM_Node const&)
                0x0000000000036d00                xercesc_2_8::DOM_Range::selectNodeContents(xercesc_2_8::DOM_Node const&)
                0x0000000000036d10                xercesc_2_8::DOM_Range::compareBoundaryPoints(xercesc_2_8::DOM_Range::CompareHow, xercesc_2_8::DOM_Range const&) const
                0x0000000000036d20                xercesc_2_8::DOM_Range::deleteContents()
                0x0000000000036d30                xercesc_2_8::DOM_Range::extractContents()
                0x0000000000036d50                xercesc_2_8::DOM_Range::cloneContents() const
                0x0000000000036d70                xercesc_2_8::DOM_Range::insertNode(xercesc_2_8::DOM_Node&)
                0x0000000000036d80                xercesc_2_8::DOM_Range::surroundContents(xercesc_2_8::DOM_Node&)
                0x0000000000036d90                xercesc_2_8::DOM_Range::cloneRange() const
                0x0000000000036db0                xercesc_2_8::DOM_Range::toString() const
                0x0000000000036dd0                xercesc_2_8::DOM_Range::detach()
 *fill*         0x0000000000036dd8        0x8 
 .text          0x0000000000036de0      0xa18 LINUX/depdom/DocumentTypeImpl.o
                0x0000000000036de0                xercesc_2_8::DocumentTypeImpl::getNodeType()
                0x0000000000036df0                xercesc_2_8::DocumentTypeImpl::getEntities()
                0x0000000000036e00                xercesc_2_8::DocumentTypeImpl::getElements()
                0x0000000000036e10                xercesc_2_8::DocumentTypeImpl::getNotations()
                0x0000000000036e20                xercesc_2_8::DocumentTypeImpl::isDocumentTypeImpl()
                0x0000000000036e30                xercesc_2_8::DocumentTypeImpl::getNodeName()
                0x0000000000036e50                xercesc_2_8::DocumentTypeImpl::getName()
                0x0000000000036e70                xercesc_2_8::DocumentTypeImpl::getPublicId()
                0x0000000000036e90                xercesc_2_8::DocumentTypeImpl::getSystemId()
                0x0000000000036eb0                xercesc_2_8::DocumentTypeImpl::getInternalSubset()
                0x0000000000036ed0                xercesc_2_8::DocumentTypeImpl::~DocumentTypeImpl()
                0x0000000000036ed0                xercesc_2_8::DocumentTypeImpl::~DocumentTypeImpl()
                0x0000000000036fe0                xercesc_2_8::DocumentTypeImpl::~DocumentTypeImpl()
                0x0000000000037000                xercesc_2_8::DocumentTypeImpl::setOwnerDocument(xercesc_2_8::DocumentImpl*)
                0x0000000000037040                xercesc_2_8::DocumentTypeImpl::setReadOnly(bool, bool)
                0x0000000000037090                xercesc_2_8::DocumentTypeImpl::setPublicId(xercesc_2_8::DOMString const&)
                0x0000000000037100                xercesc_2_8::DocumentTypeImpl::setSystemId(xercesc_2_8::DOMString const&)
                0x0000000000037170                xercesc_2_8::DocumentTypeImpl::setInternalSubset(xercesc_2_8::DOMString const&)
                0x00000000000371e0                xercesc_2_8::DocumentTypeImpl::DocumentTypeImpl(xercesc_2_8::DocumentImpl*, xercesc_2_8::DOMString const&)
                0x00000000000371e0                xercesc_2_8::DocumentTypeImpl::DocumentTypeImpl(xercesc_2_8::DocumentImpl*, xercesc_2_8::DOMString const&)
                0x0000000000037390                xercesc_2_8::DocumentTypeImpl::DocumentTypeImpl(xercesc_2_8::DocumentImpl*, xercesc_2_8::DOMString const&, xercesc_2_8::DOMString const&, xercesc_2_8::DOMString const&)
                0x0000000000037390                xercesc_2_8::DocumentTypeImpl::DocumentTypeImpl(xercesc_2_8::DocumentImpl*, xercesc_2_8::DOMString const&, xercesc_2_8::DOMString const&, xercesc_2_8::DOMString const&)
                0x00000000000375b0                xercesc_2_8::DocumentTypeImpl::DocumentTypeImpl(xercesc_2_8::DocumentTypeImpl const&, bool)
                0x00000000000375b0                xercesc_2_8::DocumentTypeImpl::DocumentTypeImpl(xercesc_2_8::DocumentTypeImpl const&, bool)
                0x00000000000377a0                xercesc_2_8::DocumentTypeImpl::cloneNode(bool)
                0x00000000000377f0                xercesc_2_8::DocumentTypeImpl::isIntSubsetReading()
 *fill*         0x00000000000377f8        0x8 
 .text          0x0000000000037800      0x263 LINUX/depdom/ElementDefinitionImpl.o
                0x0000000000037800                xercesc_2_8::ElementDefinitionImpl::getNodeType()
                0x0000000000037810                xercesc_2_8::ElementDefinitionImpl::getAttributes()
                0x0000000000037820                xercesc_2_8::ElementDefinitionImpl::~ElementDefinitionImpl()
                0x0000000000037820                xercesc_2_8::ElementDefinitionImpl::~ElementDefinitionImpl()
                0x0000000000037870                xercesc_2_8::ElementDefinitionImpl::~ElementDefinitionImpl()
                0x0000000000037890                xercesc_2_8::ElementDefinitionImpl::getNodeName()
                0x00000000000378b0                xercesc_2_8::ElementDefinitionImpl::ElementDefinitionImpl(xercesc_2_8::DocumentImpl*, xercesc_2_8::DOMString const&)
                0x00000000000378b0                xercesc_2_8::ElementDefinitionImpl::ElementDefinitionImpl(xercesc_2_8::DocumentImpl*, xercesc_2_8::DOMString const&)
                0x0000000000037950                xercesc_2_8::ElementDefinitionImpl::ElementDefinitionImpl(xercesc_2_8::ElementDefinitionImpl const&, bool)
                0x0000000000037950                xercesc_2_8::ElementDefinitionImpl::ElementDefinitionImpl(xercesc_2_8::ElementDefinitionImpl const&, bool)
                0x0000000000037a00                xercesc_2_8::ElementDefinitionImpl::cloneNode(bool)
 *fill*         0x0000000000037a63        0xd 
 .text          0x0000000000037a70      0x600 LINUX/depdom/NodeIDMap.o
                0x0000000000037a70                xercesc_2_8::NodeIDMap::~NodeIDMap()
                0x0000000000037a70                xercesc_2_8::NodeIDMap::~NodeIDMap()
                0x0000000000037aa0                xercesc_2_8::NodeIDMap::~NodeIDMap()
                0x0000000000037ac0                xercesc_2_8::NodeIDMap::NodeIDMap(int, xercesc_2_8::MemoryManager*)
                0x0000000000037ac0                xercesc_2_8::NodeIDMap::NodeIDMap(int, xercesc_2_8::MemoryManager*)
                0x0000000000037c50                xercesc_2_8::NodeIDMap::remove(xercesc_2_8::AttrImpl*)
                0x0000000000037d20                xercesc_2_8::NodeIDMap::find(xercesc_2_8::DOMString const&)
                0x0000000000037e20                xercesc_2_8::NodeIDMap::growTable()
                0x0000000000037f90                xercesc_2_8::NodeIDMap::add(xercesc_2_8::AttrImpl*)
 .text._ZNK11xercesc_2_816RuntimeException7getTypeEv
                0x0000000000038070        0x8 LINUX/depdom/NodeIDMap.o
                0x0000000000038070                xercesc_2_8::RuntimeException::getType() const
 *fill*         0x0000000000038078        0x8 
 .text._ZN11xercesc_2_816RuntimeExceptionD2Ev
                0x0000000000038080       0x13 LINUX/depdom/NodeIDMap.o
                0x0000000000038080                xercesc_2_8::RuntimeException::~RuntimeException()
                0x0000000000038080                xercesc_2_8::RuntimeException::~RuntimeException()
 *fill*         0x0000000000038093        0xd 
 .text._ZN11xercesc_2_816RuntimeExceptionD0Ev
                0x00000000000380a0       0x20 LINUX/depdom/NodeIDMap.o
                0x00000000000380a0                xercesc_2_8::RuntimeException::~RuntimeException()
 .text._ZNK11xercesc_2_816RuntimeException9duplicateEv
                0x00000000000380c0       0x50 LINUX/depdom/NodeIDMap.o
                0x00000000000380c0                xercesc_2_8::RuntimeException::duplicate() const
 .text._ZN11xercesc_2_816RuntimeExceptionC2EPKcjNS_10XMLExcepts5CodesEPNS_13MemoryManagerE
                0x0000000000038110       0x45 LINUX/depdom/NodeIDMap.o
                0x0000000000038110                xercesc_2_8::RuntimeException::RuntimeException(char const*, unsigned int, xercesc_2_8::XMLExcepts::Codes, xercesc_2_8::MemoryManager*)
                0x0000000000038110                xercesc_2_8::RuntimeException::RuntimeException(char const*, unsigned int, xercesc_2_8::XMLExcepts::Codes, xercesc_2_8::MemoryManager*)
 *fill*         0x0000000000038155        0xb 
 .text          0x0000000000038160       0x55 LINUX/depdom/DOM_Comment.o
                0x0000000000038160                xercesc_2_8::DOM_Comment::DOM_Comment()
                0x0000000000038160                xercesc_2_8::DOM_Comment::DOM_Comment()
                0x0000000000038170                xercesc_2_8::DOM_Comment::DOM_Comment(xercesc_2_8::DOM_Comment const&)
                0x0000000000038170                xercesc_2_8::DOM_Comment::DOM_Comment(xercesc_2_8::DOM_Comment const&)
                0x0000000000038180                xercesc_2_8::DOM_Comment::DOM_Comment(xercesc_2_8::CommentImpl*)
                0x0000000000038180                xercesc_2_8::DOM_Comment::DOM_Comment(xercesc_2_8::CommentImpl*)
                0x0000000000038190                xercesc_2_8::DOM_Comment::~DOM_Comment()
                0x0000000000038190                xercesc_2_8::DOM_Comment::~DOM_Comment()
                0x00000000000381a0                xercesc_2_8::DOM_Comment::operator=(xercesc_2_8::DOM_Comment const&)
                0x00000000000381b0                xercesc_2_8::DOM_Comment::operator=(xercesc_2_8::DOM_NullPtr const*)
 *fill*         0x00000000000381b5        0xb 
 .text          0x00000000000381c0      0x3fc LINUX/depdom/DOM_NamedNodeMap.o
                0x00000000000381c0                xercesc_2_8::DOM_NamedNodeMap::DOM_NamedNodeMap()
                0x00000000000381c0                xercesc_2_8::DOM_NamedNodeMap::DOM_NamedNodeMap()
                0x00000000000381e0                xercesc_2_8::DOM_NamedNodeMap::DOM_NamedNodeMap(xercesc_2_8::DOM_NamedNodeMap const&)
                0x00000000000381e0                xercesc_2_8::DOM_NamedNodeMap::DOM_NamedNodeMap(xercesc_2_8::DOM_NamedNodeMap const&)
                0x0000000000038210                xercesc_2_8::DOM_NamedNodeMap::DOM_NamedNodeMap(xercesc_2_8::NamedNodeMapImpl*)
                0x0000000000038210                xercesc_2_8::DOM_NamedNodeMap::DOM_NamedNodeMap(xercesc_2_8::NamedNodeMapImpl*)
                0x0000000000038240                xercesc_2_8::DOM_NamedNodeMap::DOM_NamedNodeMap(xercesc_2_8::NodeImpl*)
                0x0000000000038240                xercesc_2_8::DOM_NamedNodeMap::DOM_NamedNodeMap(xercesc_2_8::NodeImpl*)
                0x0000000000038260                xercesc_2_8::DOM_NamedNodeMap::~DOM_NamedNodeMap()
                0x0000000000038260                xercesc_2_8::DOM_NamedNodeMap::~DOM_NamedNodeMap()
                0x0000000000038280                xercesc_2_8::DOM_NamedNodeMap::operator==(xercesc_2_8::DOM_NamedNodeMap const&) const
                0x0000000000038290                xercesc_2_8::DOM_NamedNodeMap::operator!=(xercesc_2_8::DOM_NamedNodeMap const&) const
                0x00000000000382a0                xercesc_2_8::DOM_NamedNodeMap::operator==(xercesc_2_8::DOM_NullPtr const*) const
                0x00000000000382b0                xercesc_2_8::DOM_NamedNodeMap::operator!=(xercesc_2_8::DOM_NullPtr const*) const
                0x00000000000382c0                xercesc_2_8::DOM_NamedNodeMap::operator=(xercesc_2_8::DOM_NamedNodeMap const&)
                0x0000000000038320                xercesc_2_8::DOM_NamedNodeMap::operator=(xercesc_2_8::DOM_NullPtr const*)
                0x0000000000038360                xercesc_2_8::DOM_NamedNodeMap::getNamedItem(xercesc_2_8::DOMString const&) const
                0x00000000000383b0                xercesc_2_8::DOM_NamedNodeMap::setNamedItem(xercesc_2_8::DOM_Node)
                0x0000000000038400                xercesc_2_8::DOM_NamedNodeMap::removeNamedItem(xercesc_2_8::DOMString const&)
                0x0000000000038450                xercesc_2_8::DOM_NamedNodeMap::item(unsigned int) const
                0x00000000000384a0                xercesc_2_8::DOM_NamedNodeMap::getLength() const
                0x00000000000384d0                xercesc_2_8::DOM_NamedNodeMap::getNamedItemNS(xercesc_2_8::DOMString const&, xercesc_2_8::DOMString const&)
                0x0000000000038520                xercesc_2_8::DOM_NamedNodeMap::setNamedItemNS(xercesc_2_8::DOM_Node)
                0x0000000000038570                xercesc_2_8::DOM_NamedNodeMap::removeNamedItemNS(xercesc_2_8::DOMString const&, xercesc_2_8::DOMString const&)
 *fill*         0x00000000000385bc        0x4 
 .text          0x00000000000385c0     0x3753 LINUX/depdom/DOMParser.o
                0x00000000000385c0                xercesc_2_8::DOMParser::resetErrors()
                0x00000000000385d0                non-virtual thunk to xercesc_2_8::DOMParser::resetErrors()
                0x00000000000385e0                xercesc_2_8::DOMParser::resolveEntity(unsigned short const*, unsigned short const*, unsigned short const*)
                0x0000000000038600                non-virtual thunk to xercesc_2_8::DOMParser::resolveEntity(unsigned short const*, unsigned short const*, unsigned short const*)
                0x0000000000038610                xercesc_2_8::DOMParser::endIntSubset()
                0x0000000000038620                non-virtual thunk to xercesc_2_8::DOMParser::endIntSubset()
                0x0000000000038630                xercesc_2_8::DOMParser::endExtSubset()
                0x0000000000038640                non-virtual thunk to xercesc_2_8::DOMParser::endExtSubset()
                0x0000000000038650                xercesc_2_8::DOMParser::resetDocType()
                0x0000000000038660                non-virtual thunk to xercesc_2_8::DOMParser::resetDocType()
                0x0000000000038670                xercesc_2_8::DOMParser::startAttList(xercesc_2_8::DTDElementDecl const&)
                0x0000000000038680                non-virtual thunk to xercesc_2_8::DOMParser::startAttList(xercesc_2_8::DTDElementDecl const&)
                0x0000000000038690                xercesc_2_8::DOMParser::startIntSubset()
                0x00000000000386a0                non-virtual thunk to xercesc_2_8::DOMParser::startIntSubset()
                0x00000000000386b0                xercesc_2_8::DOMParser::startExtSubset()
                0x00000000000386c0                non-virtual thunk to xercesc_2_8::DOMParser::startExtSubset()
                0x00000000000386d0                xercesc_2_8::DOMParser::TextDecl(unsigned short const*, unsigned short const*)
                0x00000000000386e0                non-virtual thunk to xercesc_2_8::DOMParser::TextDecl(unsigned short const*, unsigned short const*)
                0x00000000000386f0                xercesc_2_8::DOMParser::error(unsigned int, unsigned short const*, xercesc_2_8::XMLErrorReporter::ErrTypes, unsigned short const*, unsigned short const*, unsigned short const*, long, long)
                0x00000000000387e0                non-virtual thunk to xercesc_2_8::DOMParser::error(unsigned int, unsigned short const*, xercesc_2_8::XMLErrorReporter::ErrTypes, unsigned short const*, unsigned short const*, unsigned short const*, long, long)
                0x00000000000387f0                xercesc_2_8::DOMParser::docCharacters(unsigned short const*, unsigned int, bool)
                0x00000000000389e0                xercesc_2_8::DOMParser::ignorableWhitespace(unsigned short const*, unsigned int, bool)
                0x0000000000038b40                xercesc_2_8::DOMParser::docComment(unsigned short const*)
                0x0000000000038bf0                xercesc_2_8::DOMParser::docPI(unsigned short const*, unsigned short const*)
                0x0000000000038ce0                xercesc_2_8::DOMParser::startDocument()
                0x0000000000038d20                xercesc_2_8::DOMParser::endDocument()
                0x0000000000038d30                xercesc_2_8::DOMParser::XMLDecl(unsigned short const*, unsigned short const*, unsigned short const*, unsigned short const*)
                0x0000000000038e40                xercesc_2_8::DOMParser::doctypeWhitespace(unsigned short const*, unsigned int)
                0x0000000000038e80                non-virtual thunk to xercesc_2_8::DOMParser::doctypeWhitespace(unsigned short const*, unsigned int)
                0x0000000000038e90                xercesc_2_8::DOMParser::doctypeComment(unsigned short const*)
                0x0000000000038f60                non-virtual thunk to xercesc_2_8::DOMParser::doctypeComment(unsigned short const*)
                0x0000000000038f70                xercesc_2_8::DOMParser::doctypePI(unsigned short const*, unsigned short const*)
                0x0000000000039040                non-virtual thunk to xercesc_2_8::DOMParser::doctypePI(unsigned short const*, unsigned short const*)
                0x0000000000039050                xercesc_2_8::DOMParser::elementDecl(xercesc_2_8::DTDElementDecl const&, bool)
                0x0000000000039140                non-virtual thunk to xercesc_2_8::DOMParser::elementDecl(xercesc_2_8::DTDElementDecl const&, bool)
                0x0000000000039150                xercesc_2_8::DOMParser::doctypeDecl(xercesc_2_8::DTDElementDecl const&, unsigned short const*, unsigned short const*, bool, bool)
                0x0000000000039280                non-virtual thunk to xercesc_2_8::DOMParser::doctypeDecl(xercesc_2_8::DTDElementDecl const&, unsigned short const*, unsigned short const*, bool, bool)
                0x0000000000039290                xercesc_2_8::DOMParser::notationDecl(xercesc_2_8::XMLNotationDecl const&, bool)
                0x0000000000039390                non-virtual thunk to xercesc_2_8::DOMParser::notationDecl(xercesc_2_8::XMLNotationDecl const&, bool)
                0x00000000000393a0                xercesc_2_8::DOMParser::entityDecl(xercesc_2_8::DTDEntityDecl const&, bool, bool)
                0x00000000000397d0                non-virtual thunk to xercesc_2_8::DOMParser::entityDecl(xercesc_2_8::DTDEntityDecl const&, bool, bool)
                0x00000000000397e0                xercesc_2_8::DOMParser::attDef(xercesc_2_8::DTDElementDecl const&, xercesc_2_8::DTDAttDef const&, bool)
                0x0000000000039be0                non-virtual thunk to xercesc_2_8::DOMParser::attDef(xercesc_2_8::DTDElementDecl const&, xercesc_2_8::DTDAttDef const&, bool)
                0x0000000000039bf0                xercesc_2_8::DOMParser::resolveEntity(xercesc_2_8::XMLResourceIdentifier*)
                0x0000000000039c30                non-virtual thunk to xercesc_2_8::DOMParser::resolveEntity(xercesc_2_8::XMLResourceIdentifier*)
                0x0000000000039c40                xercesc_2_8::DOMParser::endAttList(xercesc_2_8::DTDElementDecl const&)
                0x000000000003a1f0                non-virtual thunk to xercesc_2_8::DOMParser::endAttList(xercesc_2_8::DTDElementDecl const&)
                0x000000000003a200                xercesc_2_8::DOMParser::cleanUp()
                0x000000000003a2c0                xercesc_2_8::DOMParser::~DOMParser()
                0x000000000003a2c0                xercesc_2_8::DOMParser::~DOMParser()
                0x000000000003a3d0                non-virtual thunk to xercesc_2_8::DOMParser::~DOMParser()
                0x000000000003a3e0                non-virtual thunk to xercesc_2_8::DOMParser::~DOMParser()
                0x000000000003a3f0                non-virtual thunk to xercesc_2_8::DOMParser::~DOMParser()
                0x000000000003a400                xercesc_2_8::DOMParser::~DOMParser()
                0x000000000003a420                non-virtual thunk to xercesc_2_8::DOMParser::~DOMParser()
                0x000000000003a430                non-virtual thunk to xercesc_2_8::DOMParser::~DOMParser()
                0x000000000003a440                non-virtual thunk to xercesc_2_8::DOMParser::~DOMParser()
                0x000000000003a450                xercesc_2_8::DOMParser::reset()
                0x000000000003a4d0                xercesc_2_8::DOMParser::initialize()
                0x000000000003a5f0                xercesc_2_8::DOMParser::DOMParser(xercesc_2_8::XMLValidator*, xercesc_2_8::MemoryManager*, xercesc_2_8::XMLGrammarPool*)
                0x000000000003a5f0                xercesc_2_8::DOMParser::DOMParser(xercesc_2_8::XMLValidator*, xercesc_2_8::MemoryManager*, xercesc_2_8::XMLGrammarPool*)
                0x000000000003a7a0                xercesc_2_8::DOMParser::resetDocument()
                0x000000000003a7b0                xercesc_2_8::DOMParser::getValidator() const
                0x000000000003a7c0                xercesc_2_8::DOMParser::getDoNamespaces() const
                0x000000000003a7d0                xercesc_2_8::DOMParser::getExitOnFirstFatalError() const
                0x000000000003a7e0                xercesc_2_8::DOMParser::getValidationConstraintFatal() const
                0x000000000003a7f0                xercesc_2_8::DOMParser::getValidationScheme() const
                0x000000000003a820                xercesc_2_8::DOMParser::getDoSchema() const
                0x000000000003a830                xercesc_2_8::DOMParser::getValidationSchemaFullChecking() const
                0x000000000003a840                xercesc_2_8::DOMParser::getIdentityConstraintChecking() const
                0x000000000003a850                xercesc_2_8::DOMParser::getErrorCount() const
                0x000000000003a860                xercesc_2_8::DOMParser::getExternalSchemaLocation() const
                0x000000000003a870                xercesc_2_8::DOMParser::getExternalNoNamespaceSchemaLocation() const
                0x000000000003a880                xercesc_2_8::DOMParser::isCachingGrammarFromParse() const
                0x000000000003a890                xercesc_2_8::DOMParser::isUsingCachedGrammarInParse() const
                0x000000000003a8a0                xercesc_2_8::DOMParser::getGrammar(unsigned short const*)
                0x000000000003a8b0                xercesc_2_8::DOMParser::getRootGrammar()
                0x000000000003a8c0                xercesc_2_8::DOMParser::getURIText(unsigned int) const
                0x000000000003a8d0                xercesc_2_8::DOMParser::getCalculateSrcOfs() const
                0x000000000003a8e0                xercesc_2_8::DOMParser::getStandardUriConformant() const
                0x000000000003a8f0                xercesc_2_8::DOMParser::getSrcOffset() const
                0x000000000003a910                xercesc_2_8::DOMParser::setDoNamespaces(bool)
                0x000000000003a920                xercesc_2_8::DOMParser::setErrorHandler(xercesc_2_8::ErrorHandler*)
                0x000000000003a970                xercesc_2_8::DOMParser::setPSVIHandler(xercesc_2_8::PSVIHandler*)
                0x000000000003a9a0                xercesc_2_8::DOMParser::setEntityResolver(xercesc_2_8::EntityResolver*)
                0x000000000003a9f0                xercesc_2_8::DOMParser::setXMLEntityResolver(xercesc_2_8::XMLEntityResolver*)
                0x000000000003aa40                xercesc_2_8::DOMParser::setExitOnFirstFatalError(bool)
                0x000000000003aa50                xercesc_2_8::DOMParser::setValidationConstraintFatal(bool)
                0x000000000003aa60                xercesc_2_8::DOMParser::setValidationScheme(xercesc_2_8::DOMParser::ValSchemes)
                0x000000000003aaa0                xercesc_2_8::DOMParser::setDoSchema(bool)
                0x000000000003aab0                xercesc_2_8::DOMParser::setValidationSchemaFullChecking(bool)
                0x000000000003aac0                xercesc_2_8::DOMParser::setIdentityConstraintChecking(bool)
                0x000000000003aad0                xercesc_2_8::DOMParser::setExternalSchemaLocation(unsigned short const*)
                0x000000000003ab60                xercesc_2_8::DOMParser::setExternalNoNamespaceSchemaLocation(unsigned short const*)
                0x000000000003abf0                xercesc_2_8::DOMParser::setExternalSchemaLocation(char const*)
                0x000000000003ac30                xercesc_2_8::DOMParser::setExternalNoNamespaceSchemaLocation(char const*)
                0x000000000003ac70                xercesc_2_8::DOMParser::cacheGrammarFromParse(bool)
                0x000000000003ac90                xercesc_2_8::DOMParser::useCachedGrammarInParse(bool)
                0x000000000003acb0                xercesc_2_8::DOMParser::setCalculateSrcOfs(bool)
                0x000000000003acc0                xercesc_2_8::DOMParser::setStandardUriConformant(bool)
                0x000000000003acd0                xercesc_2_8::DOMParser::useScanner(unsigned short const*)
                0x000000000003ad30                xercesc_2_8::DOMParser::parse(xercesc_2_8::InputSource const&)
                0x000000000003adf0                xercesc_2_8::DOMParser::parse(unsigned short const*)
                0x000000000003aeb0                xercesc_2_8::DOMParser::parse(char const*)
                0x000000000003af70                xercesc_2_8::DOMParser::parseFirst(unsigned short const*, xercesc_2_8::XMLPScanToken&)
                0x000000000003aff0                xercesc_2_8::DOMParser::parseFirst(char const*, xercesc_2_8::XMLPScanToken&)
                0x000000000003b070                xercesc_2_8::DOMParser::parseFirst(xercesc_2_8::InputSource const&, xercesc_2_8::XMLPScanToken&)
                0x000000000003b0f0                xercesc_2_8::DOMParser::parseNext(xercesc_2_8::XMLPScanToken&)
                0x000000000003b100                xercesc_2_8::DOMParser::parseReset(xercesc_2_8::XMLPScanToken&)
                0x000000000003b120                xercesc_2_8::DOMParser::getDoValidation() const
                0x000000000003b130                xercesc_2_8::DOMParser::setDoValidation(bool)
                0x000000000003b160                xercesc_2_8::DOMParser::loadGrammar(char const*, short, bool)
                0x000000000003b230                xercesc_2_8::DOMParser::loadGrammar(unsigned short const*, short, bool)
                0x000000000003b300                xercesc_2_8::DOMParser::loadGrammar(xercesc_2_8::InputSource const&, short, bool)
                0x000000000003b3d0                xercesc_2_8::DOMParser::resetCachedGrammarPool()
                0x000000000003b3e0                xercesc_2_8::DOMParser::endEntityReference(xercesc_2_8::XMLEntityDecl const&)
                0x000000000003b4f0                xercesc_2_8::DOMParser::endElement(xercesc_2_8::XMLElementDecl const&, unsigned int, bool, unsigned short const*)
                0x000000000003b560                xercesc_2_8::DOMParser::startElement(xercesc_2_8::XMLElementDecl const&, unsigned int, unsigned short const*, xercesc_2_8::RefVectorOf<xercesc_2_8::XMLAttr> const&, unsigned int, bool, bool)
                0x000000000003bc30                xercesc_2_8::DOMParser::startEntityReference(xercesc_2_8::XMLEntityDecl const&)
 *fill*         0x000000000003bd13        0xd 
 .text._ZN11xercesc_2_816XMLErrorReporterD2Ev
                0x000000000003bd20        0xf LINUX/depdom/DOMParser.o
                0x000000000003bd20                xercesc_2_8::XMLErrorReporter::~XMLErrorReporter()
                0x000000000003bd20                xercesc_2_8::XMLErrorReporter::~XMLErrorReporter()
 *fill*         0x000000000003bd2f        0x1 
 .text._ZN11xercesc_2_813XSerializableD2Ev
                0x000000000003bd30        0xf LINUX/depdom/DOMParser.o
                0x000000000003bd30                xercesc_2_8::XSerializable::~XSerializable()
                0x000000000003bd30                xercesc_2_8::XSerializable::~XSerializable()
 *fill*         0x000000000003bd3f        0x1 
 .text._ZN11xercesc_2_810XMLRefInfoD2Ev
                0x000000000003bd40       0x46 LINUX/depdom/DOMParser.o
                0x000000000003bd40                xercesc_2_8::XMLRefInfo::~XMLRefInfo()
                0x000000000003bd40                xercesc_2_8::XMLRefInfo::~XMLRefInfo()
 *fill*         0x000000000003bd86        0xa 
 .text._ZNK11xercesc_2_819EmptyStackException7getTypeEv
                0x000000000003bd90        0x8 LINUX/depdom/DOMParser.o
                0x000000000003bd90                xercesc_2_8::EmptyStackException::getType() const
 *fill*         0x000000000003bd98        0x8 
 .text._ZNK11xercesc_2_813DTDEntityDecl22getDeclaredInIntSubsetEv
                0x000000000003bda0        0x5 LINUX/depdom/DOMParser.o
                0x000000000003bda0                xercesc_2_8::DTDEntityDecl::getDeclaredInIntSubset() const
 *fill*         0x000000000003bda5        0xb 
 .text._ZNK11xercesc_2_813DTDEntityDecl14getIsParameterEv
                0x000000000003bdb0        0x5 LINUX/depdom/DOMParser.o
                0x000000000003bdb0                xercesc_2_8::DTDEntityDecl::getIsParameter() const
 *fill*         0x000000000003bdb5        0xb 
 .text._ZNK11xercesc_2_813DTDEntityDecl16getIsSpecialCharEv
                0x000000000003bdc0        0x5 LINUX/depdom/DOMParser.o
                0x000000000003bdc0                xercesc_2_8::DTDEntityDecl::getIsSpecialChar() const
 *fill*         0x000000000003bdc5        0xb 
 .text._ZN11xercesc_2_813XMLAttDefListD2Ev
                0x000000000003bdd0        0xf LINUX/depdom/DOMParser.o
                0x000000000003bdd0                xercesc_2_8::XMLAttDefList::~XMLAttDefList()
                0x000000000003bdd0                xercesc_2_8::XMLAttDefList::~XMLAttDefList()
 *fill*         0x000000000003bddf        0x1 
 .text._ZNK11xercesc_2_811IOException7getTypeEv
                0x000000000003bde0        0x8 LINUX/depdom/DOMParser.o
                0x000000000003bde0                xercesc_2_8::IOException::getType() const
 *fill*         0x000000000003bde8        0x8 
 .text._ZN11xercesc_2_818XMLDocumentHandlerD2Ev
                0x000000000003bdf0        0xf LINUX/depdom/DOMParser.o
                0x000000000003bdf0                xercesc_2_8::XMLDocumentHandler::~XMLDocumentHandler()
                0x000000000003bdf0                xercesc_2_8::XMLDocumentHandler::~XMLDocumentHandler()
 *fill*         0x000000000003bdff        0x1 
 .text._ZN11xercesc_2_818XMLDocumentHandler15elementTypeInfoEPKtS2_
                0x000000000003be00        0x2 LINUX/depdom/DOMParser.o
                0x000000000003be00                xercesc_2_8::XMLDocumentHandler::elementTypeInfo(unsigned short const*, unsigned short const*)
 *fill*         0x000000000003be02        0xe 
 .text._ZN11xercesc_2_816XMLEntityHandlerD2Ev
                0x000000000003be10        0xf LINUX/depdom/DOMParser.o
                0x000000000003be10                xercesc_2_8::XMLEntityHandler::~XMLEntityHandler()
                0x000000000003be10                xercesc_2_8::XMLEntityHandler::~XMLEntityHandler()
 *fill*         0x000000000003be1f        0x1 
 .text._ZN11xercesc_2_814DocTypeHandlerD2Ev
                0x000000000003be20        0xf LINUX/depdom/DOMParser.o
                0x000000000003be20                xercesc_2_8::DocTypeHandler::~DocTypeHandler()
                0x000000000003be20                xercesc_2_8::DocTypeHandler::~DocTypeHandler()
 *fill*         0x000000000003be2f        0x1 
 .text._ZN11xercesc_2_89DOMParser14endInputSourceERKNS_11InputSourceE
                0x000000000003be30       0x16 LINUX/depdom/DOMParser.o
                0x000000000003be30                xercesc_2_8::DOMParser::endInputSource(xercesc_2_8::InputSource const&)
                0x000000000003be40                non-virtual thunk to xercesc_2_8::DOMParser::endInputSource(xercesc_2_8::InputSource const&)
 *fill*         0x000000000003be46        0xa 
 .text._ZN11xercesc_2_89DOMParser14expandSystemIdEPKtRNS_9XMLBufferE
                0x000000000003be50       0x16 LINUX/depdom/DOMParser.o
                0x000000000003be50                xercesc_2_8::DOMParser::expandSystemId(unsigned short const*, xercesc_2_8::XMLBuffer&)
                0x000000000003be60                non-virtual thunk to xercesc_2_8::DOMParser::expandSystemId(unsigned short const*, xercesc_2_8::XMLBuffer&)
 *fill*         0x000000000003be66        0xa 
 .text._ZN11xercesc_2_89DOMParser13resetEntitiesEv
                0x000000000003be70       0x16 LINUX/depdom/DOMParser.o
                0x000000000003be70                xercesc_2_8::DOMParser::resetEntities()
                0x000000000003be80                non-virtual thunk to xercesc_2_8::DOMParser::resetEntities()
 *fill*         0x000000000003be86        0xa 
 .text._ZN11xercesc_2_89DOMParser16startInputSourceERKNS_11InputSourceE
                0x000000000003be90       0x16 LINUX/depdom/DOMParser.o
                0x000000000003be90                xercesc_2_8::DOMParser::startInputSource(xercesc_2_8::InputSource const&)
                0x000000000003bea0                non-virtual thunk to xercesc_2_8::DOMParser::startInputSource(xercesc_2_8::InputSource const&)
 *fill*         0x000000000003bea6        0xa 
 .text._ZN11xercesc_2_815ContentSpecNodeD2Ev
                0x000000000003beb0       0x71 LINUX/depdom/DOMParser.o
                0x000000000003beb0                xercesc_2_8::ContentSpecNode::~ContentSpecNode()
                0x000000000003beb0                xercesc_2_8::ContentSpecNode::~ContentSpecNode()
 *fill*         0x000000000003bf21        0xf 
 .text._ZN11xercesc_2_816XMLErrorReporterD0Ev
                0x000000000003bf30       0x13 LINUX/depdom/DOMParser.o
                0x000000000003bf30                xercesc_2_8::XMLErrorReporter::~XMLErrorReporter()
 *fill*         0x000000000003bf43        0xd 
 .text._ZN11xercesc_2_813XSerializableD0Ev
                0x000000000003bf50       0x13 LINUX/depdom/DOMParser.o
                0x000000000003bf50                xercesc_2_8::XSerializable::~XSerializable()
 *fill*         0x000000000003bf63        0xd 
 .text._ZN11xercesc_2_818XMLDocumentHandlerD0Ev
                0x000000000003bf70       0x13 LINUX/depdom/DOMParser.o
                0x000000000003bf70                xercesc_2_8::XMLDocumentHandler::~XMLDocumentHandler()
 *fill*         0x000000000003bf83        0xd 
 .text._ZN11xercesc_2_816XMLEntityHandlerD0Ev
                0x000000000003bf90       0x13 LINUX/depdom/DOMParser.o
                0x000000000003bf90                xercesc_2_8::XMLEntityHandler::~XMLEntityHandler()
 *fill*         0x000000000003bfa3        0xd 
 .text._ZN11xercesc_2_814DocTypeHandlerD0Ev
                0x000000000003bfb0       0x13 LINUX/depdom/DOMParser.o
                0x000000000003bfb0                xercesc_2_8::DocTypeHandler::~DocTypeHandler()
 *fill*         0x000000000003bfc3        0xd 
 .text._ZN11xercesc_2_819EmptyStackExceptionD2Ev
                0x000000000003bfd0       0x13 LINUX/depdom/DOMParser.o
                0x000000000003bfd0                xercesc_2_8::EmptyStackException::~EmptyStackException()
                0x000000000003bfd0                xercesc_2_8::EmptyStackException::~EmptyStackException()
 *fill*         0x000000000003bfe3        0xd 
 .text._ZN11xercesc_2_811IOExceptionD2Ev
                0x000000000003bff0       0x13 LINUX/depdom/DOMParser.o
                0x000000000003bff0                xercesc_2_8::IOException::~IOException()
                0x000000000003bff0                xercesc_2_8::IOException::~IOException()
 *fill*         0x000000000003c003        0xd 
 .text._ZN11xercesc_2_810XMLRefInfoD0Ev
                0x000000000003c010       0x4d LINUX/depdom/DOMParser.o
                0x000000000003c010                xercesc_2_8::XMLRefInfo::~XMLRefInfo()
 *fill*         0x000000000003c05d        0x3 
 .text._ZN11xercesc_2_819EmptyStackExceptionD0Ev
                0x000000000003c060       0x20 LINUX/depdom/DOMParser.o
                0x000000000003c060                xercesc_2_8::EmptyStackException::~EmptyStackException()
 .text._ZN11xercesc_2_813XMLAttDefListD0Ev
                0x000000000003c080       0x13 LINUX/depdom/DOMParser.o
                0x000000000003c080                xercesc_2_8::XMLAttDefList::~XMLAttDefList()
 *fill*         0x000000000003c093        0xd 
 .text._ZN11xercesc_2_811IOExceptionD0Ev
                0x000000000003c0a0       0x20 LINUX/depdom/DOMParser.o
                0x000000000003c0a0                xercesc_2_8::IOException::~IOException()
 .text._ZNK11xercesc_2_819EmptyStackException9duplicateEv
                0x000000000003c0c0       0x50 LINUX/depdom/DOMParser.o
                0x000000000003c0c0                xercesc_2_8::EmptyStackException::duplicate() const
 .text._ZNK11xercesc_2_811IOException9duplicateEv
                0x000000000003c110       0x50 LINUX/depdom/DOMParser.o
                0x000000000003c110                xercesc_2_8::IOException::duplicate() const
 .text._ZN11xercesc_2_813DTDEntityDeclD2Ev
                0x000000000003c160       0x13 LINUX/depdom/DOMParser.o
                0x000000000003c160                xercesc_2_8::DTDEntityDecl::~DTDEntityDecl()
                0x000000000003c160                xercesc_2_8::DTDEntityDecl::~DTDEntityDecl()
 *fill*         0x000000000003c173        0xd 
 .text._ZN11xercesc_2_813DTDEntityDeclD0Ev
                0x000000000003c180       0x20 LINUX/depdom/DOMParser.o
                0x000000000003c180                xercesc_2_8::DTDEntityDecl::~DTDEntityDecl()
 .text._ZN11xercesc_2_815ContentSpecNodeD0Ev
                0x000000000003c1a0       0x78 LINUX/depdom/DOMParser.o
                0x000000000003c1a0                xercesc_2_8::ContentSpecNode::~ContentSpecNode()
 *fill*         0x000000000003c218        0x8 
 .text._ZN11xercesc_2_830ArrayIndexOutOfBoundsExceptionC2EPKcjNS_10XMLExcepts5CodesEPNS_13MemoryManagerE
                0x000000000003c220       0x45 LINUX/depdom/DOMParser.o
                0x000000000003c220                xercesc_2_8::ArrayIndexOutOfBoundsException::ArrayIndexOutOfBoundsException(char const*, unsigned int, xercesc_2_8::XMLExcepts::Codes, xercesc_2_8::MemoryManager*)
                0x000000000003c220                xercesc_2_8::ArrayIndexOutOfBoundsException::ArrayIndexOutOfBoundsException(char const*, unsigned int, xercesc_2_8::XMLExcepts::Codes, xercesc_2_8::MemoryManager*)
 *fill*         0x000000000003c265        0xb 
 .text._ZN11xercesc_2_811IOExceptionC2EPKcjNS_10XMLExcepts5CodesEPNS_13MemoryManagerE
                0x000000000003c270       0x45 LINUX/depdom/DOMParser.o
                0x000000000003c270                xercesc_2_8::IOException::IOException(char const*, unsigned int, xercesc_2_8::XMLExcepts::Codes, xercesc_2_8::MemoryManager*)