
Discarded input sections

 .note.GNU-stack
                0x0000000000000000        0x0 /usr/lib/gcc/x86_64-redhat-linux/4.8.5/../../../../lib64/crti.o
 .note.GNU-stack
                0x0000000000000000        0x0 /usr/lib/gcc/x86_64-redhat-linux/4.8.5/crtbeginS.o
 .group         0x0000000000000000        0x8 LINUX/depdom/AttrImpl.o
 .group         0x0000000000000000        0x8 LINUX/depdom/AttrImpl.o
 .group         0x0000000000000000        0x8 LINUX/depdom/AttrImpl.o
 .group         0x0000000000000000        0x8 LINUX/depdom/AttrImpl.o
 .group         0x0000000000000000        0x8 LINUX/depdom/AttrImpl.o
 .group         0x0000000000000000        0xc LINUX/depdom/AttrImpl.o
 .group         0x0000000000000000        0x8 LINUX/depdom/AttrImpl.o
 .group         0x0000000000000000        0x8 LINUX/depdom/AttrImpl.o
 .group         0x0000000000000000        0x8 LINUX/depdom/AttrImpl.o
 .group         0x0000000000000000        0x8 LINUX/depdom/AttrImpl.o
 .group         0x0000000000000000        0x8 LINUX/depdom/AttrImpl.o
 .group         0x0000000000000000        0x8 LINUX/depdom/AttrImpl.o
 .group         0x0000000000000000        0x8 LINUX/depdom/AttrImpl.o
 .group         0x0000000000000000        0x8 LINUX/depdom/AttrImpl.o
 .group         0x0000000000000000        0x8 LINUX/depdom/AttrImpl.o
 .group         0x0000000000000000        0x8 LINUX/depdom/AttrImpl.o
 .group         0x0000000000000000        0x8 LINUX/depdom/AttrImpl.o
 .note.GNU-stack
                0x0000000000000000        0x0 LINUX/depdom/AttrImpl.o
 .note.GNU-stack
                0x0000000000000000        0x0 LINUX/depdom/DOM_CharacterData.o
 .group         0x0000000000000000        0x8 LINUX/depdom/AttrMapImpl.o
 .group         0x0000000000000000        0x8 LINUX/depdom/AttrMapImpl.o
 .group         0x0000000000000000        0x8 LINUX/depdom/AttrMapImpl.o
 .group         0x0000000000000000        0x8 LINUX/depdom/AttrMapImpl.o
 .group         0x0000000000000000        0x8 LINUX/depdom/AttrMapImpl.o
 .group         0x0000000000000000        0x8 LINUX/depdom/AttrMapImpl.o
 .group         0x0000000000000000        0x8 LINUX/depdom/AttrMapImpl.o
 .group         0x0000000000000000        0x8 LINUX/depdom/AttrMapImpl.o
 .group         0x0000000000000000        0x8 LINUX/depdom/AttrMapImpl.o
 .group         0x0000000000000000        0x8 LINUX/depdom/AttrMapImpl.o
 .group         0x0000000000000000        0x8 LINUX/depdom/AttrMapImpl.o
 .text._ZN11xercesc_2_810XMLDeleterD2Ev
                0x0000000000000000        0xf LINUX/depdom/AttrMapImpl.o
 .text._ZN11xercesc_2_810XMLDeleterD0Ev
                0x0000000000000000       0x13 LINUX/depdom/AttrMapImpl.o
 .rodata._ZTSN11xercesc_2_810XMLDeleterE
                0x0000000000000000       0x1c LINUX/depdom/AttrMapImpl.o
 .data.rel.ro._ZTIN11xercesc_2_810XMLDeleterE
                0x0000000000000000       0x10 LINUX/depdom/AttrMapImpl.o
 .data.rel.ro._ZTVN11xercesc_2_810XMLDeleterE
                0x0000000000000000       0x20 LINUX/depdom/AttrMapImpl.o
 .data.DW.ref.__gxx_personality_v0
                0x0000000000000000        0x8 LINUX/depdom/AttrMapImpl.o
 .note.GNU-stack
                0x0000000000000000        0x0 LINUX/depdom/AttrMapImpl.o
 .note.GNU-stack
                0x0000000000000000        0x0 LINUX/depdom/DOM_Notation.o
 .group         0x0000000000000000        0x8 LINUX/depdom/NodeVector.o
 .group         0x0000000000000000        0x8 LINUX/depdom/NodeVector.o
 .group         0x0000000000000000        0x8 LINUX/depdom/NodeVector.o
 .group         0x0000000000000000        0x8 LINUX/depdom/NodeVector.o
 .group         0x0000000000000000        0x8 LINUX/depdom/NodeVector.o
 .text._ZN11xercesc_2_810XMLDeleterD2Ev
                0x0000000000000000        0xf LINUX/depdom/NodeVector.o
 .text._ZN11xercesc_2_810XMLDeleterD0Ev
                0x0000000000000000       0x13 LINUX/depdom/NodeVector.o
 .rodata._ZTSN11xercesc_2_810XMLDeleterE
                0x0000000000000000       0x1c LINUX/depdom/NodeVector.o
 .data.rel.ro._ZTIN11xercesc_2_810XMLDeleterE
                0x0000000000000000       0x10 LINUX/depdom/NodeVector.o
 .data.rel.ro._ZTVN11xercesc_2_810XMLDeleterE
                0x0000000000000000       0x20 LINUX/depdom/NodeVector.o
 .note.GNU-stack
                0x0000000000000000        0x0 LINUX/depdom/NodeVector.o
 .group         0x0000000000000000        0x8 LINUX/depdom/DOMString.o
 .group         0x0000000000000000        0x8 LINUX/depdom/DOMString.o
 .group         0x0000000000000000        0x8 LINUX/depdom/DOMString.o
 .group         0x0000000000000000        0x8 LINUX/depdom/DOMString.o
 .group         0x0000000000000000        0x8 LINUX/depdom/DOMString.o
 .group         0x0000000000000000        0x8 LINUX/depdom/DOMString.o
 .text._ZN11xercesc_2_810XMLDeleterD2Ev
                0x0000000000000000        0xf LINUX/depdom/DOMString.o
 .text._ZN11xercesc_2_810XMLDeleterD0Ev
                0x0000000000000000       0x13 LINUX/depdom/DOMString.o
[...]
Memory Configuration

Name             Origin             Length             Attributes
*default*        0x0000000000000000 0xffffffffffffffff

Linker script and memory map

LOAD /usr/lib/gcc/x86_64-redhat-linux/4.8.5/../../../../lib64/crti.o
LOAD /usr/lib/gcc/x86_64-redhat-linux/4.8.5/crtbeginS.o
LOAD LINUX/depdom/AttrImpl.o
LOAD LINUX/depdom/DOM_CharacterData.o
LOAD LINUX/depdom/AttrMapImpl.o
LOAD LINUX/depdom/DOM_Notation.o
LOAD LINUX/depdom/NodeVector.o
LOAD LINUX/depdom/DOMString.o
LOAD LINUX/depdom/ElementImpl.o
LOAD LINUX/depdom/DOM_DocumentType.o
LOAD LINUX/depdom/DOM_Range.o
LOAD LINUX/depdom/DOM_XMLDecl.o
LOAD LINUX/depdom/DocumentTypeImpl.o
LOAD LINUX/depdom/ElementDefinitionImpl.o
LOAD LINUX/depdom/NodeIDMap.o
LOAD LINUX/depdom/DOM_Comment.o
LOAD LINUX/depdom/DOM_NamedNodeMap.o
LOAD LINUX/depdom/DOMParser.o
LOAD LINUX/depdom/RangeImpl.o
LOAD LINUX/depdom/DOM_Text.o
LOAD LINUX/depdom/CommentImpl.o
LOAD LINUX/depdom/DOM_NodeList.o
LOAD LINUX/depdom/NamedNodeMapImpl.o
LOAD LINUX/depdom/TreeWalkerImpl.o
LOAD LINUX/depdom/DOM_NodeIterator.o
LOAD LINUX/depdom/DOM_Element.o
LOAD LINUX/depdom/DOM_Attr.o
LOAD LINUX/depdom/NodeImpl.o
LOAD LINUX/depdom/DeepNodeListImpl.o
LOAD LINUX/depdom/DOM_DocumentFragment.o
LOAD LINUX/depdom/NodeListImpl.o
LOAD LINUX/depdom/DOM_Entity.o
LOAD LINUX/depdom/ProcessingInstructionImpl.o
LOAD LINUX/depdom/EntityImpl.o
LOAD LINUX/depdom/DStringPool.o
LOAD LINUX/depdom/DOM_Document.o
LOAD LINUX/depdom/DOM_RangeException.o
LOAD LINUX/depdom/DocumentImpl.o
LOAD LINUX/depdom/DomMemDebug.o
LOAD LINUX/depdom/DOM_TreeWalker.o
LOAD LINUX/depdom/DocumentFragmentImpl.o
LOAD LINUX/depdom/NotationImpl.o
LOAD LINUX/depdom/ChildNode.o
LOAD LINUX/depdom/TextImpl.o
LOAD LINUX/depdom/ParentNode.o
LOAD LINUX/depdom/DOM_NodeFilter.o
LOAD LINUX/depdom/NodeIteratorImpl.o
LOAD LINUX/depdom/AttrNSImpl.o
LOAD LINUX/depdom/DOM_Node.o
LOAD LINUX/depdom/RefCountedImpl.o
LOAD LINUX/depdom/DOM_ProcessingInstruction.o
LOAD LINUX/depdom/DOM_CDATASection.o
LOAD LINUX/depdom/EntityReferenceImpl.o
LOAD LINUX/depdom/ElementNSImpl.o
LOAD LINUX/depdom/CDATASectionImpl.o
LOAD LINUX/depdom/DOM_DOMImplementation.o
LOAD LINUX/depdom/DOM_EntityReference.o
LOAD LINUX/depdom/DOM_DOMException.o
LOAD LINUX/depdom/XMLDeclImpl.o
LOAD LINUX/depdom/CharacterDataImpl.o
LOAD /usr/lib64/libpthread.so
START GROUP
LOAD /lib64/libpthread.so.0
LOAD /usr/lib64/libpthread_nonshared.a
END GROUP
LOAD /usr/lib64/libxerces-c.so
LOAD /usr/lib/gcc/x86_64-redhat-linux/4.8.5/libstdc++.so
LOAD /usr/lib64/libm.so
LOAD /usr/lib/gcc/x86_64-redhat-linux/4.8.5/libgcc_s.so
LOAD /usr/lib64/libc.so
START GROUP
LOAD /lib64/libc.so.6
LOAD /usr/lib64/libc_nonshared.a
LOAD /lib64/ld-linux-x86-64.so.2
END GROUP
LOAD /usr/lib/gcc/x86_64-redhat-linux/4.8.5/libgcc_s.so
LOAD /usr/lib/gcc/x86_64-redhat-linux/4.8.5/crtendS.o
LOAD /usr/lib/gcc/x86_64-redhat-linux/4.8.5/../../../../lib64/crtn.o
                0x00000000000001c8                . = (0x0 + SIZEOF_HEADERS)

.note.gnu.build-id
                0x00000000000001c8       0x24
 *(.note.gnu.build-id)
 .note.gnu.build-id
                0x00000000000001c8       0x24 /usr/lib/gcc/x86_64-redhat-linux/4.8.5/../../../../lib64/crti.o

.hash
 *(.hash)

.gnu.hash       0x00000000000001f0     0x3110
 *(.gnu.hash)
 .gnu.hash      0x00000000000001f0     0x3110 /usr/lib/gcc/x86_64-redhat-linux/4.8.5/../../../../lib64/crti.o

.dynsym         0x0000000000003300     0xa188
 *(.dynsym)
 .dynsym        0x0000000000003300     0xa188 /usr/lib/gcc/x86_64-redhat-linux/4.8.5/../../../../lib64/crti.o

.dynstr         0x000000000000d488    0x14510
 *(.dynstr)
 .dynstr        0x000000000000d488    0x14510 /usr/lib/gcc/x86_64-redhat-linux/4.8.5/../../../../lib64/crti.o

.gnu.version    0x0000000000021998      0xd76
 *(.gnu.version)
 .gnu.version   0x0000000000021998      0xd76 /usr/lib/gcc/x86_64-redhat-linux/4.8.5/../../../../lib64/crti.o

.gnu.version_d  0x0000000000022710        0x0
 *(.gnu.version_d)
 .gnu.version_d
                0x0000000000022710        0x0 /usr/lib/gcc/x86_64-redhat-linux/4.8.5/../../../../lib64/crti.o

.gnu.version_r  0x0000000000022710       0x80
 *(.gnu.version_r)
 .gnu.version_r
                0x0000000000022710       0x80 /usr/lib/gcc/x86_64-redhat-linux/4.8.5/../../../../lib64/crti.o

.rela.dyn       0x0000000000022790     0xa950
 *(.rela.init)
 *(.rela.text .rela.text.* .rela.gnu.linkonce.t.*)
 .rela.text     0x0000000000022790        0x0 /usr/lib/gcc/x86_64-redhat-linux/4.8.5/../../../../lib64/crti.o
 *(.rela.fini)
 *(.rela.rodata .rela.rodata.* .rela.gnu.linkonce.r.*)
 *(.rela.data .rela.data.* .rela.gnu.linkonce.d.*)
 .rela.data.rel.ro
                0x0000000000022790       0x18 /usr/lib/gcc/x86_64-redhat-linux/4.8.5/../../../../lib64/crti.o
 .rela.data.rel.ro._ZTIN11xercesc_2_88AttrImplE
                0x00000000000227a8       0x48 /usr/lib/gcc/x86_64-redhat-linux/4.8.5/../../../../lib64/crti.o
 .rela.data.rel.ro._ZTIN11xercesc_2_830ArrayIndexOutOfBoundsExceptionE
                0x00000000000227f0       0x48 /usr/lib/gcc/x86_64-redhat-linux/4.8.5/../../../../lib64/crti.o
 .rela.data.rel.ro._ZTIN11xercesc_2_810XMLDeleterE
                0x0000000000022838       0x30 /usr/lib/gcc/x86_64-redhat-linux/4.8.5/../../../../lib64/crti.o
 .rela.data.rel.ro._ZTVN11xercesc_2_830ArrayIndexOutOfBoundsExceptionE
                0x0000000000022868       0x78 /usr/lib/gcc/x86_64-redhat-linux/4.8.5/../../../../lib64/crti.o
 .rela.data.rel.ro._ZTVN11xercesc_2_810XMLDeleterE
                0x00000000000228e0       0x48 /usr/lib/gcc/x86_64-redhat-linux/4.8.5/../../../../lib64/crti.o
 .rela.data.rel.ro._ZTVN11xercesc_2_88AttrImplE
                0x0000000000022928      0x4f8 /usr/lib/gcc/x86_64-redhat-linux/4.8.5/../../../../lib64/crti.o
 .rela.data.DW.ref.__gxx_personality_v0
                0x0000000000022e20       0x18 /usr/lib/gcc/x86_64-redhat-linux/4.8.5/../../../../lib64/crti.o
 .rela.data.rel.ro._ZTIN11xercesc_2_811AttrMapImplE
                0x0000000000022e38       0x48 /usr/lib/gcc/x86_64-redhat-linux/4.8.5/../../../../lib64/crti.o
 .rela.data.rel.ro._ZTVN11xercesc_2_811AttrMapImplE
                0x0000000000022e80      0x1f8 /usr/lib/gcc/x86_64-redhat-linux/4.8.5/../../../../lib64/crti.o
 .rela.data.rel.ro._ZTIN11xercesc_2_811ElementImplE
                0x0000000000023078       0x48 /usr/lib/gcc/x86_64-redhat-linux/4.8.5/../../../../lib64/crti.o
 .rela.data.rel.ro._ZTVN11xercesc_2_811ElementImplE
                0x00000000000230c0      0x780 /usr/lib/gcc/x86_64-redhat-linux/4.8.5/../../../../lib64/crti.o
 .rela.data.rel.ro._ZTIN11xercesc_2_816DocumentTypeImplE
                0x0000000000023840       0x48 /usr/lib/gcc/x86_64-redhat-linux/4.8.5/../../../../lib64/crti.o
 .rela.data.rel.ro._ZTVN11xercesc_2_816DocumentTypeImplE
                0x0000000000023888      0x570 /usr/lib/gcc/x86_64-redhat-linux/4.8.5/../../../../lib64/crti.o
 .rela.data.rel.ro._ZTIN11xercesc_2_821ElementDefinitionImplE
                0x0000000000023df8       0x48 /usr/lib/gcc/x86_64-redhat-linux/4.8.5/../../../../lib64/crti.o
 .rela.data.rel.ro._ZTVN11xercesc_2_821ElementDefinitionImplE
                0x0000000000023e40      0x480 /usr/lib/gcc/x86_64-redhat-linux/4.8.5/../../../../lib64/crti.o
 .rela.data.rel.ro._ZTIN11xercesc_2_87XMemoryE
                0x00000000000242c0       0x30 /usr/lib/gcc/x86_64-redhat-linux/4.8.5/../../../../lib64/crti.o
 .rela.data.rel.ro._ZTIN11xercesc_2_89NodeIDMapE
                0x00000000000242f0       0x48 /usr/lib/gcc/x86_64-redhat-linux/4.8.5/../../../../lib64/crti.o
 .rela.data.rel.ro._ZTIN11xercesc_2_816RuntimeExceptionE
                0x0000000000024338       0x48 /usr/lib/gcc/x86_64-redhat-linux/4.8.5/../../../../lib64/crti.o
 .rela.data.rel.ro._ZTVN11xercesc_2_816RuntimeExceptionE
                0x0000000000024380       0x78 /usr/lib/gcc/x86_64-redhat-linux/4.8.5/../../../../lib64/crti.o
 .rela.data.rel.ro._ZTVN11xercesc_2_89NodeIDMapE
                0x00000000000243f8       0x48 /usr/lib/gcc/x86_64-redhat-linux/4.8.5/../../../../lib64/crti.o
 .rela.data.rel.ro._ZTIN11xercesc_2_816XMLErrorReporterE
                0x0000000000024440       0x30 /usr/lib/gcc/x86_64-redhat-linux/4.8.5/../../../../lib64/crti.o
 .rela.data.rel.ro._ZTIN11xercesc_2_813XSerializableE
                0x0000000000024470       0x30 /usr/lib/gcc/x86_64-redhat-linux/4.8.5/../../../../lib64/crti.o
 .rela.data.rel.ro._ZTIN11xercesc_2_810XMLRefInfoE
                0x00000000000244a0       0x60 /usr/lib/gcc/x86_64-redhat-linux/4.8.5/../../../../lib64/crti.o
 .rela.data.rel.ro._ZTIN11xercesc_2_819EmptyStackExceptionE
                0x0000000000024500       0x48 /usr/lib/gcc/x86_64-redhat-linux/4.8.5/../../../../lib64/crti.o
 .rela.data.rel.ro._ZTIN11xercesc_2_813DTDEntityDeclE
                0x0000000000024548       0x48 /usr/lib/gcc/x86_64-redhat-linux/4.8.5/../../../../lib64/crti.o
 .rela.data.rel.ro._ZTIN11xercesc_2_813XMLAttDefListE
                0x0000000000024590       0x60 /usr/lib/gcc/x86_64-redhat-linux/4.8.5/../../../../lib64/crti.o
 .rela.data.rel.ro._ZTIN11xercesc_2_811IOExceptionE
                0x00000000000245f0       0x48 /usr/lib/gcc/x86_64-redhat-linux/4.8.5/../../../../lib64/crti.o
 .rela.data.rel.ro._ZTIN11xercesc_2_818XMLDocumentHandlerE
                0x0000000000024638       0x30 /usr/lib/gcc/x86_64-redhat-linux/4.8.5/../../../../lib64/crti.o
 .rela.data.rel.ro._ZTIN11xercesc_2_816XMLEntityHandlerE
                0x0000000000024668       0x30 /usr/lib/gcc/x86_64-redhat-linux/4.8.5/../../../../lib64/crti.o
 .rela.data.rel.ro._ZTIN11xercesc_2_814DocTypeHandlerE
                0x0000000000024698       0x30 /usr/lib/gcc/x86_64-redhat-linux/4.8.5/../../../../lib64/crti.o
 .rela.data.rel.ro._ZTIN11xercesc_2_89DOMParserE
                0x00000000000246c8       0xa8 /usr/lib/gcc/x86_64-redhat-linux/4.8.5/../../../../lib64/crti.o
 .rela.data.rel.ro._ZTIN11xercesc_2_815ContentSpecNodeE
                0x0000000000024770       0x60 /usr/lib/gcc/x86_64-redhat-linux/4.8.5/../../../../lib64/crti.o
 .rela.data.rel.ro._ZTIN11xercesc_2_820OutOfMemoryExceptionE
                0x00000000000247d0       0x48 /usr/lib/gcc/x86_64-redhat-linux/4.8.5/../../../../lib64/crti.o
 .rela.data.rel.ro._ZTVN11xercesc_2_816XMLErrorReporterE
                0x0000000000024818       0x78 /usr/lib/gcc/x86_64-redhat-linux/4.8.5/../../../../lib64/crti.o
 .rela.data.rel.ro._ZTVN11xercesc_2_813XSerializableE
                0x0000000000024890       0x90 /usr/lib/gcc/x86_64-redhat-linux/4.8.5/../../../../lib64/crti.o
 .rela.data.rel.ro._ZTVN11xercesc_2_810XMLRefInfoE
                0x0000000000024920       0x90 /usr/lib/gcc/x86_64-redhat-linux/4.8.5/../../../../lib64/crti.o
 .rela.data.rel.ro._ZTVN11xercesc_2_819EmptyStackExceptionE
                0x00000000000249b0       0x78 /usr/lib/gcc/x86_64-redhat-linux/4.8.5/../../../../lib64/crti.o
 .rela.data.rel.ro._ZTVN11xercesc_2_813DTDEntityDeclE
                0x0000000000024a28       0xd8 /usr/lib/gcc/x86_64-redhat-linux/4.8.5/../../../../lib64/crti.o
 .rela.data.rel.ro._ZTVN11xercesc_2_813XMLAttDefListE
                0x0000000000024b00      0x198 /usr/lib/gcc/x86_64-redhat-linux/4.8.5/../../../../lib64/crti.o
 .rela.data.rel.ro._ZTVN11xercesc_2_811IOExceptionE
                0x0000000000024c98       0x78 /usr/lib/gcc/x86_64-redhat-linux/4.8.5/../../../../lib64/crti.o
 .rela.data.rel.ro._ZTVN11xercesc_2_818XMLDocumentHandlerE
                0x0000000000024d10      0x180 /usr/lib/gcc/x86_64-redhat-linux/4.8.5/../../../../lib64/crti.o
 .rela.data.rel.ro._ZTVN11xercesc_2_816XMLEntityHandlerE
                0x0000000000024e90       0xd8 /usr/lib/gcc/x86_64-redhat-linux/4.8.5/../../../../lib64/crti.o
 .rela.data.rel.ro._ZTVN11xercesc_2_814DocTypeHandlerE
                0x0000000000024f68      0x1c8 /usr/lib/gcc/x86_64-redhat-linux/4.8.5/../../../../lib64/crti.o
 .rela.data.rel.ro._ZTVN11xercesc_2_815ContentSpecNodeE
                0x0000000000025130       0x90 /usr/lib/gcc/x86_64-redhat-linux/4.8.5/../../../../lib64/crti.o
 .rela.data.rel.ro._ZTVN11xercesc_2_89DOMParserE
                0x00000000000251c0      0x6d8 /usr/lib/gcc/x86_64-redhat-linux/4.8.5/../../../../lib64/crti.o
 .rela.data.DW.ref._ZTIN11xercesc_2_820OutOfMemoryExceptionE
                0x0000000000025898       0x18 /usr/lib/gcc/x86_64-redhat-linux/4.8.5/../../../../lib64/crti.o
 .rela.data.rel.ro._ZTIN11xercesc_2_89RangeImplE
                0x00000000000258b0       0x48 /usr/lib/gcc/x86_64-redhat-linux/4.8.5/../../../../lib64/crti.o
 .rela.data.rel.ro._ZTIN11xercesc_2_815BaseRefVectorOfINS_8NodeImplEEE
                0x00000000000258f8       0x48 /usr/lib/gcc/x86_64-redhat-linux/4.8.5/../../../../lib64/crti.o
 .rela.data.rel.ro._ZTIN11xercesc_2_811RefVectorOfINS_8NodeImplEEE
                0x0000000000025940       0x48 /usr/lib/gcc/x86_64-redhat-linux/4.8.5/../../../../lib64/crti.o
 .rela.data.rel.ro._ZTVN11xercesc_2_89RangeImplE
                0x0000000000025988       0x78 /usr/lib/gcc/x86_64-redhat-linux/4.8.5/../../../../lib64/crti.o
 .rela.data.rel.ro._ZTVN11xercesc_2_815BaseRefVectorOfINS_8NodeImplEEE
                0x0000000000025a00       0xc0 /usr/lib/gcc/x86_64-redhat-linux/4.8.5/../../../../lib64/crti.o
 .rela.data.rel.ro._ZTVN11xercesc_2_811RefVectorOfINS_8NodeImplEEE
                0x0000000000025ac0       0xc0 /usr/lib/gcc/x86_64-redhat-linux/4.8.5/../../../../lib64/crti.o
 .rela.data.rel.ro._ZTIN11xercesc_2_811CommentImplE
                0x0000000000025b80       0x48 /usr/lib/gcc/x86_64-redhat-linux/4.8.5/../../../../lib64/crti.o
 .rela.data.rel.ro._ZTVN11xercesc_2_811CommentImplE
                0x0000000000025bc8      0x540 /usr/lib/gcc/x86_64-redhat-linux/4.8.5/../../../../lib64/crti.o
 .rela.data.rel.ro._ZTIN11xercesc_2_816NamedNodeMapImplE
                0x0000000000026108       0x48 /usr/lib/gcc/x86_64-redhat-linux/4.8.5/../../../../lib64/crti.o
 .rela.data.rel.ro._ZTVN11xercesc_2_816NamedNodeMapImplE
                0x0000000000026150      0x1b0 /usr/lib/gcc/x86_64-redhat-linux/4.8.5/../../../../lib64/crti.o
 .rela.data.rel.ro._ZTIN11xercesc_2_814TreeWalkerImplE
                0x0000000000026300       0x48 /usr/lib/gcc/x86_64-redhat-linux/4.8.5/../../../../lib64/crti.o
 .rela.data.rel.ro._ZTVN11xercesc_2_814TreeWalkerImplE
                0x0000000000026348       0x78 /usr/lib/gcc/x86_64-redhat-linux/4.8.5/../../../../lib64/crti.o
 .rela.data.rel.ro._ZTIN11xercesc_2_88NodeImplE
                0x00000000000263c0       0x48 /usr/lib/gcc/x86_64-redhat-linux/4.8.5/../../../../lib64/crti.o
 .rela.data.rel.ro._ZTVN11xercesc_2_88NodeImplE
                0x0000000000026408      0x480 /usr/lib/gcc/x86_64-redhat-linux/4.8.5/../../../../lib64/crti.o
 .rela.data.rel.ro._ZTIN11xercesc_2_816DeepNodeListImplE
                0x0000000000026888       0x48 /usr/lib/gcc/x86_64-redhat-linux/4.8.5/../../../../lib64/crti.o
 .rela.data.rel.ro._ZTVN11xercesc_2_816DeepNodeListImplE
                0x00000000000268d0       0xc0 /usr/lib/gcc/x86_64-redhat-linux/4.8.5/../../../../lib64/crti.o
 .rela.data.rel.ro._ZTIN11xercesc_2_812NodeListImplE
                0x0000000000026990       0x48 /usr/lib/gcc/x86_64-redhat-linux/4.8.5/../../../../lib64/crti.o
 .rela.data.rel.ro._ZTVN11xercesc_2_812NodeListImplE
                0x00000000000269d8       0xa8 /usr/lib/gcc/x86_64-redhat-linux/4.8.5/../../../../lib64/crti.o
 .rela.data.rel.ro._ZTIN11xercesc_2_825ProcessingInstructionImplE
                0x0000000000026a80       0x48 /usr/lib/gcc/x86_64-redhat-linux/4.8.5/../../../../lib64/crti.o
 .rela.data.rel.ro._ZTVN11xercesc_2_825ProcessingInstructionImplE
                0x0000000000026ac8      0x4c8 /usr/lib/gcc/x86_64-redhat-linux/4.8.5/../../../../lib64/crti.o
 .rela.data.rel.ro._ZTIN11xercesc_2_810EntityImplE
                0x0000000000026f90       0x48 /usr/lib/gcc/x86_64-redhat-linux/4.8.5/../../../../lib64/crti.o
 .rela.data.rel.ro._ZTVN11xercesc_2_810EntityImplE
                0x0000000000026fd8      0x510 /usr/lib/gcc/x86_64-redhat-linux/4.8.5/../../../../lib64/crti.o
 .rela.data.rel.ro._ZTIN11xercesc_2_818DOM_RangeExceptionE
                0x00000000000274e8       0x48 /usr/lib/gcc/x86_64-redhat-linux/4.8.5/../../../../lib64/crti.o
 .rela.data.rel.ro._ZTVN11xercesc_2_818DOM_RangeExceptionE
                0x0000000000027530       0x48 /usr/lib/gcc/x86_64-redhat-linux/4.8.5/../../../../lib64/crti.o
 .rela.data.rel.ro._ZTIN11xercesc_2_824IllegalArgumentExceptionE
                0x0000000000027578       0x48 /usr/lib/gcc/x86_64-redhat-linux/4.8.5/../../../../lib64/crti.o
 .rela.data.rel.ro._ZTIN11xercesc_2_822NoSuchElementExceptionE
                0x00000000000275c0       0x48 /usr/lib/gcc/x86_64-redhat-linux/4.8.5/../../../../lib64/crti.o
 .rela.data.rel.ro._ZTIN11xercesc_2_812DocumentImplE
                0x0000000000027608       0x48 /usr/lib/gcc/x86_64-redhat-linux/4.8.5/../../../../lib64/crti.o
 .rela.data.rel.ro._ZTIN11xercesc_2_815BaseRefVectorOfINS_16NodeIteratorImplEEE
                0x0000000000027650       0x48 /usr/lib/gcc/x86_64-redhat-linux/4.8.5/../../../../lib64/crti.o
 .rela.data.rel.ro._ZTIN11xercesc_2_811RefVectorOfINS_16NodeIteratorImplEEE
                0x0000000000027698       0x48 /usr/lib/gcc/x86_64-redhat-linux/4.8.5/../../../../lib64/crti.o
 .rela.data.rel.ro._ZTIN11xercesc_2_815BaseRefVectorOfINS_14TreeWalkerImplEEE
                0x00000000000276e0       0x48 /usr/lib/gcc/x86_64-redhat-linux/4.8.5/../../../../lib64/crti.o
 .rela.data.rel.ro._ZTIN11xercesc_2_811RefVectorOfINS_14TreeWalkerImplEEE
                0x0000000000027728       0x48 /usr/lib/gcc/x86_64-redhat-linux/4.8.5/../../../../lib64/crti.o
 .rela.data.rel.ro._ZTIN11xercesc_2_815BaseRefVectorOfINS_9RangeImplEEE
                0x0000000000027770       0x48 /usr/lib/gcc/x86_64-redhat-linux/4.8.5/../../../../lib64/crti.o
 .rela.data.rel.ro._ZTIN11xercesc_2_811RefVectorOfINS_9RangeImplEEE
                0x00000000000277b8       0x48 /usr/lib/gcc/x86_64-redhat-linux/4.8.5/../../../../lib64/crti.o
 .rela.data.rel.ro._ZTVN11xercesc_2_824IllegalArgumentExceptionE
                0x0000000000027800       0x78 /usr/lib/gcc/x86_64-redhat-linux/4.8.5/../../../../lib64/crti.o
 .rela.data.rel.ro._ZTVN11xercesc_2_822NoSuchElementExceptionE
                0x0000000000027878       0x78 /usr/lib/gcc/x86_64-redhat-linux/4.8.5/../../../../lib64/crti.o
 .rela.data.rel.ro._ZTVN11xercesc_2_815BaseRefVectorOfINS_16NodeIteratorImplEEE
                0x00000000000278f0       0xc0 /usr/lib/gcc/x86_64-redhat-linux/4.8.5/../../../../lib64/crti.o
 .rela.data.rel.ro._ZTVN11xercesc_2_811RefVectorOfINS_16NodeIteratorImplEEE
                0x00000000000279b0       0xc0 /usr/lib/gcc/x86_64-redhat-linux/4.8.5/../../../../lib64/crti.o
 .rela.data.rel.ro._ZTVN11xercesc_2_815BaseRefVectorOfINS_14TreeWalkerImplEEE
                0x0000000000027a70       0xc0 /usr/lib/gcc/x86_64-redhat-linux/4.8.5/../../../../lib64/crti.o
 .rela.data.rel.ro._ZTVN11xercesc_2_811RefVectorOfINS_14TreeWalkerImplEEE
                0x0000000000027b30       0xc0 /usr/lib/gcc/x86_64-redhat-linux/4.8.5/../../../../lib64/crti.o
 .rela.data.rel.ro._ZTVN11xercesc_2_815BaseRefVectorOfINS_9RangeImplEEE
                0x0000000000027bf0       0xc0 /usr/lib/gcc/x86_64-redhat-linux/4.8.5/../../../../lib64/crti.o
 .rela.data.rel.ro._ZTVN11xercesc_2_811RefVectorOfINS_9RangeImplEEE
                0x0000000000027cb0       0xc0 /usr/lib/gcc/x86_64-redhat-linux/4.8.5/../../../../lib64/crti.o
 .rela.data.rel.ro._ZTVN11xercesc_2_812DocumentImplE
                0x0000000000027d70      0x708 /usr/lib/gcc/x86_64-redhat-linux/4.8.5/../../../../lib64/crti.o
 .rela.data.rel.ro._ZTIN11xercesc_2_820DocumentFragmentImplE
                0x0000000000028478       0x48 /usr/lib/gcc/x86_64-redhat-linux/4.8.5/../../../../lib64/crti.o
 .rela.data.rel.ro._ZTVN11xercesc_2_820DocumentFragmentImplE
                0x00000000000284c0      0x480 /usr/lib/gcc/x86_64-redhat-linux/4.8.5/../../../../lib64/crti.o
 .rela.data.rel.ro._ZTIN11xercesc_2_812NotationImplE
                0x0000000000028940       0x48 /usr/lib/gcc/x86_64-redhat-linux/4.8.5/../../../../lib64/crti.o
 .rela.data.rel.ro._ZTVN11xercesc_2_812NotationImplE
                0x0000000000028988      0x4e0 /usr/lib/gcc/x86_64-redhat-linux/4.8.5/../../../../lib64/crti.o
 .rela.data.rel.ro._ZTIN11xercesc_2_89ChildNodeE
                0x0000000000028e68       0x48 /usr/lib/gcc/x86_64-redhat-linux/4.8.5/../../../../lib64/crti.o
 .rela.data.rel.ro._ZTVN11xercesc_2_89ChildNodeE
                0x0000000000028eb0      0x480 /usr/lib/gcc/x86_64-redhat-linux/4.8.5/../../../../lib64/crti.o
 .rela.data.rel.ro._ZTIN11xercesc_2_88TextImplE
                0x0000000000029330       0x48 /usr/lib/gcc/x86_64-redhat-linux/4.8.5/../../../../lib64/crti.o
 .rela.data.rel.ro._ZTVN11xercesc_2_88TextImplE
                0x0000000000029378      0x588 /usr/lib/gcc/x86_64-redhat-linux/4.8.5/../../../../lib64/crti.o
 .rela.data.rel.ro._ZTIN11xercesc_2_810ParentNodeE
                0x0000000000029900       0x48 /usr/lib/gcc/x86_64-redhat-linux/4.8.5/../../../../lib64/crti.o
 .rela.data.rel.ro._ZTVN11xercesc_2_810ParentNodeE
                0x0000000000029948      0x480 /usr/lib/gcc/x86_64-redhat-linux/4.8.5/../../../../lib64/crti.o
 .rela.data.rel.ro._ZTIN11xercesc_2_814DOM_NodeFilterE
                0x0000000000029dc8       0x30 /usr/lib/gcc/x86_64-redhat-linux/4.8.5/../../../../lib64/crti.o
 .rela.data.rel.ro._ZTVN11xercesc_2_814DOM_NodeFilterE
                0x0000000000029df8       0x60 /usr/lib/gcc/x86_64-redhat-linux/4.8.5/../../../../lib64/crti.o
 .rela.data.rel.ro._ZTIN11xercesc_2_816NodeIteratorImplE
                0x0000000000029e58       0x48 /usr/lib/gcc/x86_64-redhat-linux/4.8.5/../../../../lib64/crti.o
 .rela.data.rel.ro._ZTVN11xercesc_2_816NodeIteratorImplE
                0x0000000000029ea0       0x78 /usr/lib/gcc/x86_64-redhat-linux/4.8.5/../../../../lib64/crti.o
 .rela.data.rel.ro._ZTIN11xercesc_2_810AttrNSImplE
                0x0000000000029f18       0x48 /usr/lib/gcc/x86_64-redhat-linux/4.8.5/../../../../lib64/crti.o
 .rela.data.rel.ro._ZTVN11xercesc_2_810AttrNSImplE
                0x0000000000029f60      0x4f8 /usr/lib/gcc/x86_64-redhat-linux/4.8.5/../../../../lib64/crti.o
 .rela.data.rel.ro._ZTIN11xercesc_2_814RefCountedImplE
                0x000000000002a458       0x48 /usr/lib/gcc/x86_64-redhat-linux/4.8.5/../../../../lib64/crti.o
 .rela.data.rel.ro._ZTVN11xercesc_2_814RefCountedImplE
                0x000000000002a4a0       0x78 /usr/lib/gcc/x86_64-redhat-linux/4.8.5/../../../../lib64/crti.o
 .rela.data.rel.ro._ZTIN11xercesc_2_819EntityReferenceImplE
                0x000000000002a518       0x48 /usr/lib/gcc/x86_64-redhat-linux/4.8.5/../../../../lib64/crti.o
 .rela.data.rel.ro._ZTVN11xercesc_2_819EntityReferenceImplE
                0x000000000002a560      0x480 /usr/lib/gcc/x86_64-redhat-linux/4.8.5/../../../../lib64/crti.o
 .rela.data.rel.ro._ZTIN11xercesc_2_813ElementNSImplE
                0x000000000002a9e0       0x48 /usr/lib/gcc/x86_64-redhat-linux/4.8.5/../../../../lib64/crti.o
 .rela.data.rel.ro._ZTVN11xercesc_2_813ElementNSImplE
                0x000000000002aa28      0x780 /usr/lib/gcc/x86_64-redhat-linux/4.8.5/../../../../lib64/crti.o
 .rela.data.rel.ro._ZTIN11xercesc_2_816CDATASectionImplE
                0x000000000002b1a8       0x48 /usr/lib/gcc/x86_64-redhat-linux/4.8.5/../../../../lib64/crti.o
 .rela.data.rel.ro._ZTVN11xercesc_2_816CDATASectionImplE
                0x000000000002b1f0      0x588 /usr/lib/gcc/x86_64-redhat-linux/4.8.5/../../../../lib64/crti.o
 .rela.data.rel.ro._ZTIN11xercesc_2_816DOM_DOMExceptionE
                0x000000000002b778       0x30 /usr/lib/gcc/x86_64-redhat-linux/4.8.5/../../../../lib64/crti.o
 .rela.data.rel.ro._ZTVN11xercesc_2_816DOM_DOMExceptionE
                0x000000000002b7a8       0x48 /usr/lib/gcc/x86_64-redhat-linux/4.8.5/../../../../lib64/crti.o
 .rela.data.rel.ro._ZTIN11xercesc_2_811XMLDeclImplE
                0x000000000002b7f0       0x48 /usr/lib/gcc/x86_64-redhat-linux/4.8.5/../../../../lib64/crti.o
 .rela.data.rel.ro._ZTVN11xercesc_2_811XMLDeclImplE
                0x000000000002b838      0x510 /usr/lib/gcc/x86_64-redhat-linux/4.8.5/../../../../lib64/crti.o
 .rela.data.rel.ro._ZTIN11xercesc_2_817CharacterDataImplE
                0x000000000002bd48       0x48 /usr/lib/gcc/x86_64-redhat-linux/4.8.5/../../../../lib64/crti.o
 .rela.data.rel.ro._ZTVN11xercesc_2_817CharacterDataImplE
                0x000000000002bd90      0x540 /usr/lib/gcc/x86_64-redhat-linux/4.8.5/../../../../lib64/crti.o
 *(.rela.tdata .rela.tdata.* .rela.gnu.linkonce.td.*)
 *(.rela.tbss .rela.tbss.* .rela.gnu.linkonce.tb.*)
 *(.rela.ctors)
 *(.rela.dtors)
 *(.rela.got)
 .rela.got      0x000000000002c2d0      0xcd8 /usr/lib/gcc/x86_64-redhat-linux/4.8.5/../../../../lib64/crti.o
 *(.rela.bss .rela.bss.* .rela.gnu.linkonce.b.*)
 *(.rela.ldata .rela.ldata.* .rela.gnu.linkonce.l.*)
 *(.rela.lbss .rela.lbss.* .rela.gnu.linkonce.lb.*)
 *(.rela.lrodata .rela.lrodata.* .rela.gnu.linkonce.lr.*)
 *(.rela.ifunc)
 .rela.fini_array
                0x000000000002cfa8       0x18 /usr/lib/gcc/x86_64-redhat-linux/4.8.5/../../../../lib64/crti.o
 .rela.init_array
                0x000000000002cfc0      0x120 /usr/lib/gcc/x86_64-redhat-linux/4.8.5/../../../../lib64/crti.o
 .rela.eh_frame
                0x000000000002d0e0        0x0 /usr/lib/gcc/x86_64-redhat-linux/4.8.5/../../../../lib64/crti.o
 .rela.gcc_except_table
                0x000000000002d0e0        0x0 /usr/lib/gcc/x86_64-redhat-linux/4.8.5/../../../../lib64/crti.o

.rela.plt       0x000000000002d0e0     0x2bc8
 *(.rela.plt)
 .rela.plt      0x000000000002d0e0     0x2bc8 /usr/lib/gcc/x86_64-redhat-linux/4.8.5/../../../../lib64/crti.o
 *(.rela.iplt)

.init           0x000000000002fca8       0x1a
 *(SORT(.init))
 .init          0x000000000002fca8       0x15 /usr/lib/gcc/x86_64-redhat-linux/4.8.5/../../../../lib64/crti.o
                0x000000000002fca8                _init
 .init          0x000000000002fcbd        0x5 /usr/lib/gcc/x86_64-redhat-linux/4.8.5/../../../../lib64/crtn.o

.plt            0x000000000002fcd0     0x1d40
 *(.plt)
 .plt           0x000000000002fcd0     0x1d40 /usr/lib/gcc/x86_64-redhat-linux/4.8.5/../../../../lib64/crti.o
 *(.iplt)

.plt.got        0x0000000000031a10       0x28
 *(.plt.got)
 .plt.got       0x0000000000031a10       0x28 /usr/lib/gcc/x86_64-redhat-linux/4.8.5/../../../../lib64/crti.o

.plt.bnd
 *(.plt.bnd)

.text           0x0000000000031a40    0x20e76
 *(.text.unlikely .text.*_unlikely .text.unlikely.*)
 *(.text.exit .text.exit.*)
 *(.text.startup .text.startup.*)
 .text.startup  0x0000000000031a40       0x20 LINUX/depdom/DOMString.o
 .text.startup  0x0000000000031a60        0xc LINUX/depdom/ElementImpl.o
 *fill*         0x0000000000031a6c        0x4 
 .text.startup  0x0000000000031a70        0xc LINUX/depdom/CommentImpl.o
 *fill*         0x0000000000031a7c        0x4 
 .text.startup  0x0000000000031a80        0xc LINUX/depdom/NodeImpl.o
 *fill*         0x0000000000031a8c        0x4 
 .text.startup  0x0000000000031a90        0xc LINUX/depdom/DeepNodeListImpl.o
 *fill*         0x0000000000031a9c        0x4 
 .text.startup  0x0000000000031aa0        0xc LINUX/depdom/DocumentImpl.o
 *fill*         0x0000000000031aac        0x4 
 .text.startup  0x0000000000031ab0        0xc LINUX/depdom/DocumentFragmentImpl.o
 *fill*         0x0000000000031abc        0x4 
 .text.startup  0x0000000000031ac0        0xc LINUX/depdom/TextImpl.o
 *fill*         0x0000000000031acc        0x4 
 .text.startup  0x0000000000031ad0        0xc LINUX/depdom/CDATASectionImpl.o
 *fill*         0x0000000000031adc        0x4 
 .text.startup  0x0000000000031ae0        0xc LINUX/depdom/DOM_DOMImplementation.o
 *fill*         0x0000000000031aec        0x4 
 .text.startup  0x0000000000031af0        0xc LINUX/depdom/XMLDeclImpl.o
 *(.text.hot .text.hot.*)
 *(.text .stub .text.* .gnu.linkonce.t.*)
 .text          0x0000000000031afc        0x0 /usr/lib/gcc/x86_64-redhat-linux/4.8.5/../../../../lib64/crti.o
 *fill*         0x0000000000031afc        0x4 
 .text          0x0000000000031b00       0xe5 /usr/lib/gcc/x86_64-redhat-linux/4.8.5/crtbeginS.o
 *fill*         0x0000000000031be5        0xb 
 .text          0x0000000000031bf0     0x154d LINUX/depdom/AttrImpl.o
                0x0000000000031bf0                xercesc_2_8::AttrImpl::getNodeType()
                0x0000000000031c00                xercesc_2_8::AttrImpl::getNodeValue()
                0x0000000000031c20                xercesc_2_8::AttrImpl::getSpecified()
                0x0000000000031c40                xercesc_2_8::AttrImpl::isAttrImpl()
                0x0000000000031c50                xercesc_2_8::AttrImpl::setNodeValue(xercesc_2_8::DOMString const&)
                0x0000000000031c60                xercesc_2_8::AttrImpl::setSpecified(bool)
                0x0000000000031ca0                xercesc_2_8::AttrImpl::getChildNodes()
                0x0000000000031cb0                xercesc_2_8::AttrImpl::hasChildNodes()
                0x0000000000031cc0                xercesc_2_8::AttrImpl::replaceChild(xercesc_2_8::NodeImpl*, xercesc_2_8::NodeImpl*)
                0x0000000000031d00                xercesc_2_8::AttrImpl::~AttrImpl()
                0x0000000000031d00                xercesc_2_8::AttrImpl::~AttrImpl()
                0x0000000000031d90                xercesc_2_8::AttrImpl::~AttrImpl()
                0x0000000000031db0                xercesc_2_8::AttrImpl::getNodeName()
                0x0000000000031dd0                xercesc_2_8::AttrImpl::getName()
                0x0000000000031df0                xercesc_2_8::AttrImpl::getValue()
                0x0000000000031f70                xercesc_2_8::AttrImpl::setValue(xercesc_2_8::DOMString const&)
                0x00000000000321c0                xercesc_2_8::AttrImpl::toString()
                0x00000000000322b0                xercesc_2_8::AttrImpl::getLength()
                0x00000000000322f0                xercesc_2_8::AttrImpl::normalize()
                0x00000000000323f0                xercesc_2_8::AttrImpl::AttrImpl(xercesc_2_8::DocumentImpl*, xercesc_2_8::DOMString const&)
                0x00000000000323f0                xercesc_2_8::AttrImpl::AttrImpl(xercesc_2_8::DocumentImpl*, xercesc_2_8::DOMString const&)
                0x00000000000324a0                xercesc_2_8::AttrImpl::makeChildNode()
                0x0000000000032550                xercesc_2_8::AttrImpl::getFirstChild()
                0x0000000000032560                xercesc_2_8::AttrImpl::item(unsigned int)
                0x00000000000325d0                xercesc_2_8::AttrImpl::getOwnerElement()
                0x00000000000325f0                xercesc_2_8::AttrImpl::setOwnerElement(xercesc_2_8::ElementImpl*)
                0x0000000000032610                xercesc_2_8::AttrImpl::cloneChildren(xercesc_2_8::NodeImpl const&)
                0x0000000000032670                xercesc_2_8::AttrImpl::AttrImpl(xercesc_2_8::AttrImpl const&, bool)
                0x0000000000032670                xercesc_2_8::AttrImpl::AttrImpl(xercesc_2_8::AttrImpl const&, bool)
                0x00000000000328a0                xercesc_2_8::AttrImpl::cloneNode(bool)
                0x0000000000032910                xercesc_2_8::AttrImpl::lastChild()
                0x0000000000032940                xercesc_2_8::AttrImpl::getLastChild()
                0x0000000000032950                xercesc_2_8::AttrImpl::lastChild(xercesc_2_8::ChildNode*)
                0x0000000000032960                xercesc_2_8::AttrImpl::insertBefore(xercesc_2_8::NodeImpl*, xercesc_2_8::NodeImpl*)
                0x0000000000032e80                xercesc_2_8::AttrImpl::removeChild(xercesc_2_8::NodeImpl*)
                0x00000000000330c0                xercesc_2_8::AttrImpl::setReadOnly(bool, bool)
 *fill*         0x000000000003313d        0x3 
 .text._ZNK11xercesc_2_830ArrayIndexOutOfBoundsException7getTypeEv
                0x0000000000033140        0x8 LINUX/depdom/AttrImpl.o
                0x0000000000033140                xercesc_2_8::ArrayIndexOutOfBoundsException::getType() const
 *fill*         0x0000000000033148        0x8 
 .text._ZN11xercesc_2_810XMLDeleterD2Ev
                0x0000000000033150        0xf LINUX/depdom/AttrImpl.o
                0x0000000000033150                xercesc_2_8::XMLDeleter::~XMLDeleter()
                0x0000000000033150                xercesc_2_8::XMLDeleter::~XMLDeleter()
 *fill*         0x000000000003315f        0x1 
 .text._ZN11xercesc_2_810XMLDeleterD0Ev
                0x0000000000033160       0x13 LINUX/depdom/AttrImpl.o
                0x0000000000033160                xercesc_2_8::XMLDeleter::~XMLDeleter()
 *fill*         0x0000000000033173        0xd 
 .text._ZN11xercesc_2_830ArrayIndexOutOfBoundsExceptionD2Ev
                0x0000000000033180       0x13 LINUX/depdom/AttrImpl.o
                0x0000000000033180                xercesc_2_8::ArrayIndexOutOfBoundsException::~ArrayIndexOutOfBoundsException()
                0x0000000000033180                xercesc_2_8::ArrayIndexOutOfBoundsException::~ArrayIndexOutOfBoundsException()
 *fill*         0x0000000000033193        0xd 
 .text._ZN11xercesc_2_830ArrayIndexOutOfBoundsExceptionD0Ev
                0x00000000000331a0       0x20 LINUX/depdom/AttrImpl.o
                0x00000000000331a0                xercesc_2_8::ArrayIndexOutOfBoundsException::~ArrayIndexOutOfBoundsException()
 .text._ZNK11xercesc_2_830ArrayIndexOutOfBoundsException9duplicateEv
                0x00000000000331c0       0x50 LINUX/depdom/AttrImpl.o
                0x00000000000331c0                xercesc_2_8::ArrayIndexOutOfBoundsException::duplicate() const
 .text._ZN11xercesc_2_815BaseRefVectorOfINS_9RangeImplEE9elementAtEj
                0x0000000000033210       0x96 LINUX/depdom/AttrImpl.o
                0x0000000000033210                xercesc_2_8::BaseRefVectorOf<xercesc_2_8::RangeImpl>::elementAt(unsigned int)
 *fill*         0x00000000000332a6        0xa 
 .text          0x00000000000332b0       0xff LINUX/depdom/DOM_CharacterData.o
                0x00000000000332b0                xercesc_2_8::DOM_CharacterData::DOM_CharacterData()
                0x00000000000332b0                xercesc_2_8::DOM_CharacterData::DOM_CharacterData()
                0x00000000000332c0                xercesc_2_8::DOM_CharacterData::DOM_CharacterData(xercesc_2_8::CharacterDataImpl*)
                0x00000000000332c0                xercesc_2_8::DOM_CharacterData::DOM_CharacterData(xercesc_2_8::CharacterDataImpl*)
                0x00000000000332d0                xercesc_2_8::DOM_CharacterData::DOM_CharacterData(xercesc_2_8::DOM_CharacterData const&)
                0x00000000000332d0                xercesc_2_8::DOM_CharacterData::DOM_CharacterData(xercesc_2_8::DOM_CharacterData const&)
                0x00000000000332e0                xercesc_2_8::DOM_CharacterData::~DOM_CharacterData()
                0x00000000000332e0                xercesc_2_8::DOM_CharacterData::~DOM_CharacterData()
                0x00000000000332f0                xercesc_2_8::DOM_CharacterData::operator=(xercesc_2_8::DOM_CharacterData const&)
                0x0000000000033300                xercesc_2_8::DOM_CharacterData::operator=(xercesc_2_8::DOM_NullPtr const*)
                0x0000000000033310                xercesc_2_8::DOM_CharacterData::getData() const
                0x0000000000033330                xercesc_2_8::DOM_CharacterData::setData(xercesc_2_8::DOMString const&)
                0x0000000000033340                xercesc_2_8::DOM_CharacterData::getLength() const
                0x0000000000033350                xercesc_2_8::DOM_CharacterData::substringData(unsigned int, unsigned int) const
                0x0000000000033370                xercesc_2_8::DOM_CharacterData::appendData(xercesc_2_8::DOMString const&)
                0x0000000000033380                xercesc_2_8::DOM_CharacterData::insertData(unsigned int, xercesc_2_8::DOMString const&)
                0x0000000000033390                xercesc_2_8::DOM_CharacterData::deleteData(unsigned int, unsigned int)
                0x00000000000333a0                xercesc_2_8::DOM_CharacterData::replaceData(unsigned int, unsigned int, xercesc_2_8::DOMString const&)
 *fill*         0x00000000000333af        0x1 
 .text          0x00000000000333b0      0x23c LINUX/depdom/AttrMapImpl.o
                0x00000000000333b0                xercesc_2_8::AttrMapImpl::~AttrMapImpl()
                0x00000000000333b0                xercesc_2_8::AttrMapImpl::~AttrMapImpl()
                0x00000000000333d0                xercesc_2_8::AttrMapImpl::~AttrMapImpl()
                0x00000000000333f0                xercesc_2_8::AttrMapImpl::AttrMapImpl(xercesc_2_8::NodeImpl*)
                0x00000000000333f0                xercesc_2_8::AttrMapImpl::AttrMapImpl(xercesc_2_8::NodeImpl*)
                0x0000000000033410                xercesc_2_8::AttrMapImpl::cloneAttrMap(xercesc_2_8::NodeImpl*)
                0x0000000000033490                xercesc_2_8::AttrMapImpl::AttrMapImpl(xercesc_2_8::NodeImpl*, xercesc_2_8::NamedNodeMapImpl*)
                0x0000000000033490                xercesc_2_8::AttrMapImpl::AttrMapImpl(xercesc_2_8::NodeImpl*, xercesc_2_8::NamedNodeMapImpl*)
                0x0000000000033500                xercesc_2_8::AttrMapImpl::removeNamedItem(xercesc_2_8::DOMString const&)
                0x0000000000033570                xercesc_2_8::AttrMapImpl::removeNamedItemNS(xercesc_2_8::DOMString const&, xercesc_2_8::DOMString const&)
 *fill*         0x00000000000335ec        0x4 
 .text._ZN11xercesc_2_811AttrMapImpl11hasDefaultsEv
                0x00000000000335f0        0x5 LINUX/depdom/AttrMapImpl.o
                0x00000000000335f0                xercesc_2_8::AttrMapImpl::hasDefaults()
 *fill*         0x00000000000335f5        0xb 
 .text._ZN11xercesc_2_811AttrMapImpl11hasDefaultsEb
                0x0000000000033600        0x5 LINUX/depdom/AttrMapImpl.o
                0x0000000000033600                xercesc_2_8::AttrMapImpl::hasDefaults(bool)
 *fill*         0x0000000000033605        0xb 
 .text          0x0000000000033610       0x95 LINUX/depdom/DOM_Notation.o
                0x0000000000033610                xercesc_2_8::DOM_Notation::DOM_Notation()
                0x0000000000033610                xercesc_2_8::DOM_Notation::DOM_Notation()
                0x0000000000033620                xercesc_2_8::DOM_Notation::DOM_Notation(xercesc_2_8::DOM_Notation const&)
                0x0000000000033620                xercesc_2_8::DOM_Notation::DOM_Notation(xercesc_2_8::DOM_Notation const&)
                0x0000000000033630                xercesc_2_8::DOM_Notation::DOM_Notation(xercesc_2_8::NotationImpl*)
                0x0000000000033630                xercesc_2_8::DOM_Notation::DOM_Notation(xercesc_2_8::NotationImpl*)
                0x0000000000033640                xercesc_2_8::DOM_Notation::~DOM_Notation()
                0x0000000000033640                xercesc_2_8::DOM_Notation::~DOM_Notation()
                0x0000000000033650                xercesc_2_8::DOM_Notation::operator=(xercesc_2_8::DOM_Notation const&)
                0x0000000000033660                xercesc_2_8::DOM_Notation::operator=(xercesc_2_8::DOM_NullPtr const*)
                0x0000000000033670                xercesc_2_8::DOM_Notation::getPublicId() const
                0x0000000000033690                xercesc_2_8::DOM_Notation::getSystemId() const
 *fill*         0x00000000000336a5        0xb 
 .text          0x00000000000336b0      0x214 LINUX/depdom/NodeVector.o
                0x00000000000336b0                xercesc_2_8::NodeVector::init(unsigned int)
                0x00000000000336e0                xercesc_2_8::NodeVector::NodeVector(xercesc_2_8::MemoryManager*)
                0x00000000000336e0                xercesc_2_8::NodeVector::NodeVector(xercesc_2_8::MemoryManager*)
                0x00000000000336f0                xercesc_2_8::NodeVector::NodeVector(unsigned int, xercesc_2_8::MemoryManager*)
                0x00000000000336f0                xercesc_2_8::NodeVector::NodeVector(unsigned int, xercesc_2_8::MemoryManager*)
                0x0000000000033700                xercesc_2_8::NodeVector::~NodeVector()
                0x0000000000033700                xercesc_2_8::NodeVector::~NodeVector()
                0x0000000000033720                xercesc_2_8::NodeVector::checkSpace()
                0x00000000000337b0                xercesc_2_8::NodeVector::addElement(xercesc_2_8::NodeImpl*)
                0x00000000000337e0                xercesc_2_8::NodeVector::elementAt(unsigned int)
                0x0000000000033800                xercesc_2_8::NodeVector::lastElement()
                0x0000000000033820                xercesc_2_8::NodeVector::insertElementAt(xercesc_2_8::NodeImpl*, unsigned int)
                0x0000000000033870                xercesc_2_8::NodeVector::removeElementAt(unsigned int)
                0x00000000000338a0                xercesc_2_8::NodeVector::reset()
                0x00000000000338b0                xercesc_2_8::NodeVector::setElementAt(xercesc_2_8::NodeImpl*, unsigned int)
                0x00000000000338c0                xercesc_2_8::NodeVector::size()
 *fill*         0x00000000000338c4        0xc 
 .text          0x00000000000338d0     0x1904 LINUX/depdom/DOMString.o
                0x0000000000033940                xercesc_2_8::getDomConverter()
                0x00000000000339d0                xercesc_2_8::DOMStringData::allocateBuffer(unsigned int)
                0x0000000000033a20                xercesc_2_8::DOMStringHandle::operator new(unsigned long)
                0x0000000000033b80                xercesc_2_8::DOMStringHandle::operator delete(void*)
                0x0000000000033cd0                xercesc_2_8::DOMStringHandle::createNewStringHandle(unsigned int)
                0x0000000000033d20                xercesc_2_8::DOMStringHandle::cloneStringHandle()
                0x0000000000033d60                xercesc_2_8::DOMString::DOMString()
                0x0000000000033d60                xercesc_2_8::DOMString::DOMString()
                0x0000000000033d70                xercesc_2_8::DOMString::DOMString(xercesc_2_8::DOMString const&)
                0x0000000000033d70                xercesc_2_8::DOMString::DOMString(xercesc_2_8::DOMString const&)
                0x0000000000033d90                xercesc_2_8::DOMString::DOMString(unsigned short const*)
                0x0000000000033d90                xercesc_2_8::DOMString::DOMString(unsigned short const*)
                0x0000000000033e30                xercesc_2_8::DOMString::DOMString(unsigned short const*, unsigned int)
                0x0000000000033e30                xercesc_2_8::DOMString::DOMString(unsigned short const*, unsigned int)
                0x0000000000033ea0                xercesc_2_8::DOMString::DOMString(char const*)
                0x0000000000033ea0                xercesc_2_8::DOMString::DOMString(char const*)
                0x0000000000034040                xercesc_2_8::DOMString::DOMString(int)
                0x0000000000034040                xercesc_2_8::DOMString::DOMString(int)
                0x0000000000034050                xercesc_2_8::DOMString::~DOMString()
                0x0000000000034050                xercesc_2_8::DOMString::~DOMString()
                0x00000000000340f0                xercesc_2_8::DOMString::operator=(xercesc_2_8::DOMString const&)
                0x00000000000341a0                xercesc_2_8::DOMString::operator=(xercesc_2_8::DOM_NullPtr*)
                0x0000000000034240                xercesc_2_8::DOMString::operator==(xercesc_2_8::DOMString const&) const
                0x0000000000034250                xercesc_2_8::DOMString::operator!=(xercesc_2_8::DOMString const&) const
                0x0000000000034260                xercesc_2_8::DOMString::operator==(xercesc_2_8::DOM_NullPtr const*) const
                0x0000000000034270                xercesc_2_8::DOMString::operator!=(xercesc_2_8::DOM_NullPtr const*) const
                0x0000000000034280                xercesc_2_8::DOMString::reserve(unsigned int)
                0x00000000000342a0                xercesc_2_8::DOMString::appendData(xercesc_2_8::DOMString const&)
                0x0000000000034450                xercesc_2_8::DOMString::appendData(unsigned short)
                0x0000000000034540                xercesc_2_8::DOMString::appendData(unsigned short const*)
                0x0000000000034590                xercesc_2_8::DOMString::operator+=(xercesc_2_8::DOMString const&)
                0x00000000000345a0                xercesc_2_8::DOMString::operator+=(unsigned short const*)
                0x00000000000345b0                xercesc_2_8::DOMString::operator+=(unsigned short)
                0x00000000000345d0                xercesc_2_8::DOMString::charAt(unsigned int) const
                0x0000000000034600                xercesc_2_8::DOMString::clone() const
                0x0000000000034640                xercesc_2_8::DOMString::equals(xercesc_2_8::DOMString const&) const
                0x00000000000346e0                xercesc_2_8::DOMString::equals(unsigned short const*) const
                0x0000000000034780                xercesc_2_8::DOMString::length() const
                0x00000000000347a0                xercesc_2_8::DOMString::deleteData(unsigned int, unsigned int)
                0x0000000000034960                xercesc_2_8::DOMString::insertData(unsigned int, xercesc_2_8::DOMString const&)
                0x0000000000034bc0                xercesc_2_8::DOMString::rawBuffer() const
                0x0000000000034bf0                xercesc_2_8::DOMString::transcode() const
                0x0000000000034ce0                xercesc_2_8::DOMString::transcode(xercesc_2_8::MemoryManager*) const
                0x0000000000034de0                xercesc_2_8::DOMString::print() const
                0x0000000000034e40                xercesc_2_8::DOMString::println() const
                0x0000000000034e70                xercesc_2_8::DOMString::transcode(char const*)
                0x0000000000034e80                xercesc_2_8::DOMString::compareString(xercesc_2_8::DOMString const&) const
                0x0000000000034f30                xercesc_2_8::DOMString::operator<(xercesc_2_8::DOMString const&) const
                0x0000000000034f50                xercesc_2_8::DOMString::substringData(unsigned int, unsigned int) const
                0x0000000000035090                xercesc_2_8::operator+(xercesc_2_8::DOMString const&, xercesc_2_8::DOMString const&)
                0x00000000000350d0                xercesc_2_8::operator+(xercesc_2_8::DOMString const&, unsigned short const*)
                0x0000000000035110                xercesc_2_8::operator+(unsigned short const*, xercesc_2_8::DOMString const&)
                0x0000000000035150                xercesc_2_8::operator+(xercesc_2_8::DOMString const&, unsigned short)
                0x0000000000035190                xercesc_2_8::operator+(unsigned short, xercesc_2_8::DOMString const&)
 *fill*         0x00000000000351d4        0xc 
 .text          0x00000000000351e0     0x1783 LINUX/depdom/ElementImpl.o
                0x00000000000351e0                xercesc_2_8::ElementImpl::getNodeType()
                0x00000000000351f0                xercesc_2_8::ElementImpl::getAttributeNode(xercesc_2_8::DOMString const&)
                0x0000000000035210                xercesc_2_8::ElementImpl::getAttributes()
                0x0000000000035220                xercesc_2_8::ElementImpl::isElementImpl()
                0x0000000000035230                xercesc_2_8::ElementImpl::getAttributeNodeNS(xercesc_2_8::DOMString const&, xercesc_2_8::DOMString const&)
                0x0000000000035250                xercesc_2_8::ElementImpl::hasAttributes()
                0x0000000000035270                xercesc_2_8::ElementImpl::hasAttribute(xercesc_2_8::DOMString const&)
                0x0000000000035290                xercesc_2_8::ElementImpl::hasAttributeNS(xercesc_2_8::DOMString const&, xercesc_2_8::DOMString const&)
                0x00000000000352b0                xercesc_2_8::ElementImpl::NNM_cloneMap(xercesc_2_8::NodeImpl*)
                0x00000000000352f0                xercesc_2_8::ElementImpl::NNM_findNamePoint(xercesc_2_8::DOMString const&)
                0x0000000000035340                xercesc_2_8::ElementImpl::NNM_getLength()
                0x0000000000035380                xercesc_2_8::ElementImpl::NNM_getNamedItem(xercesc_2_8::DOMString const&)
                0x00000000000353d0                xercesc_2_8::ElementImpl::NNM_item(unsigned int)
                0x0000000000035420                xercesc_2_8::ElementImpl::NNM_removeAll()
                0x0000000000035460                xercesc_2_8::ElementImpl::NNM_setReadOnly(bool, bool)
                0x00000000000354b0                xercesc_2_8::ElementImpl::NNM_findNamePoint(xercesc_2_8::DOMString const&, xercesc_2_8::DOMString const&)
                0x0000000000035500                xercesc_2_8::ElementImpl::NNM_getNamedItemNS(xercesc_2_8::DOMString const&, xercesc_2_8::DOMString const&)
                0x0000000000035550                xercesc_2_8::ElementImpl::NNM_setOwnerDocument(xercesc_2_8::DocumentImpl*)
                0x00000000000355a0                xercesc_2_8::ElementImpl::getDefaultAttributes()
                0x0000000000035670                xercesc_2_8::ElementImpl::reinitElementImpl()
                0x00000000000356a0                xercesc_2_8::ElementImpl::~ElementImpl()
                0x00000000000356a0                xercesc_2_8::ElementImpl::~ElementImpl()
                0x0000000000035730                xercesc_2_8::ElementImpl::~ElementImpl()
                0x0000000000035750                xercesc_2_8::ElementImpl::setOwnerDocument(xercesc_2_8::DocumentImpl*)
                0x0000000000035790                xercesc_2_8::ElementImpl::getNodeName()
                0x00000000000357b0                xercesc_2_8::ElementImpl::getTagName()
                0x00000000000357d0                xercesc_2_8::ElementImpl::getAttribute(xercesc_2_8::DOMString const&)
                0x0000000000035840                xercesc_2_8::ElementImpl::getElementsByTagName(xercesc_2_8::DOMString const&)
                0x00000000000358b0                xercesc_2_8::ElementImpl::getAttributeNS(xercesc_2_8::DOMString const&, xercesc_2_8::DOMString const&)
                0x0000000000035900                xercesc_2_8::ElementImpl::NNM_removeNamedItem(xercesc_2_8::DOMString const&)
                0x00000000000359b0                xercesc_2_8::ElementImpl::NNM_removeNamedItemNS(xercesc_2_8::DOMString const&, xercesc_2_8::DOMString const&)
                0x0000000000035a60                xercesc_2_8::ElementImpl::removeAttribute(xercesc_2_8::DOMString const&)
                0x0000000000035b60                xercesc_2_8::ElementImpl::removeAttributeNode(xercesc_2_8::AttrImpl*)
                0x0000000000035d00                xercesc_2_8::ElementImpl::removeAttributeNS(xercesc_2_8::DOMString const&, xercesc_2_8::DOMString const&)
                0x0000000000035e00                xercesc_2_8::ElementImpl::setAttribute(xercesc_2_8::DOMString const&, xercesc_2_8::DOMString const&)
                0x0000000000035f60                xercesc_2_8::ElementImpl::setAttributeNode(xercesc_2_8::AttrImpl*)
                0x0000000000036130                xercesc_2_8::ElementImpl::setAttributeNS(xercesc_2_8::DOMString const&, xercesc_2_8::DOMString const&, xercesc_2_8::DOMString const&)
                0x0000000000036290                xercesc_2_8::ElementImpl::setAttributeNodeNS(xercesc_2_8::AttrImpl*)
                0x00000000000364a0                xercesc_2_8::ElementImpl::setupDefaultAttributes()
                0x0000000000036560                xercesc_2_8::ElementImpl::setReadOnly(bool, bool)
                0x00000000000365b0                xercesc_2_8::ElementImpl::getElementsByTagNameNS(xercesc_2_8::DOMString const&, xercesc_2_8::DOMString const&)
                0x0000000000036620                xercesc_2_8::ElementImpl::NNM_setNamedItem(xercesc_2_8::NodeImpl*)
                0x00000000000366b0                xercesc_2_8::ElementImpl::NNM_setNamedItemNS(xercesc_2_8::NodeImpl*)
                0x0000000000036750                xercesc_2_8::ElementImpl::ElementImpl(xercesc_2_8::DocumentImpl*, xercesc_2_8::DOMString const&)
                0x0000000000036750                xercesc_2_8::ElementImpl::ElementImpl(xercesc_2_8::DocumentImpl*, xercesc_2_8::DOMString const&)
                0x0000000000036800                xercesc_2_8::ElementImpl::ElementImpl(xercesc_2_8::ElementImpl const&, bool)
                0x0000000000036800                xercesc_2_8::ElementImpl::ElementImpl(xercesc_2_8::ElementImpl const&, bool)
                0x0000000000036900                xercesc_2_8::ElementImpl::cloneNode(bool)
 *fill*         0x0000000000036963        0xd 
 .text          0x0000000000036970      0x1eb LINUX/depdom/DOM_DocumentType.o
                0x0000000000036970                xercesc_2_8::DOM_DocumentType::DOM_DocumentType()
                0x0000000000036970                xercesc_2_8::DOM_DocumentType::DOM_DocumentType()
                0x0000000000036980                xercesc_2_8::DOM_DocumentType::DOM_DocumentType(int)
                0x0000000000036980                xercesc_2_8::DOM_DocumentType::DOM_DocumentType(int)
                0x0000000000036990                xercesc_2_8::DOM_DocumentType::DOM_DocumentType(xercesc_2_8::DOM_DocumentType const&)
                0x0000000000036990                xercesc_2_8::DOM_DocumentType::DOM_DocumentType(xercesc_2_8::DOM_DocumentType const&)
                0x00000000000369a0                xercesc_2_8::DOM_DocumentType::DOM_DocumentType(xercesc_2_8::DocumentTypeImpl*)
                0x00000000000369a0                xercesc_2_8::DOM_DocumentType::DOM_DocumentType(xercesc_2_8::DocumentTypeImpl*)
                0x00000000000369b0                xercesc_2_8::DOM_DocumentType::~DOM_DocumentType()
                0x00000000000369b0                xercesc_2_8::DOM_DocumentType::~DOM_DocumentType()
                0x00000000000369c0                xercesc_2_8::DOM_DocumentType::operator=(xercesc_2_8::DOM_DocumentType const&)
                0x00000000000369d0                xercesc_2_8::DOM_DocumentType::operator=(xercesc_2_8::DOM_NullPtr const*)
                0x00000000000369e0                xercesc_2_8::DOM_DocumentType::getName() const
                0x0000000000036a30                xercesc_2_8::DOM_DocumentType::getEntities() const
                0x0000000000036a50                xercesc_2_8::DOM_DocumentType::getNotations() const
                0x0000000000036a70                xercesc_2_8::DOM_DocumentType::getPublicId() const
                0x0000000000036ac0                xercesc_2_8::DOM_DocumentType::getSystemId() const
                0x0000000000036b10                xercesc_2_8::DOM_DocumentType::getInternalSubset() const
 *fill*         0x0000000000036b5b        0x5 
 .text          0x0000000000036b60      0x2c8 LINUX/depdom/DOM_Range.o
                0x0000000000036b60                xercesc_2_8::DOM_Range::DOM_Range()
                0x0000000000036b60                xercesc_2_8::DOM_Range::DOM_Range()
                0x0000000000036b70                xercesc_2_8::DOM_Range::DOM_Range(xercesc_2_8::RangeImpl*)
                0x0000000000036b70                xercesc_2_8::DOM_Range::DOM_Range(xercesc_2_8::RangeImpl*)
                0x0000000000036b80                xercesc_2_8::DOM_Range::DOM_Range(xercesc_2_8::DOM_Range const&)
                0x0000000000036b80                xercesc_2_8::DOM_Range::DOM_Range(xercesc_2_8::DOM_Range const&)
                0x0000000000036b90                xercesc_2_8::DOM_Range::~DOM_Range()
                0x0000000000036b90                xercesc_2_8::DOM_Range::~DOM_Range()
                0x0000000000036bb0                xercesc_2_8::DOM_Range::operator=(xercesc_2_8::DOM_Range const&)
                0x0000000000036be0                xercesc_2_8::DOM_Range::operator=(xercesc_2_8::DOM_NullPtr const*)
                0x0000000000036c00                xercesc_2_8::DOM_Range::operator!=(xercesc_2_8::DOM_Range const&) const
                0x0000000000036c10                xercesc_2_8::DOM_Range::operator==(xercesc_2_8::DOM_Range const&) const
                0x0000000000036c20                xercesc_2_8::DOM_Range::operator!=(xercesc_2_8::DOM_NullPtr const*) const
                0x0000000000036c30                xercesc_2_8::DOM_Range::operator==(xercesc_2_8::DOM_NullPtr const*) const
                0x0000000000036c40                xercesc_2_8::DOM_Range::getStartContainer() const
                0x0000000000036c60                xercesc_2_8::DOM_Range::getStartOffset() const
                0x0000000000036c70                xercesc_2_8::DOM_Range::getEndContainer() const
                0x0000000000036c90                xercesc_2_8::DOM_Range::getEndOffset() const
                0x0000000000036ca0                xercesc_2_8::DOM_Range::getCommonAncestorContainer() const
                0x0000000000036cc0                xercesc_2_8::DOM_Range::setStart(xercesc_2_8::DOM_Node const&, unsigned int)
                0x0000000000036cd0                xercesc_2_8::DOM_Range::setEnd(xercesc_2_8::DOM_Node const&, unsigned int)
                0x0000000000036ce0                xercesc_2_8::DOM_Range::setStartBefore(xercesc_2_8::DOM_Node const&)
                0x0000000000036cf0                xercesc_2_8::DOM_Range::setStartAfter(xercesc_2_8::DOM_Node const&)
                0x0000000000036d00                xercesc_2_8::DOM_Range::setEndBefore(xercesc_2_8::DOM_Node const&)
                0x0000000000036d10                xercesc_2_8::DOM_Range::setEndAfter(xercesc_2_8::DOM_Node const&)
                0x0000000000036d20                xercesc_2_8::DOM_Range::collapse(bool)
                0x0000000000036d30                xercesc_2_8::DOM_Range::getCollapsed() const
                0x0000000000036d40                xercesc_2_8::DOM_Range::selectNode(xercesc_2_8::DOM_Node const&)
                0x0000000000036d50                xercesc_2_8::DOM_Range::selectNodeContents(xercesc_2_8::DOM_Node const&)
                0x0000000000036d60                xercesc_2_8::DOM_Range::compareBoundaryPoints(xercesc_2_8::DOM_Range::CompareHow, xercesc_2_8::DOM_Range const&) const
                0x0000000000036d70                xercesc_2_8::DOM_Range::deleteContents()
                0x0000000000036d80                xercesc_2_8::DOM_Range::extractContents()
                0x0000000000036da0                xercesc_2_8::DOM_Range::cloneContents() const
                0x0000000000036dc0                xercesc_2_8::DOM_Range::insertNode(xercesc_2_8::DOM_Node&)
                0x0000000000036dd0                xercesc_2_8::DOM_Range::surroundContents(xercesc_2_8::DOM_Node&)
                0x0000000000036de0                xercesc_2_8::DOM_Range::cloneRange() const
                0x0000000000036e00                xercesc_2_8::DOM_Range::toString() const
                0x0000000000036e20                xercesc_2_8::DOM_Range::detach()
 *fill*         0x0000000000036e28        0x8 
 .text          0x0000000000036e30       0xb5 LINUX/depdom/DOM_XMLDecl.o
                0x0000000000036e30                xercesc_2_8::DOM_XMLDecl::DOM_XMLDecl()
                0x0000000000036e30                xercesc_2_8::DOM_XMLDecl::DOM_XMLDecl()
                0x0000000000036e40                xercesc_2_8::DOM_XMLDecl::DOM_XMLDecl(xercesc_2_8::DOM_XMLDecl const&)
                0x0000000000036e40                xercesc_2_8::DOM_XMLDecl::DOM_XMLDecl(xercesc_2_8::DOM_XMLDecl const&)
                0x0000000000036e50                xercesc_2_8::DOM_XMLDecl::DOM_XMLDecl(xercesc_2_8::XMLDeclImpl*)
                0x0000000000036e50                xercesc_2_8::DOM_XMLDecl::DOM_XMLDecl(xercesc_2_8::XMLDeclImpl*)
                0x0000000000036e60                xercesc_2_8::DOM_XMLDecl::~DOM_XMLDecl()
                0x0000000000036e60                xercesc_2_8::DOM_XMLDecl::~DOM_XMLDecl()
                0x0000000000036e70                xercesc_2_8::DOM_XMLDecl::operator=(xercesc_2_8::DOM_XMLDecl const&)
                0x0000000000036e80                xercesc_2_8::DOM_XMLDecl::operator=(xercesc_2_8::DOM_NullPtr const*)
                0x0000000000036e90                xercesc_2_8::DOM_XMLDecl::getVersion() const
                0x0000000000036eb0                xercesc_2_8::DOM_XMLDecl::getEncoding() const
                0x0000000000036ed0                xercesc_2_8::DOM_XMLDecl::getStandalone() const
 *fill*         0x0000000000036ee5        0xb 
 .text          0x0000000000036ef0      0xa18 LINUX/depdom/DocumentTypeImpl.o
                0x0000000000036ef0                xercesc_2_8::DocumentTypeImpl::getNodeType()
                0x0000000000036f00                xercesc_2_8::DocumentTypeImpl::getEntities()
                0x0000000000036f10                xercesc_2_8::DocumentTypeImpl::getElements()
                0x0000000000036f20                xercesc_2_8::DocumentTypeImpl::getNotations()
                0x0000000000036f30                xercesc_2_8::DocumentTypeImpl::isDocumentTypeImpl()
                0x0000000000036f40                xercesc_2_8::DocumentTypeImpl::getNodeName()
                0x0000000000036f60                xercesc_2_8::DocumentTypeImpl::getName()
                0x0000000000036f80                xercesc_2_8::DocumentTypeImpl::getPublicId()
                0x0000000000036fa0                xercesc_2_8::DocumentTypeImpl::getSystemId()
                0x0000000000036fc0                xercesc_2_8::DocumentTypeImpl::getInternalSubset()
                0x0000000000036fe0                xercesc_2_8::DocumentTypeImpl::~DocumentTypeImpl()
                0x0000000000036fe0                xercesc_2_8::DocumentTypeImpl::~DocumentTypeImpl()
                0x00000000000370f0                xercesc_2_8::DocumentTypeImpl::~DocumentTypeImpl()
                0x0000000000037110                xercesc_2_8::DocumentTypeImpl::setOwnerDocument(xercesc_2_8::DocumentImpl*)
                0x0000000000037150                xercesc_2_8::DocumentTypeImpl::setReadOnly(bool, bool)
                0x00000000000371a0                xercesc_2_8::DocumentTypeImpl::setPublicId(xercesc_2_8::DOMString const&)
                0x0000000000037210                xercesc_2_8::DocumentTypeImpl::setSystemId(xercesc_2_8::DOMString const&)
                0x0000000000037280                xercesc_2_8::DocumentTypeImpl::setInternalSubset(xercesc_2_8::DOMString const&)
                0x00000000000372f0                xercesc_2_8::DocumentTypeImpl::DocumentTypeImpl(xercesc_2_8::DocumentImpl*, xercesc_2_8::DOMString const&)
                0x00000000000372f0                xercesc_2_8::DocumentTypeImpl::DocumentTypeImpl(xercesc_2_8::DocumentImpl*, xercesc_2_8::DOMString const&)
                0x00000000000374a0                xercesc_2_8::DocumentTypeImpl::DocumentTypeImpl(xercesc_2_8::DocumentImpl*, xercesc_2_8::DOMString const&, xercesc_2_8::DOMString const&, xercesc_2_8::DOMString const&)
                0x00000000000374a0                xercesc_2_8::DocumentTypeImpl::DocumentTypeImpl(xercesc_2_8::DocumentImpl*, xercesc_2_8::DOMString const&, xercesc_2_8::DOMString const&, xercesc_2_8::DOMString const&)
                0x00000000000376c0                xercesc_2_8::DocumentTypeImpl::DocumentTypeImpl(xercesc_2_8::DocumentTypeImpl const&, bool)
                0x00000000000376c0                xercesc_2_8::DocumentTypeImpl::DocumentTypeImpl(xercesc_2_8::DocumentTypeImpl const&, bool)
                0x00000000000378b0                xercesc_2_8::DocumentTypeImpl::cloneNode(bool)
                0x0000000000037900                xercesc_2_8::DocumentTypeImpl::isIntSubsetReading()
 *fill*         0x0000000000037908        0x8 
 .text          0x0000000000037910      0x263 LINUX/depdom/ElementDefinitionImpl.o
                0x0000000000037910                xercesc_2_8::ElementDefinitionImpl::getNodeType()
                0x0000000000037920                xercesc_2_8::ElementDefinitionImpl::getAttributes()
                0x0000000000037930                xercesc_2_8::ElementDefinitionImpl::~ElementDefinitionImpl()
                0x0000000000037930                xercesc_2_8::ElementDefinitionImpl::~ElementDefinitionImpl()
                0x0000000000037980                xercesc_2_8::ElementDefinitionImpl::~ElementDefinitionImpl()
                0x00000000000379a0                xercesc_2_8::ElementDefinitionImpl::getNodeName()
                0x00000000000379c0                xercesc_2_8::ElementDefinitionImpl::ElementDefinitionImpl(xercesc_2_8::DocumentImpl*, xercesc_2_8::DOMString const&)
                0x00000000000379c0                xercesc_2_8::ElementDefinitionImpl::ElementDefinitionImpl(xercesc_2_8::DocumentImpl*, xercesc_2_8::DOMString const&)
                0x0000000000037a60                xercesc_2_8::ElementDefinitionImpl::ElementDefinitionImpl(xercesc_2_8::ElementDefinitionImpl const&, bool)
                0x0000000000037a60                xercesc_2_8::ElementDefinitionImpl::ElementDefinitionImpl(xercesc_2_8::ElementDefinitionImpl const&, bool)
                0x0000000000037b10                xercesc_2_8::ElementDefinitionImpl::cloneNode(bool)
 *fill*         0x0000000000037b73        0xd 
 .text          0x0000000000037b80      0x600 LINUX/depdom/NodeIDMap.o
                0x0000000000037b80                xercesc_2_8::NodeIDMap::~NodeIDMap()
                0x0000000000037b80                xercesc_2_8::NodeIDMap::~NodeIDMap()
                0x0000000000037bb0                xercesc_2_8::NodeIDMap::~NodeIDMap()
                0x0000000000037bd0                xercesc_2_8::NodeIDMap::NodeIDMap(int, xercesc_2_8::MemoryManager*)
                0x0000000000037bd0                xercesc_2_8::NodeIDMap::NodeIDMap(int, xercesc_2_8::MemoryManager*)
                0x0000000000037d60                xercesc_2_8::NodeIDMap::remove(xercesc_2_8::AttrImpl*)
                0x0000000000037e30                xercesc_2_8::NodeIDMap::find(xercesc_2_8::DOMString const&)
                0x0000000000037f30                xercesc_2_8::NodeIDMap::growTable()
                0x00000000000380a0                xercesc_2_8::NodeIDMap::add(xercesc_2_8::AttrImpl*)
 .text._ZNK11xercesc_2_816RuntimeException7getTypeEv
                0x0000000000038180        0x8 LINUX/depdom/NodeIDMap.o
                0x0000000000038180                xercesc_2_8::RuntimeException::getType() const
 *fill*         0x0000000000038188        0x8 
 .text._ZN11xercesc_2_816RuntimeExceptionD2Ev
                0x0000000000038190       0x13 LINUX/depdom/NodeIDMap.o
                0x0000000000038190                xercesc_2_8::RuntimeException::~RuntimeException()
                0x0000000000038190                xercesc_2_8::RuntimeException::~RuntimeException()
 *fill*         0x00000000000381a3        0xd 
 .text._ZN11xercesc_2_816RuntimeExceptionD0Ev
                0x00000000000381b0       0x20 LINUX/depdom/NodeIDMap.o
                0x00000000000381b0                xercesc_2_8::RuntimeException::~RuntimeException()
 .text._ZNK11xercesc_2_816RuntimeException9duplicateEv
                0x00000000000381d0       0x50 LINUX/depdom/NodeIDMap.o
                0x00000000000381d0                xercesc_2_8::RuntimeException::duplicate() const
 .text._ZN11xercesc_2_816RuntimeExceptionC2EPKcjNS_10XMLExcepts5CodesEPNS_13MemoryManagerE
                0x0000000000038220       0x45 LINUX/depdom/NodeIDMap.o
                0x0000000000038220                xercesc_2_8::RuntimeException::RuntimeException(char const*, unsigned int, xercesc_2_8::XMLExcepts::Codes, xercesc_2_8::MemoryManager*)
                0x0000000000038220                xercesc_2_8::RuntimeException::RuntimeException(char const*, unsigned int, xercesc_2_8::XMLExcepts::Codes, xercesc_2_8::MemoryManager*)
 *fill*         0x0000000000038265        0xb 
 .text          0x0000000000038270       0x55 LINUX/depdom/DOM_Comment.o
                0x0000000000038270                xercesc_2_8::DOM_Comment::DOM_Comment()
                0x0000000000038270                xercesc_2_8::DOM_Comment::DOM_Comment()
                0x0000000000038280                xercesc_2_8::DOM_Comment::DOM_Comment(xercesc_2_8::DOM_Comment const&)
                0x0000000000038280                xercesc_2_8::DOM_Comment::DOM_Comment(xercesc_2_8::DOM_Comment const&)
                0x0000000000038290                xercesc_2_8::DOM_Comment::DOM_Comment(xercesc_2_8::CommentImpl*)
                0x0000000000038290                xercesc_2_8::DOM_Comment::DOM_Comment(xercesc_2_8::CommentImpl*)
                0x00000000000382a0                xercesc_2_8::DOM_Comment::~DOM_Comment()
                0x00000000000382a0                xercesc_2_8::DOM_Comment::~DOM_Comment()
                0x00000000000382b0                xercesc_2_8::DOM_Comment::operator=(xercesc_2_8::DOM_Comment const&)
                0x00000000000382c0                xercesc_2_8::DOM_Comment::operator=(xercesc_2_8::DOM_NullPtr const*)
 *fill*         0x00000000000382c5        0xb 
 .text          0x00000000000382d0      0x3fc LINUX/depdom/DOM_NamedNodeMap.o
                0x00000000000382d0                xercesc_2_8::DOM_NamedNodeMap::DOM_NamedNodeMap()
                0x00000000000382d0                xercesc_2_8::DOM_NamedNodeMap::DOM_NamedNodeMap()
                0x00000000000382f0                xercesc_2_8::DOM_NamedNodeMap::DOM_NamedNodeMap(xercesc_2_8::DOM_NamedNodeMap const&)
                0x00000000000382f0                xercesc_2_8::DOM_NamedNodeMap::DOM_NamedNodeMap(xercesc_2_8::DOM_NamedNodeMap const&)
                0x0000000000038320                xercesc_2_8::DOM_NamedNodeMap::DOM_NamedNodeMap(xercesc_2_8::NamedNodeMapImpl*)
                0x0000000000038320                xercesc_2_8::DOM_NamedNodeMap::DOM_NamedNodeMap(xercesc_2_8::NamedNodeMapImpl*)
                0x0000000000038350                xercesc_2_8::DOM_NamedNodeMap::DOM_NamedNodeMap(xercesc_2_8::NodeImpl*)
                0x0000000000038350                xercesc_2_8::DOM_NamedNodeMap::DOM_NamedNodeMap(xercesc_2_8::NodeImpl*)
                0x0000000000038370                xercesc_2_8::DOM_NamedNodeMap::~DOM_NamedNodeMap()
                0x0000000000038370                xercesc_2_8::DOM_NamedNodeMap::~DOM_NamedNodeMap()
                0x0000000000038390                xercesc_2_8::DOM_NamedNodeMap::operator==(xercesc_2_8::DOM_NamedNodeMap const&) const
                0x00000000000383a0                xercesc_2_8::DOM_NamedNodeMap::operator!=(xercesc_2_8::DOM_NamedNodeMap const&) const
                0x00000000000383b0                xercesc_2_8::DOM_NamedNodeMap::operator==(xercesc_2_8::DOM_NullPtr const*) const
                0x00000000000383c0                xercesc_2_8::DOM_NamedNodeMap::operator!=(xercesc_2_8::DOM_NullPtr const*) const
                0x00000000000383d0                xercesc_2_8::DOM_NamedNodeMap::operator=(xercesc_2_8::DOM_NamedNodeMap const&)
                0x0000000000038430                xercesc_2_8::DOM_NamedNodeMap::operator=(xercesc_2_8::DOM_NullPtr const*)
                0x0000000000038470                xercesc_2_8::DOM_NamedNodeMap::getNamedItem(xercesc_2_8::DOMString const&) const
                0x00000000000384c0                xercesc_2_8::DOM_NamedNodeMap::setNamedItem(xercesc_2_8::DOM_Node)
                0x0000000000038510                xercesc_2_8::DOM_NamedNodeMap::removeNamedItem(xercesc_2_8::DOMString const&)
                0x0000000000038560                xercesc_2_8::DOM_NamedNodeMap::item(unsigned int) const
                0x00000000000385b0                xercesc_2_8::DOM_NamedNodeMap::getLength() const
                0x00000000000385e0                xercesc_2_8::DOM_NamedNodeMap::getNamedItemNS(xercesc_2_8::DOMString const&, xercesc_2_8::DOMString const&)
                0x0000000000038630                xercesc_2_8::DOM_NamedNodeMap::setNamedItemNS(xercesc_2_8::DOM_Node)
                0x0000000000038680                xercesc_2_8::DOM_NamedNodeMap::removeNamedItemNS(xercesc_2_8::DOMString const&, xercesc_2_8::DOMString const&)
 *fill*         0x00000000000386cc        0x4 
 .text          0x00000000000386d0     0x3753 LINUX/depdom/DOMParser.o
                0x00000000000386d0                xercesc_2_8::DOMParser::resetErrors()
                0x00000000000386e0                non-virtual thunk to xercesc_2_8::DOMParser::resetErrors()
                0x00000000000386f0                xercesc_2_8::DOMParser::resolveEntity(unsigned short const*, unsigned short const*, unsigned short const*)
                0x0000000000038710                non-virtual thunk to xercesc_2_8::DOMParser::resolveEntity(unsigned short const*, unsigned short const*, unsigned short const*)
                0x0000000000038720                xercesc_2_8::DOMParser::endIntSubset()
                0x0000000000038730                non-virtual thunk to xercesc_2_8::DOMParser::endIntSubset()
                0x0000000000038740                xercesc_2_8::DOMParser::endExtSubset()
                0x0000000000038750                non-virtual thunk to xercesc_2_8::DOMParser::endExtSubset()
                0x0000000000038760                xercesc_2_8::DOMParser::resetDocType()
                0x0000000000038770                non-virtual thunk to xercesc_2_8::DOMParser::resetDocType()
                0x0000000000038780                xercesc_2_8::DOMParser::startAttList(xercesc_2_8::DTDElementDecl const&)
                0x0000000000038790                non-virtual thunk to xercesc_2_8::DOMParser::startAttList(xercesc_2_8::DTDElementDecl const&)
                0x00000000000387a0                xercesc_2_8::DOMParser::startIntSubset()
                0x00000000000387b0                non-virtual thunk to xercesc_2_8::DOMParser::startIntSubset()
                0x00000000000387c0                xercesc_2_8::DOMParser::startExtSubset()
                0x00000000000387d0                non-virtual thunk to xercesc_2_8::DOMParser::startExtSubset()
                0x00000000000387e0                xercesc_2_8::DOMParser::TextDecl(unsigned short const*, unsigned short const*)
                0x00000000000387f0                non-virtual thunk to xercesc_2_8::DOMParser::TextDecl(unsigned short const*, unsigned short const*)
                0x0000000000038800                xercesc_2_8::DOMParser::error(unsigned int, unsigned short const*, xercesc_2_8::XMLErrorReporter::ErrTypes, unsigned short const*, unsigned short const*, unsigned short const*, long, long)
                0x00000000000388f0                non-virtual thunk to xercesc_2_8::DOMParser::error(unsigned int, unsigned short const*, xercesc_2_8::XMLErrorReporter::ErrTypes, unsigned short const*, unsigned short const*, unsigned short const*, long, long)
                0x0000000000038900                xercesc_2_8::DOMParser::docCharacters(unsigned short const*, unsigned int, bool)
                0x0000000000038af0                xercesc_2_8::DOMParser::ignorableWhitespace(unsigned short const*, unsigned int, bool)
                0x0000000000038c50                xercesc_2_8::DOMParser::docComment(unsigned short const*)
                0x0000000000038d00                xercesc_2_8::DOMParser::docPI(unsigned short const*, unsigned short const*)
                0x0000000000038df0                xercesc_2_8::DOMParser::startDocument()
                0x0000000000038e30                xercesc_2_8::DOMParser::endDocument()
                0x0000000000038e40                xercesc_2_8::DOMParser::XMLDecl(unsigned short const*, unsigned short const*, unsigned short const*, unsigned short const*)
                0x0000000000038f50                xercesc_2_8::DOMParser::doctypeWhitespace(unsigned short const*, unsigned int)
                0x0000000000038f90                non-virtual thunk to xercesc_2_8::DOMParser::doctypeWhitespace(unsigned short const*, unsigned int)
                0x0000000000038fa0                xercesc_2_8::DOMParser::doctypeComment(unsigned short const*)
                0x0000000000039070                non-virtual thunk to xercesc_2_8::DOMParser::doctypeComment(unsigned short const*)
                0x0000000000039080                xercesc_2_8::DOMParser::doctypePI(unsigned short const*, unsigned short const*)
                0x0000000000039150                non-virtual thunk to xercesc_2_8::DOMParser::doctypePI(unsigned short const*, unsigned short const*)
                0x0000000000039160                xercesc_2_8::DOMParser::elementDecl(xercesc_2_8::DTDElementDecl const&, bool)
                0x0000000000039250                non-virtual thunk to xercesc_2_8::DOMParser::elementDecl(xercesc_2_8::DTDElementDecl const&, bool)
                0x0000000000039260                xercesc_2_8::DOMParser::doctypeDecl(xercesc_2_8::DTDElementDecl const&, unsigned short const*, unsigned short const*, bool, bool)
                0x0000000000039390                non-virtual thunk to xercesc_2_8::DOMParser::doctypeDecl(xercesc_2_8::DTDElementDecl const&, unsigned short const*, unsigned short const*, bool, bool)
                0x00000000000393a0                xercesc_2_8::DOMParser::notationDecl(xercesc_2_8::XMLNotationDecl const&, bool)
                0x00000000000394a0                non-virtual thunk to xercesc_2_8::DOMParser::notationDecl(xercesc_2_8::XMLNotationDecl const&, bool)
                0x00000000000394b0                xercesc_2_8::DOMParser::entityDecl(xercesc_2_8::DTDEntityDecl const&, bool, bool)
                0x00000000000398e0                non-virtual thunk to xercesc_2_8::DOMParser::entityDecl(xercesc_2_8::DTDEntityDecl const&, bool, bool)
                0x00000000000398f0                xercesc_2_8::DOMParser::attDef(xercesc_2_8::DTDElementDecl const&, xercesc_2_8::DTDAttDef const&, bool)
                0x0000000000039cf0                non-virtual thunk to xercesc_2_8::DOMParser::attDef(xercesc_2_8::DTDElementDecl const&, xercesc_2_8::DTDAttDef const&, bool)
                0x0000000000039d00                xercesc_2_8::DOMParser::resolveEntity(xercesc_2_8::XMLResourceIdentifier*)
                0x0000000000039d40                non-virtual thunk to xercesc_2_8::DOMParser::resolveEntity(xercesc_2_8::XMLResourceIdentifier*)
                0x0000000000039d50                xercesc_2_8::DOMParser::endAttList(xercesc_2_8::DTDElementDecl const&)
                0x000000000003a300                non-virtual thunk to xercesc_2_8::DOMParser::endAttList(xercesc_2_8::DTDElementDecl const&)
                0x000000000003a310                xercesc_2_8::DOMParser::cleanUp()
                0x000000000003a3d0                xercesc_2_8::DOMParser::~DOMParser()
                0x000000000003a3d0                xercesc_2_8::DOMParser::~DOMParser()
                0x000000000003a4e0                non-virtual thunk to xercesc_2_8::DOMParser::~DOMParser()
                0x000000000003a4f0                non-virtual thunk to xercesc_2_8::DOMParser::~DOMParser()
                0x000000000003a500                non-virtual thunk to xercesc_2_8::DOMParser::~DOMParser()
                0x000000000003a510                xercesc_2_8::DOMParser::~DOMParser()
                0x000000000003a530                non-virtual thunk to xercesc_2_8::DOMParser::~DOMParser()
                0x000000000003a540                non-virtual thunk to xercesc_2_8::DOMParser::~DOMParser()
                0x000000000003a550                non-virtual thunk to xercesc_2_8::DOMParser::~DOMParser()
                0x000000000003a560                xercesc_2_8::DOMParser::reset()
                0x000000000003a5e0                xercesc_2_8::DOMParser::initialize()
                0x000000000003a700                xercesc_2_8::DOMParser::DOMParser(xercesc_2_8::XMLValidator*, xercesc_2_8::MemoryManager*, xercesc_2_8::XMLGrammarPool*)
                0x000000000003a700                xercesc_2_8::DOMParser::DOMParser(xercesc_2_8::XMLValidator*, xercesc_2_8::MemoryManager*, xercesc_2_8::XMLGrammarPool*)
                0x000000000003a8b0                xercesc_2_8::DOMParser::resetDocument()
                0x000000000003a8c0                xercesc_2_8::DOMParser::getValidator() const
                0x000000000003a8d0                xercesc_2_8::DOMParser::getDoNamespaces() const
                0x000000000003a8e0                xercesc_2_8::DOMParser::getExitOnFirstFatalError() const
                0x000000000003a8f0                xercesc_2_8::DOMParser::getValidationConstraintFatal() const
                0x000000000003a900                xercesc_2_8::DOMParser::getValidationScheme() const
                0x000000000003a930                xercesc_2_8::DOMParser::getDoSchema() const
                0x000000000003a940                xercesc_2_8::DOMParser::getValidationSchemaFullChecking() const
                0x000000000003a950                xercesc_2_8::DOMParser::getIdentityConstraintChecking() const
                0x000000000003a960                xercesc_2_8::DOMParser::getErrorCount() const
                0x000000000003a970                xercesc_2_8::DOMParser::getExternalSchemaLocation() const
                0x000000000003a980                xercesc_2_8::DOMParser::getExternalNoNamespaceSchemaLocation() const
                0x000000000003a990                xercesc_2_8::DOMParser::isCachingGrammarFromParse() const
                0x000000000003a9a0                xercesc_2_8::DOMParser::isUsingCachedGrammarInParse() const
                0x000000000003a9b0                xercesc_2_8::DOMParser::getGrammar(unsigned short const*)
                0x000000000003a9c0                xercesc_2_8::DOMParser::getRootGrammar()
                0x000000000003a9d0                xercesc_2_8::DOMParser::getURIText(unsigned int) const
                0x000000000003a9e0                xercesc_2_8::DOMParser::getCalculateSrcOfs() const
                0x000000000003a9f0                xercesc_2_8::DOMParser::getStandardUriConformant() const
                0x000000000003aa00                xercesc_2_8::DOMParser::getSrcOffset() const
                0x000000000003aa20                xercesc_2_8::DOMParser::setDoNamespaces(bool)
                0x000000000003aa30                xercesc_2_8::DOMParser::setErrorHandler(xercesc_2_8::ErrorHandler*)
                0x000000000003aa80                xercesc_2_8::DOMParser::setPSVIHandler(xercesc_2_8::PSVIHandler*)
                0x000000000003aab0                xercesc_2_8::DOMParser::setEntityResolver(xercesc_2_8::EntityResolver*)
                0x000000000003ab00                xercesc_2_8::DOMParser::setXMLEntityResolver(xercesc_2_8::XMLEntityResolver*)
                0x000000000003ab50                xercesc_2_8::DOMParser::setExitOnFirstFatalError(bool)
                0x000000000003ab60                xercesc_2_8::DOMParser::setValidationConstraintFatal(bool)
                0x000000000003ab70                xercesc_2_8::DOMParser::setValidationScheme(xercesc_2_8::DOMParser::ValSchemes)
                0x000000000003abb0                xercesc_2_8::DOMParser::setDoSchema(bool)
                0x000000000003abc0                xercesc_2_8::DOMParser::setValidationSchemaFullChecking(bool)
                0x000000000003abd0                xercesc_2_8::DOMParser::setIdentityConstraintChecking(bool)
                0x000000000003abe0                xercesc_2_8::DOMParser::setExternalSchemaLocation(unsigned short const*)
                0x000000000003ac70                xercesc_2_8::DOMParser::setExternalNoNamespaceSchemaLocation(unsigned short const*)
                0x000000000003ad00                xercesc_2_8::DOMParser::setExternalSchemaLocation(char const*)
                0x000000000003ad40                xercesc_2_8::DOMParser::setExternalNoNamespaceSchemaLocation(char const*)
                0x000000000003ad80                xercesc_2_8::DOMParser::cacheGrammarFromParse(bool)
                0x000000000003ada0                xercesc_2_8::DOMParser::useCachedGrammarInParse(bool)
                0x000000000003adc0                xercesc_2_8::DOMParser::setCalculateSrcOfs(bool)
                0x000000000003add0                xercesc_2_8::DOMParser::setStandardUriConformant(bool)
                0x000000000003ade0                xercesc_2_8::DOMParser::useScanner(unsigned short const*)
                0x000000000003ae40                xercesc_2_8::DOMParser::parse(xercesc_2_8::InputSource const&)
                0x000000000003af00                xercesc_2_8::DOMParser::parse(unsigned short const*)
                0x000000000003afc0                xercesc_2_8::DOMParser::parse(char const*)
                0x000000000003b080                xercesc_2_8::DOMParser::parseFirst(unsigned short const*, xercesc_2_8::XMLPScanToken&)
                0x000000000003b100                xercesc_2_8::DOMParser::parseFirst(char const*, xercesc_2_8::XMLPScanToken&)
                0x000000000003b180                xercesc_2_8::DOMParser::parseFirst(xercesc_2_8::InputSource const&, xercesc_2_8::XMLPScanToken&)
                0x000000000003b200                xercesc_2_8::DOMParser::parseNext(xercesc_2_8::XMLPScanToken&)
                0x000000000003b210                xercesc_2_8::DOMParser::parseReset(xercesc_2_8::XMLPScanToken&)
                0x000000000003b230                xercesc_2_8::DOMParser::getDoValidation() const
                0x000000000003b240                xercesc_2_8::DOMParser::setDoValidation(bool)
                0x000000000003b270                xercesc_2_8::DOMParser::loadGrammar(char const*, short, bool)
                0x000000000003b340                xercesc_2_8::DOMParser::loadGrammar(unsigned short const*, short, bool)
                0x000000000003b410                xercesc_2_8::DOMParser::loadGrammar(xercesc_2_8::InputSource const&, short, bool)
                0x000000000003b4e0                xercesc_2_8::DOMParser::resetCachedGrammarPool()
                0x000000000003b4f0                xercesc_2_8::DOMParser::endEntityReference(xercesc_2_8::XMLEntityDecl const&)
                0x000000000003b600                xercesc_2_8::DOMParser::endElement(xercesc_2_8::XMLElementDecl const&, unsigned int, bool, unsigned short const*)
                0x000000000003b670                xercesc_2_8::DOMParser::startElement(xercesc_2_8::XMLElementDecl const&, unsigned int, unsigned short const*, xercesc_2_8::RefVectorOf<xercesc_2_8::XMLAttr> const&, unsigned int, bool, bool)
                0x000000000003bd40                xercesc_2_8::DOMParser::startEntityReference(xercesc_2_8::XMLEntityDecl const&)
 *fill*         0x000000000003be23        0xd 
 .text._ZN11xercesc_2_816XMLErrorReporterD2Ev
                0x000000000003be30        0xf LINUX/depdom/DOMParser.o
                0x000000000003be30                xercesc_2_8::XMLErrorReporter::~XMLErrorReporter()
                0x000000000003be30                xercesc_2_8::XMLErrorReporter::~XMLErrorReporter()
 *fill*         0x000000000003be3f        0x1 
 .text._ZN11xercesc_2_813XSerializableD2Ev
                0x000000000003be40        0xf LINUX/depdom/DOMParser.o
                0x000000000003be40                xercesc_2_8::XSerializable::~XSerializable()
                0x000000000003be40                xercesc_2_8::XSerializable::~XSerializable()
 *fill*         0x000000000003be4f        0x1 
 .text._ZN11xercesc_2_810XMLRefInfoD2Ev
                0x000000000003be50       0x46 LINUX/depdom/DOMParser.o
                0x000000000003be50                xercesc_2_8::XMLRefInfo::~XMLRefInfo()
                0x000000000003be50                xercesc_2_8::XMLRefInfo::~XMLRefInfo()
 *fill*         0x000000000003be96        0xa 
 .text._ZNK11xercesc_2_819EmptyStackException7getTypeEv
                0x000000000003bea0        0x8 LINUX/depdom/DOMParser.o
                0x000000000003bea0                xercesc_2_8::EmptyStackException::getType() const
 *fill*         0x000000000003bea8        0x8 
 .text._ZNK11xercesc_2_813DTDEntityDecl22getDeclaredInIntSubsetEv
                0x000000000003beb0        0x5 LINUX/depdom/DOMParser.o
                0x000000000003beb0                xercesc_2_8::DTDEntityDecl::getDeclaredInIntSubset() const
 *fill*         0x000000000003beb5        0xb 
 .text._ZNK11xercesc_2_813DTDEntityDecl14getIsParameterEv
                0x000000000003bec0        0x5 LINUX/depdom/DOMParser.o
                0x000000000003bec0                xercesc_2_8::DTDEntityDecl::getIsParameter() const
 *fill*         0x000000000003bec5        0xb 
 .text._ZNK11xercesc_2_813DTDEntityDecl16getIsSpecialCharEv
                0x000000000003bed0        0x5 LINUX/depdom/DOMParser.o
                0x000000000003bed0                xercesc_2_8::DTDEntityDecl::getIsSpecialChar() const
 *fill*         0x000000000003bed5        0xb 
 .text._ZN11xercesc_2_813XMLAttDefListD2Ev
                0x000000000003bee0        0xf LINUX/depdom/DOMParser.o
                0x000000000003bee0                xercesc_2_8::XMLAttDefList::~XMLAttDefList()
                0x000000000003bee0                xercesc_2_8::XMLAttDefList::~XMLAttDefList()
 *fill*         0x000000000003beef        0x1 
 .text._ZNK11xercesc_2_811IOException7getTypeEv
                0x000000000003bef0        0x8 LINUX/depdom/DOMParser.o
                0x000000000003bef0                xercesc_2_8::IOException::getType() const
 *fill*         0x000000000003bef8        0x8 
 .text._ZN11xercesc_2_818XMLDocumentHandlerD2Ev
                0x000000000003bf00        0xf LINUX/depdom/DOMParser.o
                0x000000000003bf00                xercesc_2_8::XMLDocumentHandler::~XMLDocumentHandler()
                0x000000000003bf00                xercesc_2_8::XMLDocumentHandler::~XMLDocumentHandler()
 *fill*         0x000000000003bf0f        0x1 
 .text._ZN11xercesc_2_818XMLDocumentHandler15elementTypeInfoEPKtS2_
                0x000000000003bf10        0x2 LINUX/depdom/DOMParser.o
                0x000000000003bf10                xercesc_2_8::XMLDocumentHandler::elementTypeInfo(unsigned short const*, unsigned short const*)
 *fill*         0x000000000003bf12        0xe 
 .text._ZN11xercesc_2_816XMLEntityHandlerD2Ev
                0x000000000003bf20        0xf LINUX/depdom/DOMParser.o
                0x000000000003bf20                xercesc_2_8::XMLEntityHandler::~XMLEntityHandler()
                0x000000000003bf20                xercesc_2_8::XMLEntityHandler::~XMLEntityHandler()
 *fill*         0x000000000003bf2f        0x1 
 .text._ZN11xercesc_2_814DocTypeHandlerD2Ev
                0x000000000003bf30        0xf LINUX/depdom/DOMParser.o
                0x000000000003bf30                xercesc_2_8::DocTypeHandler::~DocTypeHandler()
                0x000000000003bf30                xercesc_2_8::DocTypeHandler::~DocTypeHandler()
 *fill*         0x000000000003bf3f        0x1 
 .text._ZN11xercesc_2_89DOMParser14endInputSourceERKNS_11InputSourceE
                0x000000000003bf40       0x16 LINUX/depdom/DOMParser.o
                0x000000000003bf40                xercesc_2_8::DOMParser::endInputSource(xercesc_2_8::InputSource const&)
                0x000000000003bf50                non-virtual thunk to xercesc_2_8::DOMParser::endInputSource(xercesc_2_8::InputSource const&)
 *fill*         0x000000000003bf56        0xa 
 .text._ZN11xercesc_2_89DOMParser14expandSystemIdEPKtRNS_9XMLBufferE
                0x000000000003bf60       0x16 LINUX/depdom/DOMParser.o
                0x000000000003bf60                xercesc_2_8::DOMParser::expandSystemId(unsigned short const*, xercesc_2_8::XMLBuffer&)
                0x000000000003bf70                non-virtual thunk to xercesc_2_8::DOMParser::expandSystemId(unsigned short const*, xercesc_2_8::XMLBuffer&)
 *fill*         0x000000000003bf76        0xa 
 .text._ZN11xercesc_2_89DOMParser13resetEntitiesEv
                0x000000000003bf80       0x16 LINUX/depdom/DOMParser.o
                0x000000000003bf80                xercesc_2_8::DOMParser::resetEntities()
                0x000000000003bf90                non-virtual thunk to xercesc_2_8::DOMParser::resetEntities()
 *fill*         0x000000000003bf96        0xa 
 .text._ZN11xercesc_2_89DOMParser16startInputSourceERKNS_11InputSourceE
                0x000000000003bfa0       0x16 LINUX/depdom/DOMParser.o
                0x000000000003bfa0                xercesc_2_8::DOMParser::startInputSource(xercesc_2_8::InputSource const&)
                0x000000000003bfb0                non-virtual thunk to xercesc_2_8::DOMParser::startInputSource(xercesc_2_8::InputSource const&)
 *fill*         0x000000000003bfb6        0xa 
 .text._ZN11xercesc_2_815ContentSpecNodeD2Ev
                0x000000000003bfc0       0x71 LINUX/depdom/DOMParser.o
                0x000000000003bfc0                xercesc_2_8::ContentSpecNode::~ContentSpecNode()
                0x000000000003bfc0                xercesc_2_8::ContentSpecNode::~ContentSpecNode()
 *fill*         0x000000000003c031        0xf 
 .text._ZN11xercesc_2_816XMLErrorReporterD0Ev
                0x000000000003c040       0x13 LINUX/depdom/DOMParser.o
                0x000000000003c040                xercesc_2_8::XMLErrorReporter::~XMLErrorReporter()
 *fill*         0x000000000003c053        0xd 
 .text._ZN11xercesc_2_813XSerializableD0Ev
                0x000000000003c060       0x13 LINUX/depdom/DOMParser.o
                0x000000000003c060                xercesc_2_8::XSerializable::~XSerializable()
 *fill*         0x000000000003c073        0xd 
 .text._ZN11xercesc_2_818XMLDocumentHandlerD0Ev
                0x000000000003c080       0x13 LINUX/depdom/DOMParser.o
                0x000000000003c080                xercesc_2_8::XMLDocumentHandler::~XMLDocumentHandler()
 *fill*         0x000000000003c093        0xd 
 .text._ZN11xercesc_2_816XMLEntityHandlerD0Ev
                0x000000000003c0a0       0x13 LINUX/depdom/DOMParser.o
                0x000000000003c0a0                xercesc_2_8::XMLEntityHandler::~XMLEntityHandler()
 *fill*         0x000000000003c0b3        0xd 
 .text._ZN11xercesc_2_814DocTypeHandlerD0Ev
                0x000000000003c0c0       0x13 LINUX/depdom/DOMParser.o
                0x000000000003c0c0                xercesc_2_8::DocTypeHandler::~DocTypeHandler()
 *fill*         0x000000000003c0d3        0xd 
 .text._ZN11xercesc_2_819EmptyStackExceptionD2Ev
                0x000000000003c0e0       0x13 LINUX/depdom/DOMParser.o